<html>
<body>
<pre>
<h1>µVision Build Log</h1>
<h2>Tool Versions:</h2>
IDE-Version: ¦ÌVision V5.25.2.0
Copyright (C) 2018 ARM Ltd and ARM Germany GmbH. All rights reserved.
License Information: devin li, hone, LIC=7YKQD-8BYXG-QHP8A-1JZRQ-25WIJ-WDT6C
 
Tool Versions:
Toolchain:       MDK-ARM Professional  Version: 5.25.2.0
Toolchain Path:  C:\Keil_v5\ARM\ARMCC\Bin
C Compiler:      Armcc.exe V5.06 update 6 (build 750)
Assembler:       Armasm.exe V5.06 update 6 (build 750)
Linker/Locator:  ArmLink.exe V5.06 update 6 (build 750)
Library Manager: ArmAr.exe V5.06 update 6 (build 750)
Hex Converter:   FromElf.exe V5.06 update 6 (build 750)
CPU DLL:         
Dialog DLL:      
Target DLL:      Segger\JL2CM3.dll V2.99.29.0
Dialog DLL:      TCM.DLL V1.35.1.0
 
<h2>Project:</h2>
E:\Myprojects\RGB_Light\nRF5SDK160098a08e2\examples\ble_peripheral\ble_app_uart\pca10040e\s112\arm5_no_packs\ble_app_uart_pca10040e_s112.uvprojx
Project File Date:  03/21/2020

<h2>Output:</h2>
*** Using Compiler 'V5.06 update 6 (build 750)', folder: 'C:\Keil_v5\ARM\ARMCC\Bin'
Build target 'nrf52810_xxaa'
compiling main.c...
linking...
Program Size: Code=26424 RO-data=3668 RW-data=360 ZI-data=11840  
FromELF: creating hex file...
".\_build\nrf52810_xxaa.axf" - 0 Error(s), 0 Warning(s).

<h2>Software Packages used:</h2>

Package Vendor: ARM
                http://www.keil.com/pack/ARM.CMSIS.4.5.0.pack
                ARM.CMSIS.4.5.0
                CMSIS (Cortex Microcontroller Software Interface Standard)
   * Component: CORE Version: 4.3.0

Package Vendor: NordicSemiconductor
                http://developer.nordicsemi.com/nRF5_SDK/pieces/nRF_DeviceFamilyPack/NordicSemiconductor.nRF_DeviceFamilyPack.8.24.1.pack
                NordicSemiconductor.nRF_DeviceFamilyPack.8.24.1
                Nordic Semiconductor nRF ARM devices Device Family Pack.
   * Component: Startup Version: 8.24.1
   * Component: StartupConfig Version: 8.24.1

<h2>Collection of Component include folders:</h2>
  .\RTE\Device\nRF52810_xxAA
  .\RTE\_nrf52810_xxaa
  C:\Keil_v5\ARM\PACK\ARM\CMSIS\4.5.0\CMSIS\Include
  C:\Keil_v5\ARM\PACK\NordicSemiconductor\nRF_DeviceFamilyPack\8.24.1\Device\Include

<h2>Collection of Component Files used:</h2>

   * Component: ARM::CMSIS:CORE:4.3.0

   * Component: NordicSemiconductor::Device:Startup:8.24.1
      Source file:   Device\Source\system_nrf52810.c
      Source file:   Device\Source\arm\arm_startup_nrf52810.s
      Include file:  Device\Include\system_nrf52810.h

   * Component: NordicSemiconductor::Device:StartupConfig:8.24.1
      Include file:  Device\Source\startup_config.h
Build Time Elapsed:  00:00:03
</pre>
</body>
</html>
