Component: ARM Compiler 5.06 update 6 (build 750) Tool: armlink [4d35ed]

==============================================================================

Section Cross References

    main.o(i.advertising_init) refers to memseta.o(.text) for __aeabi_memclr4
    main.o(i.advertising_init) refers to ble_advertising.o(i.ble_advertising_init) for ble_advertising_init
    main.o(i.advertising_init) refers to app_error.o(i.app_error_handler_bare) for app_error_handler_bare
    main.o(i.advertising_init) refers to ble_advertising.o(i.ble_advertising_conn_cfg_tag_set) for ble_advertising_conn_cfg_tag_set
    main.o(i.advertising_init) refers to main.o(.data) for .data
    main.o(i.advertising_init) refers to main.o(i.on_adv_evt) for on_adv_evt
    main.o(i.advertising_init) refers to main.o(.bss) for .bss
    main.o(i.assert_nrf_callback) refers to app_error_handler_keil.o(.emb_text) for app_error_handler
    main.o(i.ble_evt_handler) refers to nrf_log_frontend.o(i.nrf_log_frontend_std_0) for nrf_log_frontend_std_0
    main.o(i.ble_evt_handler) refers to bsp.o(i.bsp_indication_set) for bsp_indication_set
    main.o(i.ble_evt_handler) refers to app_error.o(i.app_error_handler_bare) for app_error_handler_bare
    main.o(i.ble_evt_handler) refers to nrf_ble_qwr.o(i.nrf_ble_qwr_conn_handle_assign) for nrf_ble_qwr_conn_handle_assign
    main.o(i.ble_evt_handler) refers to nrf_log_frontend.o(log_const_data) for m_nrf_log_app_logs_data_const
    main.o(i.ble_evt_handler) refers to main.o(.data) for .data
    main.o(i.ble_evt_handler) refers to main.o(.bss) for .bss
    main.o(i.bsp_event_handler) refers to main.o(i.sleep_mode_enter) for sleep_mode_enter
    main.o(i.bsp_event_handler) refers to app_error.o(i.app_error_handler_bare) for app_error_handler_bare
    main.o(i.bsp_event_handler) refers to ble_advertising.o(i.ble_advertising_restart_without_whitelist) for ble_advertising_restart_without_whitelist
    main.o(i.bsp_event_handler) refers to main.o(.data) for .data
    main.o(i.bsp_event_handler) refers to main.o(.bss) for .bss
    main.o(i.conn_params_error_handler) refers to app_error.o(i.app_error_handler_bare) for app_error_handler_bare
    main.o(i.gatt_evt_handler) refers to nrf_log_frontend.o(i.nrf_log_frontend_std_2) for nrf_log_frontend_std_2
    main.o(i.gatt_evt_handler) refers to main.o(.data) for .data
    main.o(i.gatt_evt_handler) refers to nrf_log_frontend.o(log_const_data) for m_nrf_log_app_logs_data_const
    main.o(i.gatt_init) refers to nrf_ble_gatt.o(i.nrf_ble_gatt_init) for nrf_ble_gatt_init
    main.o(i.gatt_init) refers to app_error.o(i.app_error_handler_bare) for app_error_handler_bare
    main.o(i.gatt_init) refers to nrf_ble_gatt.o(i.nrf_ble_gatt_att_mtu_periph_set) for nrf_ble_gatt_att_mtu_periph_set
    main.o(i.gatt_init) refers to main.o(i.gatt_evt_handler) for gatt_evt_handler
    main.o(i.gatt_init) refers to main.o(.bss) for .bss
    main.o(i.led_blinking_handler) refers to drv_ws2812.o(i.drv_ws2812_pixel_draw) for drv_ws2812_pixel_draw
    main.o(i.led_blinking_handler) refers to drv_ws2812.o(i.drv_ws2812_display) for drv_ws2812_display
    main.o(i.led_blinking_handler) refers to main.o(.data) for .data
    main.o(i.main) refers to printf2.o(i.__0sprintf$2) for __2sprintf
    main.o(i.main) refers to memcpya.o(.text) for __aeabi_memcpy4
    main.o(i.main) refers to app_uart_fifo.o(i.app_uart_init) for app_uart_init
    main.o(i.main) refers to app_error.o(i.app_error_handler_bare) for app_error_handler_bare
    main.o(i.main) refers to nrf_log_frontend.o(i.nrf_log_init) for nrf_log_init
    main.o(i.main) refers to nrf_log_default_backends.o(i.nrf_log_default_backends_init) for nrf_log_default_backends_init
    main.o(i.main) refers to app_timer2.o(i.app_timer_init) for app_timer_init
    main.o(i.main) refers to app_timer2.o(i.app_timer_create) for app_timer_create
    main.o(i.main) refers to bsp.o(i.bsp_init) for bsp_init
    main.o(i.main) refers to bsp_btn_ble.o(i.bsp_btn_ble_init) for bsp_btn_ble_init
    main.o(i.main) refers to nrf_pwr_mgmt.o(i.nrf_pwr_mgmt_init) for nrf_pwr_mgmt_init
    main.o(i.main) refers to nrf_sdh.o(i.nrf_sdh_enable_request) for nrf_sdh_enable_request
    main.o(i.main) refers to nrf_sdh_ble.o(i.nrf_sdh_ble_default_cfg_set) for nrf_sdh_ble_default_cfg_set
    main.o(i.main) refers to nrf_sdh_ble.o(i.nrf_sdh_ble_enable) for nrf_sdh_ble_enable
    main.o(i.main) refers to main.o(i.gatt_init) for gatt_init
    main.o(i.main) refers to nrf_ble_qwr.o(i.nrf_ble_qwr_init) for nrf_ble_qwr_init
    main.o(i.main) refers to ble_nus.o(i.ble_nus_init) for ble_nus_init
    main.o(i.main) refers to main.o(i.advertising_init) for advertising_init
    main.o(i.main) refers to memseta.o(.text) for __aeabi_memclr4
    main.o(i.main) refers to ble_conn_params.o(i.ble_conn_params_init) for ble_conn_params_init
    main.o(i.main) refers to nrf_log_frontend.o(i.nrf_log_frontend_std_0) for nrf_log_frontend_std_0
[...]
    __asm___12_nrf_atomic_c_85ca2469__nrf_atomic_internal_sub 0x0001935d   Thumb Code    26  nrf_atomic.o(.emb_text)
    __asm___12_nrf_atomic_c_85ca2469__nrf_atomic_internal_cmp_exch 0x00019377   Thumb Code    42  nrf_atomic.o(.emb_text)
    __asm___12_nrf_atomic_c_85ca2469__nrf_atomic_internal_sub_hs 0x000193a1   Thumb Code    30  nrf_atomic.o(.emb_text)
    Reset_Handler                            0x000193c1   Thumb Code     8  arm_startup_nrf52810.o(.text)
    NMI_Handler                              0x000193c9   Thumb Code     2  arm_startup_nrf52810.o(.text)
    HardFault_Handler                        0x000193cb   Thumb Code     2  arm_startup_nrf52810.o(.text)
    MemoryManagement_Handler                 0x000193cd   Thumb Code     2  arm_startup_nrf52810.o(.text)
    BusFault_Handler                         0x000193cf   Thumb Code     2  arm_startup_nrf52810.o(.text)
    UsageFault_Handler                       0x000193d1   Thumb Code     2  arm_startup_nrf52810.o(.text)
    SVC_Handler                              0x000193d3   Thumb Code     2  arm_startup_nrf52810.o(.text)
    DebugMon_Handler                         0x000193d5   Thumb Code     2  arm_startup_nrf52810.o(.text)
    PendSV_Handler                           0x000193d7   Thumb Code     2  arm_startup_nrf52810.o(.text)
    SysTick_Handler                          0x000193d9   Thumb Code     2  arm_startup_nrf52810.o(.text)
    CCM_AAR_IRQHandler                       0x000193db   Thumb Code     0  arm_startup_nrf52810.o(.text)
    COMP_IRQHandler                          0x000193db   Thumb Code     0  arm_startup_nrf52810.o(.text)
    ECB_IRQHandler                           0x000193db   Thumb Code     0  arm_startup_nrf52810.o(.text)
    PDM_IRQHandler                           0x000193db   Thumb Code     0  arm_startup_nrf52810.o(.text)
    QDEC_IRQHandler                          0x000193db   Thumb Code     0  arm_startup_nrf52810.o(.text)
    RADIO_IRQHandler                         0x000193db   Thumb Code     0  arm_startup_nrf52810.o(.text)
    RNG_IRQHandler                           0x000193db   Thumb Code     0  arm_startup_nrf52810.o(.text)
    RTC0_IRQHandler                          0x000193db   Thumb Code     0  arm_startup_nrf52810.o(.text)
    SAADC_IRQHandler                         0x000193db   Thumb Code     0  arm_startup_nrf52810.o(.text)
    SPIM0_SPIS0_SPI0_IRQHandler              0x000193db   Thumb Code     0  arm_startup_nrf52810.o(.text)
    SWI0_EGU0_IRQHandler                     0x000193db   Thumb Code     0  arm_startup_nrf52810.o(.text)
    SWI1_EGU1_IRQHandler                     0x000193db   Thumb Code     0  arm_startup_nrf52810.o(.text)
    SWI3_IRQHandler                          0x000193db   Thumb Code     0  arm_startup_nrf52810.o(.text)
    SWI4_IRQHandler                          0x000193db   Thumb Code     0  arm_startup_nrf52810.o(.text)
    SWI5_IRQHandler                          0x000193db   Thumb Code     0  arm_startup_nrf52810.o(.text)
    TEMP_IRQHandler                          0x000193db   Thumb Code     0  arm_startup_nrf52810.o(.text)
    TIMER0_IRQHandler                        0x000193db   Thumb Code     0  arm_startup_nrf52810.o(.text)
    TIMER1_IRQHandler                        0x000193db   Thumb Code     0  arm_startup_nrf52810.o(.text)
    TIMER2_IRQHandler                        0x000193db   Thumb Code     0  arm_startup_nrf52810.o(.text)
    TWIM0_TWIS0_TWI0_IRQHandler              0x000193db   Thumb Code     0  arm_startup_nrf52810.o(.text)
    WDT_IRQHandler                           0x000193db   Thumb Code     0  arm_startup_nrf52810.o(.text)
    __aeabi_uldivmod                         0x000193e5   Thumb Code    98  uldiv.o(.text)
    __aeabi_llsl                             0x00019447   Thumb Code    30  llshl.o(.text)
    _ll_shift_l                              0x00019447   Thumb Code     0  llshl.o(.text)
    __rt_ctype_table                         0x00019465   Thumb Code     4  ctype_o.o(.text)
    __aeabi_memcpy                           0x0001946d   Thumb Code    36  memcpya.o(.text)
    __aeabi_memcpy4                          0x0001946d   Thumb Code     0  memcpya.o(.text)
    __aeabi_memcpy8                          0x0001946d   Thumb Code     0  memcpya.o(.text)
    __aeabi_memset                           0x00019491   Thumb Code    14  memseta.o(.text)
    __aeabi_memset4                          0x00019491   Thumb Code     0  memseta.o(.text)
    __aeabi_memset8                          0x00019491   Thumb Code     0  memseta.o(.text)
    __aeabi_memclr                           0x0001949f   Thumb Code     4  memseta.o(.text)
    __aeabi_memclr4                          0x0001949f   Thumb Code     0  memseta.o(.text)
    __aeabi_memclr8                          0x0001949f   Thumb Code     0  memseta.o(.text)
    _memset$wrapper                          0x000194a3   Thumb Code    18  memseta.o(.text)
    strlen                                   0x000194b5   Thumb Code    14  strlen.o(.text)
    strcpy                                   0x000194c3   Thumb Code    18  strcpy.o(.text)
    __aeabi_llsr                             0x000194d5   Thumb Code    32  llushr.o(.text)
    _ll_ushift_r                             0x000194d5   Thumb Code     0  llushr.o(.text)
    __scatterload                            0x000194f5   Thumb Code    28  init.o(.text)
    __scatterload_rt2                        0x000194f5   Thumb Code     0  init.o(.text)
    __decompress                             0x00019519   Thumb Code     0  __dczerorl2.o(.text)
    __decompress1                            0x00019519   Thumb Code    86  __dczerorl2.o(.text)
    GPIOTE_IRQHandler                        0x00019571   Thumb Code   346  nrfx_gpiote.o(i.GPIOTE_IRQHandler)
    POWER_CLOCK_IRQHandler                   0x000196d5   Thumb Code    82  nrfx_clock.o(i.POWER_CLOCK_IRQHandler)
    PWM0_IRQHandler                          0x0001972d   Thumb Code     8  nrfx_pwm.o(i.PWM0_IRQHandler)
    RTC1_IRQHandler                          0x0001973d   Thumb Code    12  drv_rtc.o(i.RTC1_IRQHandler)
    SEGGER_RTT_Init                          0x0001974d   Thumb Code     4  segger_rtt.o(i.SEGGER_RTT_Init)
    SEGGER_RTT_WriteNoLock                   0x00019751   Thumb Code    86  segger_rtt.o(i.SEGGER_RTT_WriteNoLock)
    SWI2_IRQHandler                          0x000197ad   Thumb Code     4  nrf_sdh.o(i.SWI2_IRQHandler)
    SystemInit                               0x000197b1   Thumb Code   664  system_nrf52810.o(i.SystemInit)
    UARTE0_UART0_IRQHandler                  0x00019a91   Thumb Code     6  nrfx_prs.o(i.UARTE0_UART0_IRQHandler)
    __0sprintf$2                             0x00019bb9   Thumb Code    34  printf2.o(i.__0sprintf$2)
    __1sprintf$2                             0x00019bb9   Thumb Code     0  printf2.o(i.__0sprintf$2)
    __2sprintf                               0x00019bb9   Thumb Code     0  printf2.o(i.__0sprintf$2)
    __scatterload_copy                       0x00019be1   Thumb Code    14  handlers.o(i.__scatterload_copy)
    __scatterload_null                       0x00019bef   Thumb Code     2  handlers.o(i.__scatterload_null)
    __scatterload_zeroinit                   0x00019bf1   Thumb Code    14  handlers.o(i.__scatterload_zeroinit)
    app_button_enable                        0x00019db1   Thumb Code    32  app_button.o(i.app_button_enable)
    app_button_init                          0x00019dd5   Thumb Code   106  app_button.o(i.app_button_init)
    app_error_fault_handler                  0x00019e55   Thumb Code    86  app_error_weak.o(i.app_error_fault_handler)
    app_error_handler_bare                   0x00019ed9   Thumb Code    22  app_error.o(i.app_error_handler_bare)
    app_fifo_get                             0x00019eef   Thumb Code    22  app_fifo.o(i.app_fifo_get)
    app_fifo_init                            0x00019f05   Thumb Code    32  app_fifo.o(i.app_fifo_init)
    app_fifo_put                             0x00019f25   Thumb Code    26  app_fifo.o(i.app_fifo_put)
    app_timer_cnt_get                        0x00019f41   Thumb Code     6  app_timer2.o(i.app_timer_cnt_get)
    app_timer_create                         0x00019f4d   Thumb Code    22  app_timer2.o(i.app_timer_create)
    app_timer_init                           0x00019f65   Thumb Code    70  app_timer2.o(i.app_timer_init)
    app_timer_start                          0x00019fc1   Thumb Code    48  app_timer2.o(i.app_timer_start)
    app_timer_stop                           0x00019ff1   Thumb Code    12  app_timer2.o(i.app_timer_stop)
    app_uart_get                             0x00019ffd   Thumb Code    42  app_uart_fifo.o(i.app_uart_get)
    app_uart_init                            0x0001a031   Thumb Code   148  app_uart_fifo.o(i.app_uart_init)
    app_uart_put                             0x0001a0d5   Thumb Code    70  app_uart_fifo.o(i.app_uart_put)
    app_util_critical_region_enter           0x0001a129   Thumb Code    64  app_util_platform.o(i.app_util_critical_region_enter)
    app_util_critical_region_exit            0x0001a171   Thumb Code    46  app_util_platform.o(i.app_util_critical_region_exit)
    blcm_link_ctx_get                        0x0001a2b5   Thumb Code    72  ble_link_ctx_manager.o(i.blcm_link_ctx_get)
    ble_advdata_encode                       0x0001a2fd   Thumb Code   386  ble_advdata.o(i.ble_advdata_encode)
    ble_advdata_parse                        0x0001a47f   Thumb Code    32  ble_advdata.o(i.ble_advdata_parse)
    ble_advdata_search                       0x0001a49f   Thumb Code    64  ble_advdata.o(i.ble_advdata_search)
    ble_advertising_conn_cfg_tag_set         0x0001a4df   Thumb Code     6  ble_advertising.o(i.ble_advertising_conn_cfg_tag_set)
    ble_advertising_init                     0x0001a4e5   Thumb Code   248  ble_advertising.o(i.ble_advertising_init)
    ble_advertising_on_ble_evt               0x0001a5dd   Thumb Code   106  ble_advertising.o(i.ble_advertising_on_ble_evt)
    ble_advertising_restart_without_whitelist 0x0001a647   Thumb Code    58  ble_advertising.o(i.ble_advertising_restart_without_whitelist)
    ble_advertising_start                    0x0001a681   Thumb Code   514  ble_advertising.o(i.ble_advertising_start)
    ble_conn_params_init                     0x0001a885   Thumb Code    90  ble_conn_params.o(i.ble_conn_params_init)
    ble_conn_state_conn_idx                  0x0001a8ed   Thumb Code    18  ble_conn_state.o(i.ble_conn_state_conn_idx)
    ble_conn_state_valid                     0x0001a901   Thumb Code    16  ble_conn_state.o(i.ble_conn_state_valid)
    ble_nus_data_send                        0x0001acfd   Thumb Code   102  ble_nus.o(i.ble_nus_data_send)
    ble_nus_init                             0x0001ad65   Thumb Code   206  ble_nus.o(i.ble_nus_init)
    ble_nus_on_ble_evt                       0x0001ae39   Thumb Code   112  ble_nus.o(i.ble_nus_on_ble_evt)
    ble_srv_is_notification_enabled          0x0001aea9   Thumb Code     8  ble_srv_common.o(i.ble_srv_is_notification_enabled)
    bsp_board_button_idx_to_pin              0x0001aeb1   Thumb Code     6  boards.o(i.bsp_board_button_idx_to_pin)
    bsp_board_button_state_get               0x0001aebd   Thumb Code    28  boards.o(i.bsp_board_button_state_get)
    bsp_board_init                           0x0001aedd   Thumb Code    80  boards.o(i.bsp_board_init)
    bsp_board_led_invert                     0x0001af31   Thumb Code    32  boards.o(i.bsp_board_led_invert)
    bsp_board_led_off                        0x0001af55   Thumb Code    10  boards.o(i.bsp_board_led_off)
    bsp_board_led_on                         0x0001af65   Thumb Code    10  boards.o(i.bsp_board_led_on)
    bsp_board_led_state_get                  0x0001af75   Thumb Code    28  boards.o(i.bsp_board_led_state_get)
    bsp_board_leds_off                       0x0001af95   Thumb Code    18  boards.o(i.bsp_board_leds_off)
    bsp_board_leds_on                        0x0001afa7   Thumb Code    18  boards.o(i.bsp_board_leds_on)
    bsp_board_pin_to_button_idx              0x0001afb9   Thumb Code    30  boards.o(i.bsp_board_pin_to_button_idx)
    bsp_btn_ble_init                         0x0001afdd   Thumb Code    52  bsp_btn_ble.o(i.bsp_btn_ble_init)
    bsp_btn_ble_sleep_mode_prepare           0x0001b015   Thumb Code    30  bsp_btn_ble.o(i.bsp_btn_ble_sleep_mode_prepare)
    bsp_button_is_pressed                    0x0001b0c5   Thumb Code    12  bsp.o(i.bsp_button_is_pressed)
    bsp_event_handler                        0x0001b0d1   Thumb Code    66  main.o(i.bsp_event_handler)
    bsp_event_to_button_action_assign        0x0001b11d   Thumb Code    64  bsp.o(i.bsp_event_to_button_action_assign)
    bsp_indication_set                       0x0001b161   Thumb Code    20  bsp.o(i.bsp_indication_set)
    bsp_init                                 0x0001b179   Thumb Code   128  bsp.o(i.bsp_init)
    bsp_wakeup_button_enable                 0x0001b3d5   Thumb Code     6  bsp.o(i.bsp_wakeup_button_enable)
    buffer_is_empty                          0x0001b49d   Thumb Code    16  nrf_log_frontend.o(i.buffer_is_empty)
    characteristic_add                       0x0001b555   Thumb Code   400  ble_srv_common.o(i.characteristic_add)
    conn_handle_list_get                     0x0001b7a7   Thumb Code    62  ble_conn_state.o(i.conn_handle_list_get)
    drv_rtc_compare_disable                  0x0001b915   Thumb Code    20  drv_rtc.o(i.drv_rtc_compare_disable)
    drv_rtc_compare_pending                  0x0001b929   Thumb Code    14  drv_rtc.o(i.drv_rtc_compare_pending)
    drv_rtc_compare_set                      0x0001b937   Thumb Code    80  drv_rtc.o(i.drv_rtc_compare_set)
    drv_rtc_counter_get                      0x0001b987   Thumb Code     8  drv_rtc.o(i.drv_rtc_counter_get)
    drv_rtc_init                             0x0001b991   Thumb Code   144  drv_rtc.o(i.drv_rtc_init)
    drv_rtc_irq_trigger                      0x0001ba65   Thumb Code    26  drv_rtc.o(i.drv_rtc_irq_trigger)
    drv_rtc_overflow_enable                  0x0001ba7f   Thumb Code     8  drv_rtc.o(i.drv_rtc_overflow_enable)
    drv_rtc_overflow_pending                 0x0001ba87   Thumb Code     8  drv_rtc.o(i.drv_rtc_overflow_pending)
    drv_rtc_start                            0x0001ba8f   Thumb Code     8  drv_rtc.o(i.drv_rtc_start)
    drv_rtc_stop                             0x0001ba97   Thumb Code     8  drv_rtc.o(i.drv_rtc_stop)
    drv_rtc_windowed_compare_set             0x0001ba9f   Thumb Code   222  drv_rtc.o(i.drv_rtc_windowed_compare_set)
    drv_ws2812_display                       0x0001bb7d   Thumb Code   100  drv_ws2812.o(i.drv_ws2812_display)
    drv_ws2812_init                          0x0001bbe9   Thumb Code    72  drv_ws2812.o(i.drv_ws2812_init)
    drv_ws2812_pixel_draw                    0x0001bc41   Thumb Code    42  drv_ws2812.o(i.drv_ws2812_pixel_draw)
    evt_handle                               0x0001bd69   Thumb Code   216  app_button.o(i.evt_handle)
    gatt_evt_handler                         0x0001beb5   Thumb Code    74  main.o(i.gatt_evt_handler)
    gatt_init                                0x0001bf65   Thumb Code    38  main.o(i.gatt_init)
    main                                     0x0001c381   Thumb Code   446  main.o(i.main)
    nrf_atfifo_init                          0x0001c783   Thumb Code    38  nrf_atfifo.o(i.nrf_atfifo_init)
    nrf_atfifo_item_alloc                    0x0001c7a9   Thumb Code    22  nrf_atfifo.o(i.nrf_atfifo_item_alloc)
    nrf_atfifo_item_free                     0x0001c7bf   Thumb Code    22  nrf_atfifo.o(i.nrf_atfifo_item_free)
    nrf_atfifo_item_get                      0x0001c7d5   Thumb Code    22  nrf_atfifo.o(i.nrf_atfifo_item_get)
    nrf_atfifo_item_put                      0x0001c7eb   Thumb Code    22  nrf_atfifo.o(i.nrf_atfifo_item_put)
    nrf_atflags_clear                        0x0001c801   Thumb Code    22  nrf_atflags.o(i.nrf_atflags_clear)
    nrf_atflags_get                          0x0001c817   Thumb Code    22  nrf_atflags.o(i.nrf_atflags_get)
    nrf_atflags_set                          0x0001c82d   Thumb Code    20  nrf_atflags.o(i.nrf_atflags_set)
    nrf_atomic_flag_clear_fetch              0x0001c841   Thumb Code     6  nrf_atomic.o(i.nrf_atomic_flag_clear_fetch)
    nrf_atomic_flag_set                      0x0001c847   Thumb Code     6  nrf_atomic.o(i.nrf_atomic_flag_set)
    nrf_atomic_u32_add                       0x0001c84d   Thumb Code    12  nrf_atomic.o(i.nrf_atomic_u32_add)
    nrf_atomic_u32_and                       0x0001c859   Thumb Code    12  nrf_atomic.o(i.nrf_atomic_u32_and)
    nrf_atomic_u32_fetch_and                 0x0001c865   Thumb Code    10  nrf_atomic.o(i.nrf_atomic_u32_fetch_and)
    nrf_atomic_u32_fetch_store               0x0001c86f   Thumb Code    10  nrf_atomic.o(i.nrf_atomic_u32_fetch_store)
    nrf_atomic_u32_or                        0x0001c879   Thumb Code    12  nrf_atomic.o(i.nrf_atomic_u32_or)
    nrf_atomic_u32_sub                       0x0001c885   Thumb Code    12  nrf_atomic.o(i.nrf_atomic_u32_sub)
    nrf_balloc_alloc                         0x0001c891   Thumb Code    68  nrf_balloc.o(i.nrf_balloc_alloc)
    nrf_balloc_free                          0x0001c8d5   Thumb Code    48  nrf_balloc.o(i.nrf_balloc_free)
    nrf_balloc_init                          0x0001c905   Thumb Code    48  nrf_balloc.o(i.nrf_balloc_init)
    nrf_ble_gatt_att_mtu_periph_set          0x0001c959   Thumb Code    24  nrf_ble_gatt.o(i.nrf_ble_gatt_att_mtu_periph_set)
    nrf_ble_gatt_init                        0x0001c971   Thumb Code    34  nrf_ble_gatt.o(i.nrf_ble_gatt_init)
    nrf_ble_gatt_on_ble_evt                  0x0001c995   Thumb Code   146  nrf_ble_gatt.o(i.nrf_ble_gatt_on_ble_evt)
    nrf_ble_qwr_conn_handle_assign           0x0001ca69   Thumb Code    22  nrf_ble_qwr.o(i.nrf_ble_qwr_conn_handle_assign)
    nrf_ble_qwr_init                         0x0001ca7f   Thumb Code    36  nrf_ble_qwr.o(i.nrf_ble_qwr_init)
    nrf_ble_qwr_on_ble_evt                   0x0001caa3   Thumb Code   182  nrf_ble_qwr.o(i.nrf_ble_qwr_on_ble_evt)
    nrf_drv_clock_init                       0x0001cb79   Thumb Code    48  nrf_drv_clock.o(i.nrf_drv_clock_init)
    nrf_drv_clock_lfclk_release              0x0001cbb1   Thumb Code    42  nrf_drv_clock.o(i.nrf_drv_clock_lfclk_release)
    nrf_drv_uart_init                        0x0001cbe1   Thumb Code    90  nrf_drv_uart.o(i.nrf_drv_uart_init)
    nrf_fprintf                              0x0001cc89   Thumb Code    26  nrf_fprintf.o(i.nrf_fprintf)
    nrf_fprintf_buffer_flush                 0x0001cca3   Thumb Code    24  nrf_fprintf.o(i.nrf_fprintf_buffer_flush)
    nrf_fprintf_fmt                          0x0001ccbb   Thumb Code   474  nrf_fprintf_format.o(i.nrf_fprintf_fmt)
    nrf_log_backend_add                      0x0001cff5   Thumb Code    86  nrf_log_frontend.o(i.nrf_log_backend_add)
    nrf_log_backend_rtt_init                 0x0001d053   Thumb Code     4  nrf_log_backend_rtt.o(i.nrf_log_backend_rtt_init)
    nrf_log_backend_serial_put               0x0001d071   Thumb Code   200  nrf_log_backend_serial.o(i.nrf_log_backend_serial_put)
    nrf_log_color_id_get                     0x0001d139   Thumb Code    42  nrf_log_frontend.o(i.nrf_log_color_id_get)
    nrf_log_default_backends_init            0x0001d169   Thumb Code    24  nrf_log_default_backends.o(i.nrf_log_default_backends_init)
    nrf_log_frontend_dequeue                 0x0001d185   Thumb Code   528  nrf_log_frontend.o(i.nrf_log_frontend_dequeue)
    nrf_log_frontend_hexdump                 0x0001d3b9   Thumb Code   164  nrf_log_frontend.o(i.nrf_log_frontend_hexdump)
    nrf_log_frontend_std_0                   0x0001d461   Thumb Code     8  nrf_log_frontend.o(i.nrf_log_frontend_std_0)
    nrf_log_frontend_std_1                   0x0001d469   Thumb Code    14  nrf_log_frontend.o(i.nrf_log_frontend_std_1)
    nrf_log_frontend_std_2                   0x0001d477   Thumb Code    16  nrf_log_frontend.o(i.nrf_log_frontend_std_2)
    nrf_log_frontend_std_3                   0x0001d487   Thumb Code    18  nrf_log_frontend.o(i.nrf_log_frontend_std_3)
    nrf_log_hexdump_entry_process            0x0001d499   Thumb Code   150  nrf_log_str_formatter.o(i.nrf_log_hexdump_entry_process)
    nrf_log_init                             0x0001d549   Thumb Code    46  nrf_log_frontend.o(i.nrf_log_init)
    nrf_log_module_cnt_get                   0x0001d585   Thumb Code    10  nrf_log_frontend.o(i.nrf_log_module_cnt_get)
    nrf_log_module_name_get                  0x0001d599   Thumb Code    24  nrf_log_frontend.o(i.nrf_log_module_name_get)
    nrf_log_panic                            0x0001d5b5   Thumb Code    38  nrf_log_frontend.o(i.nrf_log_panic)
    nrf_log_std_entry_process                0x0001d5e1   Thumb Code   182  nrf_log_str_formatter.o(i.nrf_log_std_entry_process)
    nrf_memobj_alloc                         0x0001d697   Thumb Code    96  nrf_memobj.o(i.nrf_memobj_alloc)
    nrf_memobj_free                          0x0001d6f7   Thumb Code    50  nrf_memobj.o(i.nrf_memobj_free)
    nrf_memobj_get                           0x0001d729   Thumb Code     8  nrf_memobj.o(i.nrf_memobj_get)
    nrf_memobj_pool_init                     0x0001d731   Thumb Code     4  nrf_memobj.o(i.nrf_memobj_pool_init)
    nrf_memobj_put                           0x0001d735   Thumb Code    30  nrf_memobj.o(i.nrf_memobj_put)
    nrf_memobj_read                          0x0001d753   Thumb Code    16  nrf_memobj.o(i.nrf_memobj_read)
    nrf_memobj_write                         0x0001d763   Thumb Code    16  nrf_memobj.o(i.nrf_memobj_write)
    nrf_pwr_mgmt_init                        0x0001d7a9   Thumb Code    28  nrf_pwr_mgmt.o(i.nrf_pwr_mgmt_init)
    nrf_pwr_mgmt_run                         0x0001d7d1   Thumb Code    20  nrf_pwr_mgmt.o(i.nrf_pwr_mgmt_run)
    nrf_ringbuf_init                         0x0001d7e9   Thumb Code    28  nrf_ringbuf.o(i.nrf_ringbuf_init)
    nrf_sdh_ble_app_ram_start_get            0x0001d811   Thumb Code    16  nrf_sdh_ble.o(i.nrf_sdh_ble_app_ram_start_get)
    nrf_sdh_ble_default_cfg_set              0x0001d825   Thumb Code   264  nrf_sdh_ble.o(i.nrf_sdh_ble_default_cfg_set)
    nrf_sdh_ble_enable                       0x0001d94d   Thumb Code   116  nrf_sdh_ble.o(i.nrf_sdh_ble_enable)
    nrf_sdh_enable_request                   0x0001dadd   Thumb Code   102  nrf_sdh.o(i.nrf_sdh_enable_request)
    nrf_sdh_evts_poll                        0x0001db51   Thumb Code    32  nrf_sdh.o(i.nrf_sdh_evts_poll)
    nrf_sdh_is_enabled                       0x0001db75   Thumb Code     6  nrf_sdh.o(i.nrf_sdh_is_enabled)
    nrf_section_iter_init                    0x0001dbbd   Thumb Code    10  nrf_section_iter.o(i.nrf_section_iter_init)
    nrf_section_iter_next                    0x0001dbeb   Thumb Code    32  nrf_section_iter.o(i.nrf_section_iter_next)
    nrf_sortlist_add                         0x0001dc0b   Thumb Code    34  nrf_sortlist.o(i.nrf_sortlist_add)
    nrf_sortlist_peek                        0x0001dc2d   Thumb Code     6  nrf_sortlist.o(i.nrf_sortlist_peek)
    nrf_sortlist_pop                         0x0001dc33   Thumb Code    14  nrf_sortlist.o(i.nrf_sortlist_pop)
    nrf_sortlist_remove                      0x0001dc41   Thumb Code    30  nrf_sortlist.o(i.nrf_sortlist_remove)
    nrf_strerror_find                        0x0001dc61   Thumb Code    52  nrf_strerror.o(i.nrf_strerror_find)
    nrf_strerror_get                         0x0001dc99   Thumb Code    14  nrf_strerror.o(i.nrf_strerror_get)
    nrfx_clock_enable                        0x0001dce5   Thumb Code    34  nrfx_clock.o(i.nrfx_clock_enable)
    nrfx_clock_init                          0x0001dd11   Thumb Code    26  nrfx_clock.o(i.nrfx_clock_init)
    nrfx_clock_lfclk_stop                    0x0001dd31   Thumb Code    20  nrfx_clock.o(i.nrfx_clock_lfclk_stop)
    nrfx_gpiote_in_event_enable              0x0001dd5d   Thumb Code   156  nrfx_gpiote.o(i.nrfx_gpiote_in_event_enable)
    nrfx_gpiote_in_init                      0x0001de01   Thumb Code   194  nrfx_gpiote.o(i.nrfx_gpiote_in_init)
    nrfx_gpiote_in_is_set                    0x0001ded1   Thumb Code    20  nrfx_gpiote.o(i.nrfx_gpiote_in_is_set)
    nrfx_gpiote_init                         0x0001dee5   Thumb Code    94  nrfx_gpiote.o(i.nrfx_gpiote_init)
    nrfx_gpiote_is_init                      0x0001df51   Thumb Code    14  nrfx_gpiote.o(i.nrfx_gpiote_is_init)
    nrfx_prs_acquire                         0x0001df75   Thumb Code    58  nrfx_prs.o(i.nrfx_prs_acquire)
    nrfx_pwm_init                            0x0001dfb1   Thumb Code   206  nrfx_pwm.o(i.nrfx_pwm_init)
    nrfx_pwm_simple_playback                 0x0001e085   Thumb Code   106  nrfx_pwm.o(i.nrfx_pwm_simple_playback)
    nrfx_uart_0_irq_handler                  0x0001e0f5   Thumb Code     8  nrfx_uart.o(i.nrfx_uart_0_irq_handler)
    nrfx_uart_init                           0x0001e105   Thumb Code   196  nrfx_uart.o(i.nrfx_uart_init)
    nrfx_uart_rx                             0x0001e1d5   Thumb Code   230  nrfx_uart.o(i.nrfx_uart_rx)
    nrfx_uart_tx                             0x0001e2c1   Thumb Code   162  nrfx_uart.o(i.nrfx_uart_tx)
    nrfx_uart_tx_in_progress                 0x0001e369   Thumb Code    26  nrfx_uart.o(i.nrfx_uart_tx_in_progress)
    nrfx_uarte_0_irq_handler                 0x0001e389   Thumb Code     8  nrfx_uarte.o(i.nrfx_uarte_0_irq_handler)
    nrfx_uarte_init                          0x0001e399   Thumb Code   100  nrfx_uarte.o(i.nrfx_uarte_init)
    nrfx_uarte_rx                            0x0001e405   Thumb Code   256  nrfx_uarte.o(i.nrfx_uarte_rx)
    nrfx_uarte_tx                            0x0001e509   Thumb Code   166  nrfx_uarte.o(i.nrfx_uarte_tx)
    nrfx_uarte_tx_in_progress                0x0001e5b5   Thumb Code    22  nrfx_uarte.o(i.nrfx_uarte_tx_in_progress)
    pwm_handler                              0x0001ec05   Thumb Code    12  drv_ws2812.o(i.pwm_handler)
    uart_event_handle                        0x0001f2ad   Thumb Code   144  main.o(i.uart_event_handle)
    g_revision_date                          0x0001f93c   Data          12  main.o(.constdata)
    g_revision_time                          0x0001f948   Data          16  main.o(.constdata)
    nrf_log_backend_rtt_api                  0x0001fb98   Data          12  nrf_log_backend_rtt.o(.constdata)
    m_ram_start                              0x0001fc3c   Data           4  nrf_sdh_ble.o(.constdata)
    __ctype_table                            0x0001fc68   Data         129  ctype_o.o(.constdata)
    Region$$Table$$Base                      0x0002045c   Number         0  anon$$obj.o(Region$$Table)
    Region$$Table$$Limit                     0x0002047c   Number         0  anon$$obj.o(Region$$Table)
    log_const_data$$Base                     0x0002048c   Number         0  nrf_ble_gatt.o(log_const_data)
    m_nrf_log_nrf_ble_gatt_logs_data_const   0x0002048c   Data           8  nrf_ble_gatt.o(log_const_data)
    m_nrf_log_ble_nus_logs_data_const        0x00020494   Data           8  ble_nus.o(log_const_data)
    m_nrf_log_clock_logs_data_const          0x0002049c   Data           8  nrf_drv_clock.o(log_const_data)
    m_nrf_log_CLOCK_logs_data_const          0x000204a4   Data           8  nrfx_clock.o(log_const_data)
    m_nrf_log_GPIOTE_logs_data_const         0x000204ac   Data           8  nrfx_gpiote.o(log_const_data)
    m_nrf_log_PRS_logs_data_const            0x000204b4   Data           8  nrfx_prs.o(log_const_data)
    m_nrf_log_UART_logs_data_const           0x000204bc   Data           8  nrfx_uart.o(log_const_data)
    m_nrf_log_UARTE_logs_data_const          0x000204c4   Data           8  nrfx_uarte.o(log_const_data)
    m_nrf_log_PWM_logs_data_const            0x000204cc   Data           8  nrfx_pwm.o(log_const_data)
    m_nrf_log_app_button_logs_data_const     0x000204d4   Data           8  app_button.o(log_const_data)
    m_nrf_log_app_timer_logs_data_const      0x000204dc   Data           8  app_timer2.o(log_const_data)
    m_nrf_log_pwr_mgmt_logs_data_const       0x000204e4   Data           8  nrf_pwr_mgmt.o(log_const_data)
    m_nrf_log_sortlist_logs_data_const       0x000204ec   Data           8  nrf_sortlist.o(log_const_data)
    m_nrf_log_app_logs_data_const            0x000204f4   Data           8  nrf_log_frontend.o(log_const_data)
    m_nrf_log_nrf_sdh_logs_data_const        0x000204fc   Data           8  nrf_sdh.o(log_const_data)
    m_nrf_log_nrf_sdh_ble_logs_data_const    0x00020504   Data           8  nrf_sdh_ble.o(log_const_data)
    m_nrf_log_nrf_sdh_soc_logs_data_const    0x0002050c   Data           8  nrf_sdh_soc.o(log_const_data)
    log_const_data$$Limit                    0x00020514   Number         0  nrf_sdh_soc.o(log_const_data)
    log_mempool                              0x00020514   Data          20  nrf_log_frontend.o(nrf_balloc)
    sdh_ble_observers0$$Base                 0x00020528   Number         0  ble_conn_state.o(sdh_ble_observers0)
    sdh_ble_observers0$$Limit                0x00020530   Number         0  ble_conn_state.o(sdh_ble_observers0)
    sdh_ble_observers1$$Base                 0x00020530   Number         0  main.o(sdh_ble_observers1)
    sdh_ble_observers1$$Limit                0x00020550   Number         0  ble_conn_params.o(sdh_ble_observers1)
    sdh_ble_observers2$$Base                 0x00020550   Number         0  main.o(sdh_ble_observers2)
    sdh_ble_observers2$$Limit                0x00020560   Number         0  main.o(sdh_ble_observers2)
    sdh_ble_observers3$$Base                 0x00020560   Number         0  main.o(sdh_ble_observers3)
    sdh_ble_observers3$$Limit                0x00020568   Number         0  main.o(sdh_ble_observers3)
    sdh_soc_observers0$$Base                 0x00020568   Number         0  nrf_drv_clock.o(sdh_soc_observers0)
    sdh_soc_observers0$$Limit                0x00020570   Number         0  nrf_drv_clock.o(sdh_soc_observers0)
    sdh_stack_observers0$$Base               0x00020570   Number         0  nrf_sdh_ble.o(sdh_stack_observers0)
    sdh_stack_observers0$$Limit              0x00020580   Number         0  nrf_sdh_soc.o(sdh_stack_observers0)
    sdh_state_observers0$$Base               0x00020580   Number         0  nrf_drv_clock.o(sdh_state_observers0)
    sdh_state_observers0$$Limit              0x00020588   Number         0  nrf_drv_clock.o(sdh_state_observers0)
    UICR_ADDR_0x84                           0x10001084   Data           4  main.o(.ARM.__AT_0x10001084)
    Image$$RW_IRAM1$$Base                    0x200022c8   Number         0  anon$$obj.o ABSOLUTE
    pwm_sequencue_finished                   0x20002300   Data           1  drv_ws2812.o(.data)
    nrf_drv_uart_use_easy_dma                0x2000233c   Data           1  nrf_drv_uart.o(.data)
    SystemCoreClock                          0x2000242c   Data           4  system_nrf52810.o(.data)
    firm_ware                                0x20002858   Data          32  main.o(.bss)
    nrf_nvic_state                           0x20004210   Data          12  app_util_platform.o(.bss)
    _SEGGER_RTT                              0x200047e4   Data         120  segger_rtt.o(.bss)
    __initial_sp                             0x20005270   Data           0  arm_startup_nrf52810.o(STACK)



==============================================================================

Memory Map of the image

  Image Entry point : 0x00019201

  Load Region LR_IROM1 (Base: 0x00019000, Size: 0x000076f0, Max: 0x00017000, ABSOLUTE, COMPRESSED[0x000075f0])

    Execution Region ER_IROM1 (Exec base: 0x00019000, Load base: 0x00019000, Size: 0x00007588, Max: 0x00017000, ABSOLUTE)

    Exec Addr    Load Addr    Size         Type   Attr      Idx    E Section Name        Object

    0x00019000   0x00019000   0x00000200   Data   RO         5253    RESET               arm_startup_nrf52810.o
    0x00019200   0x00019200   0x00000000   Code   RO         5309  * .ARM.Collect$$$$00000000  mc_w.l(entry.o)
    0x00019200   0x00019200   0x00000004   Code   RO         5617    .ARM.Collect$$$$00000001  mc_w.l(entry2.o)
    0x00019204   0x00019204   0x00000004   Code   RO         5620    .ARM.Collect$$$$00000004  mc_w.l(entry5.o)
    0x00019208   0x00019208   0x00000000   Code   RO         5622    .ARM.Collect$$$$00000008  mc_w.l(entry7b.o)
    0x00019208   0x00019208   0x00000000   Code   RO         5624    .ARM.Collect$$$$0000000A  mc_w.l(entry8b.o)
    0x00019208   0x00019208   0x00000008   Code   RO         5625    .ARM.Collect$$$$0000000B  mc_w.l(entry9a.o)
    0x00019210   0x00019210   0x00000000   Code   RO         5627    .ARM.Collect$$$$0000000D  mc_w.l(entry10a.o)
    0x00019210   0x00019210   0x00000000   Code   RO         5629    .ARM.Collect$$$$0000000F  mc_w.l(entry11a.o)
    0x00019210   0x00019210   0x00000004   Code   RO         5618    .ARM.Collect$$$$00002712  mc_w.l(entry2.o)
    0x00019214   0x00019214   0x000000c8   Code   RO         3648    .emb_text           nrf_atfifo.o
    0x000192dc   0x000192dc   0x000000e2   Code   RO         3784    .emb_text           nrf_atomic.o
    0x000193be   0x000193be   0x00000002   PAD
    0x000193c0   0x000193c0   0x00000024   Code   RO         5254    .text               arm_startup_nrf52810.o
    0x000193e4   0x000193e4   0x00000062   Code   RO         5312    .text               mc_w.l(uldiv.o)
    0x00019446   0x00019446   0x0000001e   Code   RO         5314    .text               mc_w.l(llshl.o)
    0x00019464   0x00019464   0x00000008   Code   RO         5316    .text               mc_w.l(ctype_o.o)
    0x0001946c   0x0001946c   0x00000024   Code   RO         5344    .text               mc_w.l(memcpya.o)
    0x00019490   0x00019490   0x00000024   Code   RO         5346    .text               mc_w.l(memseta.o)
    0x000194b4   0x000194b4   0x0000000e   Code   RO         5348    .text               mc_w.l(strlen.o)
    0x000194c2   0x000194c2   0x00000012   Code   RO         5352    .text               mc_w.l(strcpy.o)
    0x000194d4   0x000194d4   0x00000020   Code   RO         5633    .text               mc_w.l(llushr.o)
    0x000194f4   0x000194f4   0x00000024   Code   RO         5646    .text               mc_w.l(init.o)
    0x00019518   0x00019518   0x00000056   Code   RO         5660    .text               mc_w.l(__dczerorl2.o)
    0x0001956e   0x0001956e   0x00000002   PAD
    0x00019570   0x00019570   0x00000164   Code   RO         2037    i.GPIOTE_IRQHandler  nrfx_gpiote.o
    0x000196d4   0x000196d4   0x00000058   Code   RO         1899    i.POWER_CLOCK_IRQHandler  nrfx_clock.o
    0x0001972c   0x0001972c   0x00000010   Code   RO         2708    i.PWM0_IRQHandler   nrfx_pwm.o
    0x0001973c   0x0001973c   0x00000010   Code   RO         3437    i.RTC1_IRQHandler   drv_rtc.o
    0x0001974c   0x0001974c   0x00000004   Code   RO         4793    i.SEGGER_RTT_Init   segger_rtt.o
    0x00019750   0x00019750   0x0000005c   Code   RO         4807    i.SEGGER_RTT_WriteNoLock  segger_rtt.o
    0x000197ac   0x000197ac   0x00000004   Code   RO         5044    i.SWI2_IRQHandler   nrf_sdh.o
    0x000197b0   0x000197b0   0x000002e0   Code   RO         5262    i.SystemInit        system_nrf52810.o
    0x00019a90   0x00019a90   0x0000000c   Code   RO         2306    i.UARTE0_UART0_IRQHandler  nrfx_prs.o
    0x00019a9c   0x00019a9c   0x00000068   Code   RO         4811    i._DoInit           segger_rtt.o
    0x00019b04   0x00019b04   0x00000016   Code   RO         4812    i._GetAvailWriteSpace  segger_rtt.o
    0x00019b1a   0x00019b1a   0x0000005a   Code   RO         4814    i._WriteBlocking    segger_rtt.o
    0x00019b74   0x00019b74   0x00000042   Code   RO         4815    i._WriteNoCheck     segger_rtt.o
    0x00019bb6   0x00019bb6   0x00000002   PAD
    0x00019bb8   0x00019bb8   0x00000028   Code   RO         5425    i.__0sprintf$2      mc_w.l(printf2.o)
    0x00019be0   0x00019be0   0x0000000e   Code   RO         5654    i.__scatterload_copy  mc_w.l(handlers.o)
    0x00019bee   0x00019bee   0x00000002   Code   RO         5655    i.__scatterload_null  mc_w.l(handlers.o)
    0x00019bf0   0x00019bf0   0x0000000e   Code   RO         5656    i.__scatterload_zeroinit  mc_w.l(handlers.o)
    0x00019bfe   0x00019bfe   0x00000002   PAD
    0x00019c00   0x00019c00   0x00000024   Code   RO         5045    i.__sd_nvic_app_accessible_irq  nrf_sdh.o
    0x00019c24   0x00019c24   0x000000d6   Code   RO         5430    i._printf_core      mc_w.l(printf2.o)
    0x00019cfa   0x00019cfa   0x0000000a   Code   RO         5432    i._sputc            mc_w.l(printf2.o)
    0x00019d04   0x00019d04   0x00000008   Code   RO          960    i.adv_set_data_size_max_get  ble_advertising.o
    0x00019d0c   0x00019d0c   0x00000036   Code   RO          750    i.advertising_buttons_configure  bsp_btn_ble.o
    0x00019d42   0x00019d42   0x00000002   PAD
    0x00019d44   0x00019d44   0x00000064   Code   RO            4    i.advertising_init  main.o
    0x00019da8   0x00019da8   0x00000006   Code   RO          633    i.alert_timer_handler  bsp.o
    0x00019dae   0x00019dae   0x00000002   PAD
    0x00019db0   0x00019db0   0x00000024   Code   RO         2822    i.app_button_enable  app_button.o
    0x00019dd4   0x00019dd4   0x00000080   Code   RO         2823    i.app_button_init   app_button.o
    0x00019e54   0x00019e54   0x00000084   Code   RO         2980    i.app_error_fault_handler  app_error_weak.o
    0x00019ed8   0x00019ed8   0x00000016   Code   RO         2920    i.app_error_handler_bare  app_error.o
    0x00019eee   0x00019eee   0x00000016   Code   RO         3024    i.app_fifo_get      app_fifo.o
    0x00019f04   0x00019f04   0x00000020   Code   RO         3025    i.app_fifo_init     app_fifo.o
    0x00019f24   0x00019f24   0x0000001a   Code   RO         3027    i.app_fifo_put      app_fifo.o
    0x00019f3e   0x00019f3e   0x00000002   PAD
    0x00019f40   0x00019f40   0x0000000c   Code   RO         3148    i.app_timer_cnt_get  app_timer2.o
    0x00019f4c   0x00019f4c   0x00000016   Code   RO         3149    i.app_timer_create  app_timer2.o
    0x00019f62   0x00019f62   0x00000002   PAD
    0x00019f64   0x00019f64   0x0000005c   Code   RO         3150    i.app_timer_init    app_timer2.o
    0x00019fc0   0x00019fc0   0x00000030   Code   RO         3153    i.app_timer_start   app_timer2.o
    0x00019ff0   0x00019ff0   0x0000000c   Code   RO         3154    i.app_timer_stop    app_timer2.o
    0x00019ffc   0x00019ffc   0x00000034   Code   RO         3288    i.app_uart_get      app_uart_fifo.o
    0x0001a030   0x0001a030   0x000000a4   Code   RO         3289    i.app_uart_init     app_uart_fifo.o
    0x0001a0d4   0x0001a0d4   0x00000054   Code   RO         3290    i.app_uart_put      app_uart_fifo.o
    0x0001a128   0x0001a128   0x00000048   Code   RO         3369    i.app_util_critical_region_enter  app_util_platform.o
    0x0001a170   0x0001a170   0x00000034   Code   RO         3370    i.app_util_critical_region_exit  app_util_platform.o
    0x0001a1a4   0x0001a1a4   0x00000088   Code   RO         2360    i.apply_config      nrfx_uart.o
    0x0001a22c   0x0001a22c   0x00000088   Code   RO         2548    i.apply_config      nrfx_uarte.o
    0x0001a2b4   0x0001a2b4   0x00000048   Code   RO         1299    i.blcm_link_ctx_get  ble_link_ctx_manager.o
    0x0001a2fc   0x0001a2fc   0x00000182   Code   RO          854    i.ble_advdata_encode  ble_advdata.o
    0x0001a47e   0x0001a47e   0x00000020   Code   RO          856    i.ble_advdata_parse  ble_advdata.o
    0x0001a49e   0x0001a49e   0x00000040   Code   RO          857    i.ble_advdata_search  ble_advdata.o
    0x0001a4de   0x0001a4de   0x00000006   Code   RO          962    i.ble_advertising_conn_cfg_tag_set  ble_advertising.o
    0x0001a4e4   0x0001a4e4   0x000000f8   Code   RO          963    i.ble_advertising_init  ble_advertising.o
    0x0001a5dc   0x0001a5dc   0x0000006a   Code   RO          965    i.ble_advertising_on_ble_evt  ble_advertising.o
    0x0001a646   0x0001a646   0x0000003a   Code   RO          967    i.ble_advertising_restart_without_whitelist  ble_advertising.o
    0x0001a680   0x0001a680   0x00000202   Code   RO          968    i.ble_advertising_start  ble_advertising.o
    0x0001a882   0x0001a882   0x00000002   PAD
    0x0001a884   0x0001a884   0x00000068   Code   RO         1056    i.ble_conn_params_init  ble_conn_params.o
    0x0001a8ec   0x0001a8ec   0x00000012   Code   RO         1131    i.ble_conn_state_conn_idx  ble_conn_state.o
    0x0001a8fe   0x0001a8fe   0x00000002   PAD
    0x0001a900   0x0001a900   0x00000014   Code   RO         1145    i.ble_conn_state_valid  ble_conn_state.o
    0x0001a914   0x0001a914   0x00000060   Code   RO          860    i.ble_device_addr_encode  ble_advdata.o
    0x0001a974   0x0001a974   0x00000104   Code   RO            6    i.ble_evt_handler   main.o
    0x0001aa78   0x0001aa78   0x00000070   Code   RO          751    i.ble_evt_handler   bsp_btn_ble.o
    0x0001aae8   0x0001aae8   0x000000fc   Code   RO         1058    i.ble_evt_handler   ble_conn_params.o
    0x0001abe4   0x0001abe4   0x00000118   Code   RO         1146    i.ble_evt_handler   ble_conn_state.o
    0x0001acfc   0x0001acfc   0x00000066   Code   RO         1504    i.ble_nus_data_send  ble_nus.o
    0x0001ad62   0x0001ad62   0x00000002   PAD
    0x0001ad64   0x0001ad64   0x000000d4   Code   RO         1505    i.ble_nus_init      ble_nus.o
    0x0001ae38   0x0001ae38   0x00000070   Code   RO         1506    i.ble_nus_on_ble_evt  ble_nus.o
    0x0001aea8   0x0001aea8   0x00000008   Code   RO         1325    i.ble_srv_is_notification_enabled  ble_srv_common.o
    0x0001aeb0   0x0001aeb0   0x0000000c   Code   RO          530    i.bsp_board_button_idx_to_pin  boards.o
    0x0001aebc   0x0001aebc   0x00000020   Code   RO          531    i.bsp_board_button_state_get  boards.o
    0x0001aedc   0x0001aedc   0x00000054   Code   RO          532    i.bsp_board_init    boards.o
    0x0001af30   0x0001af30   0x00000024   Code   RO          534    i.bsp_board_led_invert  boards.o
    0x0001af54   0x0001af54   0x00000010   Code   RO          535    i.bsp_board_led_off  boards.o
    0x0001af64   0x0001af64   0x00000010   Code   RO          536    i.bsp_board_led_on  boards.o
    0x0001af74   0x0001af74   0x00000020   Code   RO          537    i.bsp_board_led_state_get  boards.o
    0x0001af94   0x0001af94   0x00000012   Code   RO          538    i.bsp_board_leds_off  boards.o
    0x0001afa6   0x0001afa6   0x00000012   Code   RO          539    i.bsp_board_leds_on  boards.o
    0x0001afb8   0x0001afb8   0x00000024   Code   RO          540    i.bsp_board_pin_to_button_idx  boards.o
    0x0001afdc   0x0001afdc   0x00000038   Code   RO          752    i.bsp_btn_ble_init  bsp_btn_ble.o
    0x0001b014   0x0001b014   0x0000001e   Code   RO          753    i.bsp_btn_ble_sleep_mode_prepare  bsp_btn_ble.o
    0x0001b032   0x0001b032   0x00000002   PAD
    0x0001b034   0x0001b034   0x00000090   Code   RO          634    i.bsp_button_event_handler  bsp.o
    0x0001b0c4   0x0001b0c4   0x0000000c   Code   RO          635    i.bsp_button_is_pressed  bsp.o
    0x0001b0d0   0x0001b0d0   0x0000004c   Code   RO            7    i.bsp_event_handler  main.o
    0x0001b11c   0x0001b11c   0x00000044   Code   RO          638    i.bsp_event_to_button_action_assign  bsp.o
    0x0001b160   0x0001b160   0x00000018   Code   RO          639    i.bsp_indication_set  bsp.o
    0x0001b178   0x0001b178   0x00000094   Code   RO          640    i.bsp_init          bsp.o
    0x0001b20c   0x0001b20c   0x000001c8   Code   RO          641    i.bsp_led_indication  bsp.o
    0x0001b3d4   0x0001b3d4   0x00000006   Code   RO          643    i.bsp_wakeup_button_enable  bsp.o
    0x0001b3da   0x0001b3da   0x00000002   PAD
    0x0001b3dc   0x0001b3dc   0x00000090   Code   RO         4548    i.buf_prealloc      nrf_log_frontend.o
    0x0001b46c   0x0001b46c   0x0000002e   Code   RO         3996    i.buffer_add        nrf_fprintf_format.o
    0x0001b49a   0x0001b49a   0x00000002   PAD
    0x0001b49c   0x0001b49c   0x00000014   Code   RO         4549    i.buffer_is_empty   nrf_log_frontend.o
    0x0001b4b0   0x0001b4b0   0x00000028   Code   RO         2825    i.button_get        app_button.o
    0x0001b4d8   0x0001b4d8   0x00000008   Code   RO          644    i.button_timer_handler  bsp.o
    0x0001b4e0   0x0001b4e0   0x0000001c   Code   RO         2038    i.channel_free      nrfx_gpiote.o
    0x0001b4fc   0x0001b4fc   0x00000048   Code   RO         2039    i.channel_port_alloc  nrfx_gpiote.o
    0x0001b544   0x0001b544   0x00000010   Code   RO         2040    i.channel_port_get  nrfx_gpiote.o
    0x0001b554   0x0001b554   0x00000190   Code   RO         1327    i.characteristic_add  ble_srv_common.o
    0x0001b6e4   0x0001b6e4   0x00000028   Code   RO         1562    i.clock_clk_started_notify  nrf_drv_clock.o
    0x0001b70c   0x0001b70c   0x0000001c   Code   RO         1563    i.clock_irq_handler  nrf_drv_clock.o
    0x0001b728   0x0001b728   0x00000018   Code   RO         3156    i.compare_func      app_timer2.o
    0x0001b740   0x0001b740   0x00000066   Code   RO         2709    i.configure_pins    nrfx_pwm.o
    0x0001b7a6   0x0001b7a6   0x0000003e   Code   RO         1147    i.conn_handle_list_get  ble_conn_state.o
    0x0001b7e4   0x0001b7e4   0x00000088   Code   RO          861    i.conn_int_encode   ble_advdata.o
    0x0001b86c   0x0001b86c   0x00000004   Code   RO            8    i.conn_params_error_handler  main.o
    0x0001b870   0x0001b870   0x00000048   Code   RO         1059    i.conn_params_negotiation  ble_conn_params.o
    0x0001b8b8   0x0001b8b8   0x00000048   Code   RO         2826    i.detection_delay_timeout_handler  app_button.o
    0x0001b900   0x0001b900   0x00000014   Code   RO         4550    i.dropped_sat16_get  nrf_log_frontend.o
    0x0001b914   0x0001b914   0x00000014   Code   RO         3438    i.drv_rtc_compare_disable  drv_rtc.o
    0x0001b928   0x0001b928   0x0000000e   Code   RO         3440    i.drv_rtc_compare_pending  drv_rtc.o
    0x0001b936   0x0001b936   0x00000050   Code   RO         3441    i.drv_rtc_compare_set  drv_rtc.o
    0x0001b986   0x0001b986   0x00000008   Code   RO         3442    i.drv_rtc_counter_get  drv_rtc.o
    0x0001b98e   0x0001b98e   0x00000002   PAD
    0x0001b990   0x0001b990   0x000000d4   Code   RO         3443    i.drv_rtc_init      drv_rtc.o
    0x0001ba64   0x0001ba64   0x0000001a   Code   RO         3444    i.drv_rtc_irq_trigger  drv_rtc.o
    0x0001ba7e   0x0001ba7e   0x00000008   Code   RO         3446    i.drv_rtc_overflow_enable  drv_rtc.o
    0x0001ba86   0x0001ba86   0x00000008   Code   RO         3447    i.drv_rtc_overflow_pending  drv_rtc.o
    0x0001ba8e   0x0001ba8e   0x00000008   Code   RO         3448    i.drv_rtc_start     drv_rtc.o
    0x0001ba96   0x0001ba96   0x00000008   Code   RO         3449    i.drv_rtc_stop      drv_rtc.o
    0x0001ba9e   0x0001ba9e   0x000000de   Code   RO         3454    i.drv_rtc_windowed_compare_set  drv_rtc.o
    0x0001bb7c   0x0001bb7c   0x0000006c   Code   RO          423    i.drv_ws2812_display  drv_ws2812.o
    0x0001bbe8   0x0001bbe8   0x00000058   Code   RO          424    i.drv_ws2812_init   drv_ws2812.o
    0x0001bc40   0x0001bc40   0x00000030   Code   RO          426    i.drv_ws2812_pixel_draw  drv_ws2812.o
    0x0001bc70   0x0001bc70   0x0000004c   Code   RO         5263    i.errata_136        system_nrf52810.o
    0x0001bcbc   0x0001bcbc   0x0000004c   Code   RO         5264    i.errata_31         system_nrf52810.o
    0x0001bd08   0x0001bd08   0x0000004c   Code   RO         5265    i.errata_36         system_nrf52810.o
    0x0001bd54   0x0001bd54   0x00000012   Code   RO         3455    i.evt_enable        drv_rtc.o
    0x0001bd66   0x0001bd66   0x00000002   PAD
    0x0001bd68   0x0001bd68   0x000000e0   Code   RO         2827    i.evt_handle        app_button.o
    0x0001be48   0x0001be48   0x00000014   Code   RO         3456    i.evt_pending       drv_rtc.o
    0x0001be5c   0x0001be5c   0x00000014   Code   RO         3030    i.fifo_get          app_fifo.o
    0x0001be70   0x0001be70   0x00000012   Code   RO         3031    i.fifo_put          app_fifo.o
    0x0001be82   0x0001be82   0x0000000a   Code   RO         1148    i.flag_toggle       ble_conn_state.o
    0x0001be8c   0x0001be8c   0x00000028   Code   RO          970    i.flags_set         ble_advertising.o
    0x0001beb4   0x0001beb4   0x000000b0   Code   RO            9    i.gatt_evt_handler  main.o
    0x0001bf64   0x0001bf64   0x00000030   Code   RO           10    i.gatt_init         main.o
    0x0001bf94   0x0001bf94   0x00000034   Code   RO         3157    i.get_now           app_timer2.o
    0x0001bfc8   0x0001bfc8   0x0000003c   Code   RO         2828    i.gpiote_event_handler  app_button.o
    0x0001c004   0x0001c004   0x00000014   Code   RO         1060    i.instance_get      ble_conn_params.o
    0x0001c018   0x0001c018   0x000000a6   Code   RO         3997    i.int_print         nrf_fprintf_format.o
    0x0001c0be   0x0001c0be   0x00000002   PAD
    0x0001c0c0   0x0001c0c0   0x00000084   Code   RO         2549    i.interrupts_enable  nrfx_uarte.o
    0x0001c144   0x0001c144   0x00000034   Code   RO         4551    i.invalid_packets_omit  nrf_log_frontend.o
    0x0001c178   0x0001c178   0x0000009c   Code   RO         2710    i.irq_handler       nrfx_pwm.o
    0x0001c214   0x0001c214   0x00000044   Code   RO         1061    i.is_conn_params_ok  ble_conn_params.o
    0x0001c258   0x0001c258   0x00000038   Code   RO           11    i.led_blinking_handler  main.o
    0x0001c290   0x0001c290   0x00000030   Code   RO          645    i.leds_off          bsp.o
    0x0001c2c0   0x0001c2c0   0x00000014   Code   RO          646    i.leds_timer_handler  bsp.o
    0x0001c2d4   0x0001c2d4   0x00000010   Code   RO         1382    i.link_init         nrf_ble_gatt.o
    0x0001c2e4   0x0001c2e4   0x0000009c   Code   RO         4552    i.log_skip          nrf_log_frontend.o
    0x0001c380   0x0001c380   0x00000248   Code   RO           12    i.main              main.o
    0x0001c5c8   0x0001c5c8   0x00000064   Code   RO          862    i.manuf_specific_data_encode  ble_advdata.o
    0x0001c62c   0x0001c62c   0x0000007e   Code   RO         4036    i.memobj_op         nrf_memobj.o
    0x0001c6aa   0x0001c6aa   0x00000002   PAD
    0x0001c6ac   0x0001c6ac   0x00000030   Code   RO         4553    i.module_idx_get    nrf_log_frontend.o
    0x0001c6dc   0x0001c6dc   0x000000a6   Code   RO          863    i.name_encode       ble_advdata.o
    0x0001c782   0x0001c782   0x00000026   Code   RO         3652    i.nrf_atfifo_init   nrf_atfifo.o
    0x0001c7a8   0x0001c7a8   0x00000016   Code   RO         3653    i.nrf_atfifo_item_alloc  nrf_atfifo.o
    0x0001c7be   0x0001c7be   0x00000016   Code   RO         3654    i.nrf_atfifo_item_free  nrf_atfifo.o
    0x0001c7d4   0x0001c7d4   0x00000016   Code   RO         3655    i.nrf_atfifo_item_get  nrf_atfifo.o
    0x0001c7ea   0x0001c7ea   0x00000016   Code   RO         3656    i.nrf_atfifo_item_put  nrf_atfifo.o
    0x0001c800   0x0001c800   0x00000016   Code   RO         3718    i.nrf_atflags_clear  nrf_atflags.o
    0x0001c816   0x0001c816   0x00000016   Code   RO         3723    i.nrf_atflags_get   nrf_atflags.o
    0x0001c82c   0x0001c82c   0x00000014   Code   RO         3725    i.nrf_atflags_set   nrf_atflags.o
    0x0001c840   0x0001c840   0x00000006   Code   RO         3786    i.nrf_atomic_flag_clear_fetch  nrf_atomic.o
    0x0001c846   0x0001c846   0x00000006   Code   RO         3787    i.nrf_atomic_flag_set  nrf_atomic.o
    0x0001c84c   0x0001c84c   0x0000000c   Code   RO         3789    i.nrf_atomic_u32_add  nrf_atomic.o
    0x0001c858   0x0001c858   0x0000000c   Code   RO         3790    i.nrf_atomic_u32_and  nrf_atomic.o
    0x0001c864   0x0001c864   0x0000000a   Code   RO         3793    i.nrf_atomic_u32_fetch_and  nrf_atomic.o
    0x0001c86e   0x0001c86e   0x0000000a   Code   RO         3795    i.nrf_atomic_u32_fetch_store  nrf_atomic.o
    0x0001c878   0x0001c878   0x0000000c   Code   RO         3799    i.nrf_atomic_u32_or  nrf_atomic.o
    0x0001c884   0x0001c884   0x0000000c   Code   RO         3801    i.nrf_atomic_u32_sub  nrf_atomic.o
    0x0001c890   0x0001c890   0x00000044   Code   RO         3920    i.nrf_balloc_alloc  nrf_balloc.o
    0x0001c8d4   0x0001c8d4   0x00000030   Code   RO         3921    i.nrf_balloc_free   nrf_balloc.o
    0x0001c904   0x0001c904   0x00000030   Code   RO         3922    i.nrf_balloc_init   nrf_balloc.o
    0x0001c934   0x0001c934   0x00000010   Code   RO         2041    i.nrf_bitmask_bit_is_set  nrfx_gpiote.o
    0x0001c944   0x0001c944   0x00000014   Code   RO         2042    i.nrf_bitmask_bit_set  nrfx_gpiote.o
    0x0001c958   0x0001c958   0x00000018   Code   RO         1384    i.nrf_ble_gatt_att_mtu_periph_set  nrf_ble_gatt.o
    0x0001c970   0x0001c970   0x00000022   Code   RO         1386    i.nrf_ble_gatt_init  nrf_ble_gatt.o
    0x0001c992   0x0001c992   0x00000002   PAD
    0x0001c994   0x0001c994   0x000000d4   Code   RO         1387    i.nrf_ble_gatt_on_ble_evt  nrf_ble_gatt.o
    0x0001ca68   0x0001ca68   0x00000016   Code   RO         1463    i.nrf_ble_qwr_conn_handle_assign  nrf_ble_qwr.o
    0x0001ca7e   0x0001ca7e   0x00000024   Code   RO         1464    i.nrf_ble_qwr_init  nrf_ble_qwr.o
    0x0001caa2   0x0001caa2   0x000000b6   Code   RO         1465    i.nrf_ble_qwr_on_ble_evt  nrf_ble_qwr.o
    0x0001cb58   0x0001cb58   0x0000000e   Code   RO         1900    i.nrf_clock_event_check  nrfx_clock.o
    0x0001cb66   0x0001cb66   0x00000010   Code   RO         1901    i.nrf_clock_event_clear  nrfx_clock.o
    0x0001cb76   0x0001cb76   0x00000002   PAD
    0x0001cb78   0x0001cb78   0x00000038   Code   RO         1570    i.nrf_drv_clock_init  nrf_drv_clock.o
    0x0001cbb0   0x0001cbb0   0x00000030   Code   RO         1574    i.nrf_drv_clock_lfclk_release  nrf_drv_clock.o
    0x0001cbe0   0x0001cbe0   0x00000068   Code   RO         1708    i.nrf_drv_uart_init  nrf_drv_uart.o
    0x0001cc48   0x0001cc48   0x00000020   Code   RO         3291    i.nrf_drv_uart_rx   app_uart_fifo.o
    0x0001cc68   0x0001cc68   0x00000020   Code   RO         3292    i.nrf_drv_uart_tx   app_uart_fifo.o
    0x0001cc88   0x0001cc88   0x0000001a   Code   RO         3957    i.nrf_fprintf       nrf_fprintf.o
    0x0001cca2   0x0001cca2   0x00000018   Code   RO         3958    i.nrf_fprintf_buffer_flush  nrf_fprintf.o
    0x0001ccba   0x0001ccba   0x000001da   Code   RO         3998    i.nrf_fprintf_fmt   nrf_fprintf_format.o
    0x0001ce94   0x0001ce94   0x00000024   Code   RO          542    i.nrf_gpio_cfg      boards.o
    0x0001ceb8   0x0001ceb8   0x00000024   Code   RO         2043    i.nrf_gpio_cfg      nrfx_gpiote.o
    0x0001cedc   0x0001cedc   0x00000024   Code   RO         2361    i.nrf_gpio_cfg      nrfx_uart.o
    0x0001cf00   0x0001cf00   0x00000024   Code   RO         2550    i.nrf_gpio_cfg      nrfx_uarte.o
    0x0001cf24   0x0001cf24   0x00000012   Code   RO         2363    i.nrf_gpio_cfg_input  nrfx_uart.o
    0x0001cf36   0x0001cf36   0x00000012   Code   RO         2552    i.nrf_gpio_cfg_input  nrfx_uarte.o
    0x0001cf48   0x0001cf48   0x00000014   Code   RO         2364    i.nrf_gpio_cfg_output  nrfx_uart.o
    0x0001cf5c   0x0001cf5c   0x00000014   Code   RO         2553    i.nrf_gpio_cfg_output  nrfx_uarte.o
    0x0001cf70   0x0001cf70   0x00000022   Code   RO         2045    i.nrf_gpio_cfg_sense_set  nrfx_gpiote.o
    0x0001cf92   0x0001cf92   0x00000016   Code   RO          543    i.nrf_gpio_pin_write  boards.o
    0x0001cfa8   0x0001cfa8   0x00000028   Code   RO         2046    i.nrf_gpio_ports_read  nrfx_gpiote.o
    0x0001cfd0   0x0001cfd0   0x00000014   Code   RO         2047    i.nrf_gpiote_event_clear  nrfx_gpiote.o
    0x0001cfe4   0x0001cfe4   0x00000010   Code   RO         2048    i.nrf_gpiote_event_is_set  nrfx_gpiote.o
    0x0001cff4   0x0001cff4   0x0000005c   Code   RO         4554    i.nrf_log_backend_add  nrf_log_frontend.o
    0x0001d050   0x0001d050   0x00000002   Code   RO         4409    i.nrf_log_backend_rtt_flush  nrf_log_backend_rtt.o
    0x0001d052   0x0001d052   0x00000004   Code   RO         4410    i.nrf_log_backend_rtt_init  nrf_log_backend_rtt.o
    0x0001d056   0x0001d056   0x00000002   Code   RO         4411    i.nrf_log_backend_rtt_panic_set  nrf_log_backend_rtt.o
    0x0001d058   0x0001d058   0x00000018   Code   RO         4412    i.nrf_log_backend_rtt_put  nrf_log_backend_rtt.o
    0x0001d070   0x0001d070   0x000000c8   Code   RO         4478    i.nrf_log_backend_serial_put  nrf_log_backend_serial.o
    0x0001d138   0x0001d138   0x00000030   Code   RO         4556    i.nrf_log_color_id_get  nrf_log_frontend.o
    0x0001d168   0x0001d168   0x0000001c   Code   RO         4512    i.nrf_log_default_backends_init  nrf_log_default_backends.o
    0x0001d184   0x0001d184   0x00000234   Code   RO         4557    i.nrf_log_frontend_dequeue  nrf_log_frontend.o
    0x0001d3b8   0x0001d3b8   0x000000a8   Code   RO         4558    i.nrf_log_frontend_hexdump  nrf_log_frontend.o
    0x0001d460   0x0001d460   0x00000008   Code   RO         4559    i.nrf_log_frontend_std_0  nrf_log_frontend.o
    0x0001d468   0x0001d468   0x0000000e   Code   RO         4560    i.nrf_log_frontend_std_1  nrf_log_frontend.o
    0x0001d476   0x0001d476   0x00000010   Code   RO         4561    i.nrf_log_frontend_std_2  nrf_log_frontend.o
    0x0001d486   0x0001d486   0x00000012   Code   RO         4562    i.nrf_log_frontend_std_3  nrf_log_frontend.o
    0x0001d498   0x0001d498   0x000000b0   Code   RO         4734    i.nrf_log_hexdump_entry_process  nrf_log_str_formatter.o
    0x0001d548   0x0001d548   0x0000003c   Code   RO         4566    i.nrf_log_init      nrf_log_frontend.o
    0x0001d584   0x0001d584   0x00000014   Code   RO         4567    i.nrf_log_module_cnt_get  nrf_log_frontend.o
    0x0001d598   0x0001d598   0x0000001c   Code   RO         4570    i.nrf_log_module_name_get  nrf_log_frontend.o
    0x0001d5b4   0x0001d5b4   0x0000002c   Code   RO         4571    i.nrf_log_panic     nrf_log_frontend.o
    0x0001d5e0   0x0001d5e0   0x000000b6   Code   RO         4735    i.nrf_log_std_entry_process  nrf_log_str_formatter.o
    0x0001d696   0x0001d696   0x00000060   Code   RO         4037    i.nrf_memobj_alloc  nrf_memobj.o
    0x0001d6f6   0x0001d6f6   0x00000032   Code   RO         4038    i.nrf_memobj_free   nrf_memobj.o
    0x0001d728   0x0001d728   0x00000008   Code   RO         4039    i.nrf_memobj_get    nrf_memobj.o
    0x0001d730   0x0001d730   0x00000004   Code   RO         4040    i.nrf_memobj_pool_init  nrf_memobj.o
    0x0001d734   0x0001d734   0x0000001e   Code   RO         4041    i.nrf_memobj_put    nrf_memobj.o
    0x0001d752   0x0001d752   0x00000010   Code   RO         4042    i.nrf_memobj_read   nrf_memobj.o
    0x0001d762   0x0001d762   0x00000010   Code   RO         4043    i.nrf_memobj_write  nrf_memobj.o
    0x0001d772   0x0001d772   0x0000000a   Code   RO         2711    i.nrf_pwm_event_check  nrfx_pwm.o
    0x0001d77c   0x0001d77c   0x0000000c   Code   RO         2712    i.nrf_pwm_event_clear  nrfx_pwm.o
    0x0001d788   0x0001d788   0x0000001e   Code   RO         2713    i.nrf_pwm_sequence_set  nrfx_pwm.o
    0x0001d7a6   0x0001d7a6   0x00000002   PAD
    0x0001d7a8   0x0001d7a8   0x00000028   Code   RO         4115    i.nrf_pwr_mgmt_init  nrf_pwr_mgmt.o
    0x0001d7d0   0x0001d7d0   0x00000014   Code   RO         4116    i.nrf_pwr_mgmt_run  nrf_pwr_mgmt.o
    0x0001d7e4   0x0001d7e4   0x00000004   Code   RO           13    i.nrf_qwr_error_handler  main.o
    0x0001d7e8   0x0001d7e8   0x0000001c   Code   RO         4189    i.nrf_ringbuf_init  nrf_ringbuf.o
    0x0001d804   0x0001d804   0x0000000c   Code   RO         3457    i.nrf_rtc_event_clear  drv_rtc.o
    0x0001d810   0x0001d810   0x00000014   Code   RO         5165    i.nrf_sdh_ble_app_ram_start_get  nrf_sdh_ble.o
    0x0001d824   0x0001d824   0x00000128   Code   RO         5166    i.nrf_sdh_ble_default_cfg_set  nrf_sdh_ble.o
    0x0001d94c   0x0001d94c   0x00000130   Code   RO         5167    i.nrf_sdh_ble_enable  nrf_sdh_ble.o
    0x0001da7c   0x0001da7c   0x00000060   Code   RO         5168    i.nrf_sdh_ble_evts_poll  nrf_sdh_ble.o
    0x0001dadc   0x0001dadc   0x00000074   Code   RO         5047    i.nrf_sdh_enable_request  nrf_sdh.o
    0x0001db50   0x0001db50   0x00000024   Code   RO         5048    i.nrf_sdh_evts_poll  nrf_sdh.o
    0x0001db74   0x0001db74   0x0000000c   Code   RO         5049    i.nrf_sdh_is_enabled  nrf_sdh.o
    0x0001db80   0x0001db80   0x0000003c   Code   RO         5219    i.nrf_sdh_soc_evts_poll  nrf_sdh_soc.o
    0x0001dbbc   0x0001dbbc   0x0000000a   Code   RO         4247    i.nrf_section_iter_init  nrf_section_iter.o
    0x0001dbc6   0x0001dbc6   0x00000024   Code   RO         4248    i.nrf_section_iter_item_set  nrf_section_iter.o
    0x0001dbea   0x0001dbea   0x00000020   Code   RO         4249    i.nrf_section_iter_next  nrf_section_iter.o
    0x0001dc0a   0x0001dc0a   0x00000022   Code   RO         4282    i.nrf_sortlist_add  nrf_sortlist.o
    0x0001dc2c   0x0001dc2c   0x00000006   Code   RO         4284    i.nrf_sortlist_peek  nrf_sortlist.o
    0x0001dc32   0x0001dc32   0x0000000e   Code   RO         4285    i.nrf_sortlist_pop  nrf_sortlist.o
    0x0001dc40   0x0001dc40   0x0000001e   Code   RO         4286    i.nrf_sortlist_remove  nrf_sortlist.o
    0x0001dc5e   0x0001dc5e   0x00000002   PAD
    0x0001dc60   0x0001dc60   0x00000038   Code   RO         4338    i.nrf_strerror_find  nrf_strerror.o
    0x0001dc98   0x0001dc98   0x00000014   Code   RO         4339    i.nrf_strerror_get  nrf_strerror.o
    0x0001dcac   0x0001dcac   0x0000000a   Code   RO         2365    i.nrf_uart_event_check  nrfx_uart.o
    0x0001dcb6   0x0001dcb6   0x0000000c   Code   RO         2366    i.nrf_uart_event_clear  nrfx_uart.o
    0x0001dcc2   0x0001dcc2   0x0000000c   Code   RO         2367    i.nrf_uart_int_enable_check  nrfx_uart.o
    0x0001dcce   0x0001dcce   0x0000000a   Code   RO         2554    i.nrf_uarte_event_check  nrfx_uarte.o
    0x0001dcd8   0x0001dcd8   0x0000000c   Code   RO         2555    i.nrf_uarte_event_clear  nrfx_uarte.o
    0x0001dce4   0x0001dce4   0x0000002c   Code   RO         1906    i.nrfx_clock_enable  nrfx_clock.o
    0x0001dd10   0x0001dd10   0x00000020   Code   RO         1909    i.nrfx_clock_init   nrfx_clock.o
    0x0001dd30   0x0001dd30   0x0000001c   Code   RO         1912    i.nrfx_clock_lfclk_stop  nrfx_clock.o
    0x0001dd4c   0x0001dd4c   0x00000010   Code   RO         3458    i.nrfx_coredep_delay_us  drv_rtc.o
    0x0001dd5c   0x0001dd5c   0x000000a4   Code   RO         2053    i.nrfx_gpiote_in_event_enable  nrfx_gpiote.o
    0x0001de00   0x0001de00   0x000000d0   Code   RO         2054    i.nrfx_gpiote_in_init  nrfx_gpiote.o
    0x0001ded0   0x0001ded0   0x00000014   Code   RO         2055    i.nrfx_gpiote_in_is_set  nrfx_gpiote.o
    0x0001dee4   0x0001dee4   0x0000006c   Code   RO         2057    i.nrfx_gpiote_init  nrfx_gpiote.o
    0x0001df50   0x0001df50   0x00000014   Code   RO         2058    i.nrfx_gpiote_is_init  nrfx_gpiote.o
    0x0001df64   0x0001df64   0x00000010   Code   RO         2556    i.nrfx_is_in_ram    nrfx_uarte.o
    0x0001df74   0x0001df74   0x0000003a   Code   RO         2307    i.nrfx_prs_acquire  nrfx_prs.o
    0x0001dfae   0x0001dfae   0x00000002   PAD
    0x0001dfb0   0x0001dfb0   0x000000d4   Code   RO         2715    i.nrfx_pwm_init     nrfx_pwm.o
    0x0001e084   0x0001e084   0x00000070   Code   RO         2717    i.nrfx_pwm_simple_playback  nrfx_pwm.o
    0x0001e0f4   0x0001e0f4   0x00000010   Code   RO         2368    i.nrfx_uart_0_irq_handler  nrfx_uart.o
    0x0001e104   0x0001e104   0x000000d0   Code   RO         2370    i.nrfx_uart_init    nrfx_uart.o
    0x0001e1d4   0x0001e1d4   0x000000ec   Code   RO         2371    i.nrfx_uart_rx      nrfx_uart.o
    0x0001e2c0   0x0001e2c0   0x000000a8   Code   RO         2376    i.nrfx_uart_tx      nrfx_uart.o
    0x0001e368   0x0001e368   0x00000020   Code   RO         2378    i.nrfx_uart_tx_in_progress  nrfx_uart.o
    0x0001e388   0x0001e388   0x00000010   Code   RO         2557    i.nrfx_uarte_0_irq_handler  nrfx_uarte.o
    0x0001e398   0x0001e398   0x0000006c   Code   RO         2559    i.nrfx_uarte_init   nrfx_uarte.o
    0x0001e404   0x0001e404   0x00000104   Code   RO         2560    i.nrfx_uarte_rx     nrfx_uarte.o
    0x0001e508   0x0001e508   0x000000ac   Code   RO         2563    i.nrfx_uarte_tx     nrfx_uarte.o
    0x0001e5b4   0x0001e5b4   0x0000001c   Code   RO         2565    i.nrfx_uarte_tx_in_progress  nrfx_uarte.o
    0x0001e5d0   0x0001e5d0   0x000000e4   Code   RO           14    i.nus_data_handler  main.o
    0x0001e6b4   0x0001e6b4   0x00000024   Code   RO           15    i.on_adv_evt        main.o
    0x0001e6d8   0x0001e6d8   0x0000001c   Code   RO           16    i.on_conn_params_evt  main.o
    0x0001e6f4   0x0001e6f4   0x0000006a   Code   RO         1507    i.on_connect        ble_nus.o
    0x0001e75e   0x0001e75e   0x00000002   PAD
    0x0001e760   0x0001e760   0x000000f0   Code   RO         1388    i.on_connected_evt  nrf_ble_gatt.o
    0x0001e850   0x0001e850   0x00000150   Code   RO         1389    i.on_exchange_mtu_request_evt  nrf_ble_gatt.o
    0x0001e9a0   0x0001e9a0   0x000000b0   Code   RO         1390    i.on_exchange_mtu_rsp_evt  nrf_ble_gatt.o
    0x0001ea50   0x0001ea50   0x00000084   Code   RO         1508    i.on_write          ble_nus.o
    0x0001ead4   0x0001ead4   0x00000012   Code   RO          971    i.phy_is_valid      ble_advertising.o
    0x0001eae6   0x0001eae6   0x00000002   PAD
    0x0001eae8   0x0001eae8   0x00000018   Code   RO         2074    i.pin_in_use_by_port  nrfx_gpiote.o
    0x0001eb00   0x0001eb00   0x00000018   Code   RO         2075    i.pin_in_use_by_te  nrfx_gpiote.o
    0x0001eb18   0x0001eb18   0x0000003c   Code   RO         4737    i.postfix_process   nrf_log_str_formatter.o
    0x0001eb54   0x0001eb54   0x00000098   Code   RO         4738    i.prefix_process    nrf_log_str_formatter.o
    0x0001ebec   0x0001ebec   0x00000018   Code   RO         2309    i.prs_box_get       nrfx_prs.o
    0x0001ec04   0x0001ec04   0x00000010   Code   RO          428    i.pwm_handler       drv_ws2812.o
    0x0001ec14   0x0001ec14   0x0000005c   Code   RO         3158    i.rtc_irq           app_timer2.o
    0x0001ec70   0x0001ec70   0x00000064   Code   RO         3159    i.rtc_schedule      app_timer2.o
    0x0001ecd4   0x0001ecd4   0x00000074   Code   RO         3160    i.rtc_update        app_timer2.o
    0x0001ed48   0x0001ed48   0x00000032   Code   RO         2380    i.rx_byte           nrfx_uart.o
    0x0001ed7a   0x0001ed7a   0x00000016   Code   RO         2381    i.rx_done_event     nrfx_uart.o
    0x0001ed90   0x0001ed90   0x00000016   Code   RO         2567    i.rx_done_event     nrfx_uarte.o
    0x0001eda6   0x0001eda6   0x00000020   Code   RO         2382    i.rx_enable         nrfx_uart.o
    0x0001edc6   0x0001edc6   0x00000002   PAD
    0x0001edc8   0x0001edc8   0x00000050   Code   RO         1577    i.sd_state_evt_handler  nrf_drv_clock.o
    0x0001ee18   0x0001ee18   0x00000030   Code   RO         5054    i.sdh_request_observer_notify  nrf_sdh.o
    0x0001ee48   0x0001ee48   0x0000002c   Code   RO         5055    i.sdh_state_observer_notify  nrf_sdh.o
    0x0001ee74   0x0001ee74   0x00000010   Code   RO         1062    i.send_error_evt    ble_conn_params.o
    0x0001ee84   0x0001ee84   0x00000050   Code   RO         4413    i.serial_tx         nrf_log_backend_rtt.o
    0x0001eed4   0x0001eed4   0x00000088   Code   RO          864    i.service_data_encode  ble_advdata.o
    0x0001ef5c   0x0001ef5c   0x00000030   Code   RO         1329    i.set_security_req  ble_srv_common.o
    0x0001ef8c   0x0001ef8c   0x00000028   Code   RO           17    i.sleep_mode_enter  main.o
    0x0001efb4   0x0001efb4   0x00000018   Code   RO         1578    i.soc_evt_handler   nrf_drv_clock.o
    0x0001efcc   0x0001efcc   0x00000058   Code   RO         5057    i.softdevices_evt_irq_enable  nrf_sdh.o
    0x0001f024   0x0001f024   0x0000000c   Code   RO         3161    i.sortlist_pop      app_timer2.o
    0x0001f030   0x0001f030   0x0000004c   Code   RO         2720    i.start_playback    nrfx_pwm.o
    0x0001f07c   0x0001f07c   0x00000030   Code   RO         2829    i.state_set         app_button.o
    0x0001f0ac   0x0001f0ac   0x0000008c   Code   RO         4573    i.std_n             nrf_log_frontend.o
    0x0001f138   0x0001f138   0x00000058   Code   RO         3162    i.timer_expire      app_timer2.o
    0x0001f190   0x0001f190   0x00000078   Code   RO         3163    i.timer_req_process  app_timer2.o
    0x0001f208   0x0001f208   0x00000038   Code   RO         3164    i.timer_req_schedule  app_timer2.o
    0x0001f240   0x0001f240   0x00000018   Code   RO         2830    i.timer_start       app_button.o
    0x0001f258   0x0001f258   0x00000020   Code   RO         2383    i.tx_byte           nrfx_uart.o
    0x0001f278   0x0001f278   0x0000001a   Code   RO         2384    i.tx_done_event     nrfx_uart.o
    0x0001f292   0x0001f292   0x0000001a   Code   RO         2568    i.tx_done_event     nrfx_uarte.o
    0x0001f2ac   0x0001f2ac   0x000000c0   Code   RO           18    i.uart_event_handle  main.o
    0x0001f36c   0x0001f36c   0x000000a4   Code   RO         3293    i.uart_event_handler  app_uart_fifo.o
    0x0001f410   0x0001f410   0x00000030   Code   RO         1709    i.uart_evt_handler  nrf_drv_uart.o
    0x0001f440   0x0001f440   0x0000012a   Code   RO         2385    i.uart_irq_handler  nrfx_uart.o
    0x0001f56a   0x0001f56a   0x00000002   PAD
    0x0001f56c   0x0001f56c   0x00000030   Code   RO         1710    i.uarte_evt_handler  nrf_drv_uart.o
    0x0001f59c   0x0001f59c   0x00000112   Code   RO         2569    i.uarte_irq_handler  nrfx_uarte.o
    0x0001f6ae   0x0001f6ae   0x0000000a   Code   RO          865    i.uint16_encode     ble_advdata.o
    0x0001f6b8   0x0001f6b8   0x000000b4   Code   RO         3999    i.unsigned_print    nrf_fprintf_format.o
    0x0001f76c   0x0001f76c   0x00000068   Code   RO         1063    i.update_timeout_handler  ble_conn_params.o
    0x0001f7d4   0x0001f7d4   0x00000018   Code   RO          972    i.use_whitelist     ble_advertising.o
    0x0001f7ec   0x0001f7ec   0x00000024   Code   RO         1466    i.user_mem_reply    nrf_ble_qwr.o
    0x0001f810   0x0001f810   0x00000020   Code   RO         2831    i.usr_event         app_button.o
    0x0001f830   0x0001f830   0x00000030   Code   RO          866    i.uuid_list_encode  ble_advdata.o
    0x0001f860   0x0001f860   0x0000009e   Code   RO          867    i.uuid_list_sized_encode  ble_advdata.o
    0x0001f8fe   0x0001f8fe   0x0000003a   Code   RO          647    i.wakeup_button_cfg  bsp.o
    0x0001f938   0x0001f938   0x00000038   Data   RO           22    .constdata          main.o
    0x0001f970   0x0001f970   0x0000000c   Data   RO          430    .constdata          drv_ws2812.o
    0x0001f97c   0x0001f97c   0x00000008   Data   RO          544    .constdata          boards.o
    0x0001f984   0x0001f984   0x0000002c   Data   RO          652    .constdata          bsp.o
    0x0001f9b0   0x0001f9b0   0x0000000e   Data   RO         1391    .constdata          nrf_ble_gatt.o
    0x0001f9be   0x0001f9be   0x00000002   PAD
    0x0001f9c0   0x0001f9c0   0x00000010   Data   RO         1509    .constdata          ble_nus.o
    0x0001f9d0   0x0001f9d0   0x00000004   Data   RO         2077    .constdata          nrfx_gpiote.o
    0x0001f9d4   0x0001f9d4   0x00000004   Data   RO         2388    .constdata          nrfx_uart.o
    0x0001f9d8   0x0001f9d8   0x00000004   Data   RO         2572    .constdata          nrfx_uarte.o
    0x0001f9dc   0x0001f9dc   0x00000008   Data   RO         2834    .constdata          app_button.o
    0x0001f9e4   0x0001f9e4   0x00000014   Data   RO         3167    .constdata          app_timer2.o
    0x0001f9f8   0x0001f9f8   0x00000020   Data   RO         3295    .constdata          app_uart_fifo.o
    0x0001fa18   0x0001fa18   0x00000008   PAD
    0x0001fa20   0x0001fa20   0x00000006   Data   RO         3459    .constdata          drv_rtc.o
    0x0001fa26   0x0001fa26   0x00000010   Data   RO         4000    .constdata          nrf_fprintf_format.o
    0x0001fa36   0x0001fa36   0x00000002   PAD
    0x0001fa38   0x0001fa38   0x00000018   Data   RO         4120    .constdata          nrf_pwr_mgmt.o
    0x0001fa50   0x0001fa50   0x0000000c   Data   RO         4121    .constdata          nrf_pwr_mgmt.o
    0x0001fa5c   0x0001fa5c   0x0000013c   Data   RO         4340    .constdata          nrf_strerror.o
    0x0001fb98   0x0001fb98   0x0000000c   Data   RO         4415    .constdata          nrf_log_backend_rtt.o
    0x0001fba4   0x0001fba4   0x0000000c   PAD
    0x0001fbb0   0x0001fbb0   0x00000006   Data   RO         4416    .constdata          nrf_log_backend_rtt.o
    0x0001fbb6   0x0001fbb6   0x00000002   PAD
    0x0001fbb8   0x0001fbb8   0x0000000c   Data   RO         4578    .constdata          nrf_log_frontend.o
    0x0001fbc4   0x0001fbc4   0x00000010   Data   RO         5058    .constdata          nrf_sdh.o
    0x0001fbd4   0x0001fbd4   0x00000028   Data   RO         5059    .constdata          nrf_sdh.o
    0x0001fbfc   0x0001fbfc   0x00000010   Data   RO         5060    .constdata          nrf_sdh.o
    0x0001fc0c   0x0001fc0c   0x00000010   Data   RO         5061    .constdata          nrf_sdh.o
    0x0001fc1c   0x0001fc1c   0x00000020   Data   RO         5169    .constdata          nrf_sdh_ble.o
    0x0001fc3c   0x0001fc3c   0x00000010   Data   RO         5170    .constdata          nrf_sdh_ble.o
    0x0001fc4c   0x0001fc4c   0x00000010   Data   RO         5220    .constdata          nrf_sdh_soc.o
    0x0001fc5c   0x0001fc5c   0x0000000c   Data   RO         5221    .constdata          nrf_sdh_soc.o
    0x0001fc68   0x0001fc68   0x00000081   Data   RO         5317    .constdata          mc_w.l(ctype_o.o)
    0x0001fce9   0x0001fce9   0x00000003   PAD
    0x0001fcec   0x0001fcec   0x00000004   Data   RO         5318    .constdata          mc_w.l(ctype_o.o)
    0x0001fcf0   0x0001fcf0   0x0000009a   Data   RO         1392    .conststring        nrf_ble_gatt.o
    0x0001fd8a   0x0001fd8a   0x00000002   PAD
    0x0001fd8c   0x0001fd8c   0x000003eb   Data   RO         4341    .conststring        nrf_strerror.o
    0x00020177   0x00020177   0x00000001   PAD
    0x00020178   0x00020178   0x00000066   Data   RO         4739    .conststring        nrf_log_str_formatter.o
    0x000201de   0x000201de   0x00000002   PAD
    0x000201e0   0x000201e0   0x000001cf   Data   RO         5171    .conststring        nrf_sdh_ble.o
    0x000203af   0x000203af   0x00000001   PAD
    0x000203b0   0x000203b0   0x0000000d   Data   RO         1393    .conststrlit        nrf_ble_gatt.o
    0x000203bd   0x000203bd   0x00000003   PAD
    0x000203c0   0x000203c0   0x00000008   Data   RO         1510    .conststrlit        ble_nus.o
    0x000203c8   0x000203c8   0x00000006   Data   RO         1584    .conststrlit        nrf_drv_clock.o
    0x000203ce   0x000203ce   0x00000002   PAD
    0x000203d0   0x000203d0   0x00000006   Data   RO         1916    .conststrlit        nrfx_clock.o
    0x000203d6   0x000203d6   0x00000002   PAD
    0x000203d8   0x000203d8   0x00000007   Data   RO         2081    .conststrlit        nrfx_gpiote.o
    0x000203df   0x000203df   0x00000001   PAD
    0x000203e0   0x000203e0   0x00000004   Data   RO         2311    .conststrlit        nrfx_prs.o
    0x000203e4   0x000203e4   0x00000005   Data   RO         2391    .conststrlit        nrfx_uart.o
    0x000203e9   0x000203e9   0x00000003   PAD
    0x000203ec   0x000203ec   0x00000006   Data   RO         2575    .conststrlit        nrfx_uarte.o
    0x000203f2   0x000203f2   0x00000002   PAD
    0x000203f4   0x000203f4   0x00000004   Data   RO         2726    .conststrlit        nrfx_pwm.o
    0x000203f8   0x000203f8   0x0000000b   Data   RO         2835    .conststrlit        app_button.o
    0x00020403   0x00020403   0x00000001   PAD
    0x00020404   0x00020404   0x0000000a   Data   RO         3168    .conststrlit        app_timer2.o
    0x0002040e   0x0002040e   0x00000002   PAD
    0x00020410   0x00020410   0x00000009   Data   RO         4122    .conststrlit        nrf_pwr_mgmt.o
    0x00020419   0x00020419   0x00000003   PAD
    0x0002041c   0x0002041c   0x00000009   Data   RO         4287    .conststrlit        nrf_sortlist.o
    0x00020425   0x00020425   0x00000003   PAD
    0x00020428   0x00020428   0x00000010   Data   RO         4513    .conststrlit        nrf_log_default_backends.o
    0x00020438   0x00020438   0x00000004   Data   RO         4579    .conststrlit        nrf_log_frontend.o
    0x0002043c   0x0002043c   0x00000008   Data   RO         5062    .conststrlit        nrf_sdh.o
    0x00020444   0x00020444   0x0000000c   Data   RO         5172    .conststrlit        nrf_sdh_ble.o
    0x00020450   0x00020450   0x0000000c   Data   RO         5222    .conststrlit        nrf_sdh_soc.o
    0x0002045c   0x0002045c   0x00000020   Data   RO         5652    Region$$Table       anon$$obj.o
    0x0002047c   0x0002047c   0x00000010   Data   RO         4515    log_backends        nrf_log_default_backends.o
    0x0002048c   0x0002048c   0x00000008   Data   RO         1394    log_const_data      nrf_ble_gatt.o
    0x00020494   0x00020494   0x00000008   Data   RO         1511    log_const_data      ble_nus.o
    0x0002049c   0x0002049c   0x00000008   Data   RO         1585    log_const_data      nrf_drv_clock.o
    0x000204a4   0x000204a4   0x00000008   Data   RO         1918    log_const_data      nrfx_clock.o
    0x000204ac   0x000204ac   0x00000008   Data   RO         2082    log_const_data      nrfx_gpiote.o
    0x000204b4   0x000204b4   0x00000008   Data   RO         2313    log_const_data      nrfx_prs.o
    0x000204bc   0x000204bc   0x00000008   Data   RO         2392    log_const_data      nrfx_uart.o
    0x000204c4   0x000204c4   0x00000008   Data   RO         2576    log_const_data      nrfx_uarte.o
    0x000204cc   0x000204cc   0x00000008   Data   RO         2728    log_const_data      nrfx_pwm.o
    0x000204d4   0x000204d4   0x00000008   Data   RO         2837    log_const_data      app_button.o
    0x000204dc   0x000204dc   0x00000008   Data   RO         3171    log_const_data      app_timer2.o
    0x000204e4   0x000204e4   0x00000008   Data   RO         4124    log_const_data      nrf_pwr_mgmt.o
    0x000204ec   0x000204ec   0x00000008   Data   RO         4288    log_const_data      nrf_sortlist.o
    0x000204f4   0x000204f4   0x00000008   Data   RO         4582    log_const_data      nrf_log_frontend.o
    0x000204fc   0x000204fc   0x00000008   Data   RO         5064    log_const_data      nrf_sdh.o
    0x00020504   0x00020504   0x00000008   Data   RO         5174    log_const_data      nrf_sdh_ble.o
    0x0002050c   0x0002050c   0x00000008   Data   RO         5223    log_const_data      nrf_sdh_soc.o
    0x00020514   0x00020514   0x00000014   Data   RO         4583    nrf_balloc          nrf_log_frontend.o
    0x00020528   0x00020528   0x00000008   Data   RO         1152    sdh_ble_observers0  ble_conn_state.o
    0x00020530   0x00020530   0x00000010   Data   RO           26    sdh_ble_observers1  main.o
    0x00020540   0x00020540   0x00000008   Data   RO          755    sdh_ble_observers1  bsp_btn_ble.o
    0x00020548   0x00020548   0x00000008   Data   RO         1066    sdh_ble_observers1  ble_conn_params.o
    0x00020550   0x00020550   0x00000010   Data   RO           27    sdh_ble_observers2  main.o
    0x00020560   0x00020560   0x00000008   Data   RO           28    sdh_ble_observers3  main.o
    0x00020568   0x00020568   0x00000008   Data   RO         1586    sdh_soc_observers0  nrf_drv_clock.o
    0x00020570   0x00020570   0x00000008   Data   RO         5175    sdh_stack_observers0  nrf_sdh_ble.o
    0x00020578   0x00020578   0x00000008   Data   RO         5224    sdh_stack_observers0  nrf_sdh_soc.o
    0x00020580   0x00020580   0x00000008   Data   RO         1587    sdh_state_observers0  nrf_drv_clock.o


    Execution Region RW_IRAM1 (Exec base: 0x200022c8, Load base: 0x00020588, Size: 0x00002fa8, Max: 0x00003d38, ABSOLUTE, COMPRESSED[0x00000068])

    Exec Addr    Load Addr    Size         Type   Attr      Idx    E Section Name        Object

    0x200022c8   COMPRESSED   0x00000008   Data   RW           23    .data               main.o
    0x200022d0   COMPRESSED   0x0000002c   Data   RW           24    .data               main.o
    0x200022fc   COMPRESSED   0x00000004   Data   RW           25    .data               main.o
    0x20002300   COMPRESSED   0x0000001c   Data   RW          431    .data               drv_ws2812.o
    0x2000231c   COMPRESSED   0x00000010   Data   RW          653    .data               bsp.o
    0x2000232c   COMPRESSED   0x00000008   Data   RW          754    .data               bsp_btn_ble.o
    0x20002334   COMPRESSED   0x00000008   Data   RW         1065    .data               ble_conn_params.o
    0x2000233c   COMPRESSED   0x0000000c   Data   RW         1711    .data               nrf_drv_uart.o
    0x20002348   COMPRESSED   0x00000008   Data   RW         1917    .data               nrfx_clock.o
    0x20002350   COMPRESSED   0x00000008   Data   RW         2312    .data               nrfx_prs.o
    0x20002358   COMPRESSED   0x00000008   Data   RW         2727    .data               nrfx_pwm.o
    0x20002360   COMPRESSED   0x00000018   Data   RW         2836    .data               app_button.o
    0x20002378   COMPRESSED   0x00000020   Data   RW         3169    .data               app_timer2.o
    0x20002398   COMPRESSED   0x00000004   Data   RW         3170    .data               app_timer2.o
    0x2000239c   COMPRESSED   0x0000001c   Data   RW         3296    .data               app_uart_fifo.o
    0x200023b8   COMPRESSED   0x0000000c   Data   RW         3460    .data               drv_rtc.o
    0x200023c4   COMPRESSED   0x00000008   Data   RW         4123    .data               nrf_pwr_mgmt.o
    0x200023cc   COMPRESSED   0x00000001   Data   RW         4417    .data               nrf_log_backend_rtt.o
    0x200023cd   COMPRESSED   0x00000003   PAD
    0x200023d0   COMPRESSED   0x00000008   Data   RW         4514    .data               nrf_log_default_backends.o
    0x200023d8   COMPRESSED   0x00000008   Data   RW         4580    .data               nrf_log_frontend.o
    0x200023e0   COMPRESSED   0x00000008   Data   RW         4581    .data               nrf_log_frontend.o
    0x200023e8   COMPRESSED   0x00000040   Data   RW         4740    .data               nrf_log_str_formatter.o
    0x20002428   COMPRESSED   0x00000003   Data   RW         5063    .data               nrf_sdh.o
    0x2000242b   COMPRESSED   0x00000001   Data   RW         5173    .data               nrf_sdh_ble.o
    0x2000242c   COMPRESSED   0x00000004   Data   RW         5266    .data               system_nrf52810.o
    0x20002430        -       0x00000020   Zero   RW           20    .bss                main.o
    0x20002450        -       0x00000428   Zero   RW           21    .bss                main.o
    0x20002878        -       0x000016da   Zero   RW          429    .bss                drv_ws2812.o
    0x20003f52   COMPRESSED   0x00000006   PAD
    0x20003f58        -       0x00000020   Zero   RW          648    .bss                bsp.o
    0x20003f78        -       0x00000020   Zero   RW          649    .bss                bsp.o
    0x20003f98        -       0x0000000c   Zero   RW          650    .bss                bsp.o
    0x20003fa4   COMPRESSED   0x00000004   PAD
    0x20003fa8        -       0x00000020   Zero   RW          651    .bss                bsp.o
    0x20003fc8        -       0x00000050   Zero   RW         1064    .bss                ble_conn_params.o
    0x20004018        -       0x0000007c   Zero   RW         1151    .bss                ble_conn_state.o
    0x20004094        -       0x00000014   Zero   RW         1579    .bss                nrf_drv_clock.o
    0x200040a8        -       0x0000005c   Zero   RW         2076    .bss                nrfx_gpiote.o
    0x20004104        -       0x0000002c   Zero   RW         2386    .bss                nrfx_uart.o
    0x20004130        -       0x00000024   Zero   RW         2570    .bss                nrfx_uarte.o
    0x20004154   COMPRESSED   0x00000004   PAD
    0x20004158        -       0x00000020   Zero   RW         2832    .bss                app_button.o
    0x20004178        -       0x00000010   Zero   RW         2833    .bss                app_button.o
    0x20004188        -       0x00000010   Zero   RW         3165    .bss                app_timer2.o
    0x20004198        -       0x00000058   Zero   RW         3166    .bss                app_timer2.o
    0x200041f0        -       0x00000020   Zero   RW         3294    .bss                app_uart_fifo.o
    0x20004210        -       0x0000000c   Zero   RW         3375    .bss                app_util_platform.o
    0x2000421c        -       0x0000000c   Zero   RW         4119    .bss                nrf_pwr_mgmt.o
    0x20004228        -       0x00000040   Zero   RW         4414    .bss                nrf_log_backend_rtt.o
    0x20004268        -       0x000000c0   Zero   RW         4574    .bss                nrf_log_frontend.o
    0x20004328        -       0x00000080   Zero   RW         4575    .bss                nrf_log_frontend.o
    0x200043a8        -       0x00000018   Zero   RW         4576    .bss                nrf_log_frontend.o
    0x200043c0        -       0x00000424   Zero   RW         4577    .bss                nrf_log_frontend.o
    0x200047e4        -       0x00000288   Zero   RW         4816    .bss                segger_rtt.o
    0x20004a6c   COMPRESSED   0x00000004   PAD
    0x20004a70        -       0x00000800   Zero   RW         5251    STACK               arm_startup_nrf52810.o



  Load Region LR$$.ARM.__AT_0x10001084 (Base: 0x10001084, Size: 0x00000004, Max: 0x00000004, ABSOLUTE)

    Execution Region ER$$.ARM.__AT_0x10001084 (Exec base: 0x10001084, Load base: 0x10001084, Size: 0x00000004, Max: 0x00000004, ABSOLUTE, UNINIT)

    Exec Addr    Load Addr    Size         Type   Attr      Idx    E Section Name        Object

    0x10001084   0x10001084   0x00000004   Data   RO           19    .ARM.__AT_0x10001084  main.o


==============================================================================

Image component sizes


      Code (inc. data)   RO Data    RW Data    ZI Data      Debug   Object Name

       664         66         27         24         48      17258   app_button.o
        22          0          0          0          0       2393   app_error.o
       132         46          0          0          0      28073   app_error_weak.o
       118          0          0          0          0       4730   app_fifo.o
       846         88         38         36        104      15849   app_timer2.o
       528         60         32         28         32      20866   app_uart_fifo.o
       124         14          0          0         12       9434   app_util_platform.o
        36          8        512          0       2048        880   arm_startup_nrf52810.o
      1332          0          0          0          0      52724   ble_advdata.o
      1022          6          0          0          0      10395   ble_advertising.o
       636         44          8          8         80       8855   ble_conn_params.o
       390         10          8          0        124       7407   ble_conn_state.o
        72          0          0          0          0       1588   ble_link_ctx_manager.o
       664          6         32          0          0       6668   ble_nus.o
       456          6          0          0          0       3203   ble_srv_common.o
       358         40          8          0          0      12975   boards.o
       998         84         44         16        108      14943   bsp.o
       252         10          8          8          0       4576   bsp_btn_ble.o
       696         76          6         12          0      43101   drv_rtc.o
       260         34         12         28       5850      39858   drv_ws2812.o
      1832        502        100         56       1096     173060   main.o
       326          0          0          0          0       5619   nrf_atfifo.o
        64          0          0          0          0       2796   nrf_atflags.o
       306          0          0          0          0       7527   nrf_atomic.o
       164          0          0          0          0       3464   nrf_balloc.o
      1038        454        189          0          0       8653   nrf_ble_gatt.o
       276          0          0          0          0       4481   nrf_ble_qwr.o
       276         34         30          0         20      34880   nrf_drv_clock.o
       200         26          0         12          0      17620   nrf_drv_uart.o
        50          0          0          0          0       3413   nrf_fprintf.o
       866          4         16          0          0       6330   nrf_fprintf_format.o
       112         18         18          1         64       5841   nrf_log_backend_rtt.o
       200          0          0          0          0      10789   nrf_log_backend_serial.o
        28          4         32          8          0       3277   nrf_log_default_backends.o
      1660        118         44         16       1404      30698   nrf_log_frontend.o
       570        108        102         64          0       5428   nrf_log_str_formatter.o
       346          0          0          0          0       9131   nrf_memobj.o
        60         12         53          8         12       4839   nrf_pwr_mgmt.o
        28          0          0          0          0       2303   nrf_ringbuf.o
       384         46        104          3          0      36322   nrf_sdh.o
       716        232        539          1          0       5689   nrf_sdh_ble.o
        60          4         56          0          0       2404   nrf_sdh_soc.o
        78          0          0          0          0       2612   nrf_section_iter.o
        84          0         17          0          0       3881   nrf_sortlist.o
        76         10       1319          0          0       2623   nrf_strerror.o
       222         30         14          8          0      40570   nrfx_clock.o
      1222         92         19          0         92      56099   nrfx_gpiote.o
        94         16         12          8          0       3593   nrfx_prs.o
       726         20         12          8          0      19405   nrfx_pwm.o
      1364         38         17          0         44      29269   nrfx_uart.o
      1286         36         18          0         36      24215   nrfx_uarte.o
       378         34          0          0        648       8657   segger_rtt.o
       964         90          0          4          0       4475   system_nrf52810.o

    ----------------------------------------------------------------------
     25712       2526       3532        360      11840     885739   Object Totals
         0          0         32          0          0          0   (incl. Generated)
        50          0         54          3         18          0   (incl. Padding)

    ----------------------------------------------------------------------

      Code (inc. data)   RO Data    RW Data    ZI Data      Debug   Library Member Name

        86          0          0          0          0          0   __dczerorl2.o
         8          4        133          0          0         68   ctype_o.o
         0          0          0          0          0          0   entry.o
         0          0          0          0          0          0   entry10a.o
         0          0          0          0          0          0   entry11a.o
         8          4          0          0          0          0   entry2.o
         4          0          0          0          0          0   entry5.o
         0          0          0          0          0          0   entry7b.o
         0          0          0          0          0          0   entry8b.o
         8          4          0          0          0          0   entry9a.o
        30          0          0          0          0          0   handlers.o
        36          8          0          0          0         68   init.o
        30          0          0          0          0         68   llshl.o
        32          0          0          0          0         68   llushr.o
        36          0          0          0          0         68   memcpya.o
        36          0          0          0          0        108   memseta.o
       264          6          0          0          0        244   printf2.o
        18          0          0          0          0         68   strcpy.o
        14          0          0          0          0         68   strlen.o
        98          0          0          0          0         92   uldiv.o

    ----------------------------------------------------------------------
       712         26        136          0          0        920   Library Totals
         4          0          3          0          0          0   (incl. Padding)

    ----------------------------------------------------------------------

      Code (inc. data)   RO Data    RW Data    ZI Data      Debug   Library Name

       708         26        133          0          0        920   mc_w.l

    ----------------------------------------------------------------------
       712         26        136          0          0        920   Library Totals

    ----------------------------------------------------------------------

==============================================================================


      Code (inc. data)   RO Data    RW Data    ZI Data      Debug   

     26424       2552       3668        360      11840     869367   Grand Totals
     26424       2552       3668        104      11840     869367   ELF Image Totals (compressed)
     26424       2552       3668        104          0          0   ROM Totals

==============================================================================

    Total RO  Size (Code + RO Data)                30092 (  29.39kB)
    Total RW  Size (RW Data + ZI Data)             12200 (  11.91kB)
    Total ROM Size (Code + RO Data + RW Data)      30196 (  29.49kB)

==============================================================================

