Archive member included to satisfy reference by file (symbol)

C:/Program Files/SEGGER/SEGGER Embedded Studio for ARM 4.22/lib/libc_v7em_t_le_eabi.a(libc_asm.o)
                              Output/ble_app_uart_pca10040e_s112 Release/Obj/bsp.o (__aeabi_uldivmod)
C:/Program Files/SEGGER/SEGGER Embedded Studio for ARM 4.22/lib/libc_v7em_t_le_eabi.a(libc2.o)
                              Output/ble_app_uart_pca10040e_s112 Release/Obj/nrf_log_str_formatter.o (isprint)
C:/Program Files/SEGGER/SEGGER Embedded Studio for ARM 4.22/lib/libc_v7em_t_le_eabi.a(libc2_asm.o)
                              Output/ble_app_uart_pca10040e_s112 Release/Obj/nrf_log_frontend.o (memcpy)
C:/Program Files/SEGGER/SEGGER Embedded Studio for ARM 4.22/lib/libc_v7em_t_le_eabi.a(libc.o)
                              C:/Program Files/SEGGER/SEGGER Embedded Studio for ARM 4.22/lib/libc_v7em_t_le_eabi.a(libc2.o) (__heap_lock)
C:/Program Files/SEGGER/SEGGER Embedded Studio for ARM 4.22/lib/libdebugio_v7em_t_le_eabi.a(libdebugio.o)
                              Output/ble_app_uart_pca10040e_s112 Release/Obj/thumb_crt0.o (debug_fopen)
C:/Program Files/SEGGER/SEGGER Embedded Studio for ARM 4.22/lib/libdebugio_mempoll_v7em_t_le_eabi.a(mempoll_debug_operations.o)
                              C:/Program Files/SEGGER/SEGGER Embedded Studio for ARM 4.22/lib/libdebugio_v7em_t_le_eabi.a(libdebugio.o) (__do_debug_operation)
C:/Program Files/SEGGER/SEGGER Embedded Studio for ARM 4.22/lib/libdebugio_mempoll_v7em_t_le_eabi.a(do_nv_debug_operation.o)
                              C:/Program Files/SEGGER/SEGGER Embedded Studio for ARM 4.22/lib/libdebugio_v7em_t_le_eabi.a(libdebugio.o) (__do_nvdebug_operation)
C:/Program Files/SEGGER/SEGGER Embedded Studio for ARM 4.22/lib/libm_v7em_t_le_eabi.a(libm_asm.o)
                              C:/Program Files/SEGGER/SEGGER Embedded Studio for ARM 4.22/lib/libc_v7em_t_le_eabi.a(libc2.o) (__aeabi_i2f)
C:/Program Files/SEGGER/SEGGER Embedded Studio for ARM 4.22/lib/libm_v7em_t_le_eabi.a(libm2.o)
                              C:/Program Files/SEGGER/SEGGER Embedded Studio for ARM 4.22/lib/libvfprintf_v7em_t_le_eabi.o (frexp)
C:/Program Files/SEGGER/SEGGER Embedded Studio for ARM 4.22/lib/libm_v7em_t_le_eabi.a(libm2_asm.o)
                              C:/Program Files/SEGGER/SEGGER Embedded Studio for ARM 4.22/lib/libm_v7em_t_le_eabi.a(libm2.o) (fabs)

Discarded input sections

 .text          0x0000000000000000        0x0 Output/ble_app_uart_pca10040e_s112 Release/Obj/thumb_crt0.o
 .data          0x0000000000000000        0x0 Output/ble_app_uart_pca10040e_s112 Release/Obj/thumb_crt0.o
 .bss           0x0000000000000000        0x0 Output/ble_app_uart_pca10040e_s112 Release/Obj/thumb_crt0.o
 .text.__aeabi_read_tp
                0x0000000000000000        0x8 Output/ble_app_uart_pca10040e_s112 Release/Obj/thumb_crt0.o
 .text.abort    0x0000000000000000        0x2 Output/ble_app_uart_pca10040e_s112 Release/Obj/thumb_crt0.o
 .text.__assert
                0x0000000000000000        0x2 Output/ble_app_uart_pca10040e_s112 Release/Obj/thumb_crt0.o
 .text.__aeabi_assert
                0x0000000000000000        0x2 Output/ble_app_uart_pca10040e_s112 Release/Obj/thumb_crt0.o
 .text.__sync_synchronize
                0x0000000000000000        0x2 Output/ble_app_uart_pca10040e_s112 Release/Obj/thumb_crt0.o
 .text.__getchar
                0x0000000000000000        0x4 Output/ble_app_uart_pca10040e_s112 Release/Obj/thumb_crt0.o
 .text.__putchar
                0x0000000000000000        0x4 Output/ble_app_uart_pca10040e_s112 Release/Obj/thumb_crt0.o
 .text.__open   0x0000000000000000        0x4 Output/ble_app_uart_pca10040e_s112 Release/Obj/thumb_crt0.o
 .text.__close  0x0000000000000000        0x4 Output/ble_app_uart_pca10040e_s112 Release/Obj/thumb_crt0.o
 .text.__write  0x0000000000000000        0xa Output/ble_app_uart_pca10040e_s112 Release/Obj/thumb_crt0.o
 .text.__read   0x0000000000000000        0xa Output/ble_app_uart_pca10040e_s112 Release/Obj/thumb_crt0.o
 .text.__seek   0x0000000000000000       0x1a Output/ble_app_uart_pca10040e_s112 Release/Obj/thumb_crt0.o
 .bss.__user_locale_name_buffer
                0x0000000000000000        0x4 Output/ble_app_uart_pca10040e_s112 Release/Obj/thumb_crt0.o
 .stack         0x0000000000000000        0x0 Output/ble_app_uart_pca10040e_s112 Release/Obj/thumb_crt0.o
 .stack_process
                0x0000000000000000        0x0 Output/ble_app_uart_pca10040e_s112 Release/Obj/thumb_crt0.o
 .heap          0x0000000000000000        0x0 Output/ble_app_uart_pca10040e_s112 Release/Obj/thumb_crt0.o
 .text          0x0000000000000000        0x0 Output/ble_app_uart_pca10040e_s112 Release/Obj/nrf_log_backend_rtt.o
 .data          0x0000000000000000        0x0 Output/ble_app_uart_pca10040e_s112 Release/Obj/nrf_log_backend_rtt.o
 .bss           0x0000000000000000        0x0 Output/ble_app_uart_pca10040e_s112 Release/Obj/nrf_log_backend_rtt.o
[...]
Memory Configuration

Name             Origin             Length             Attributes
UNPLACED_SECTIONS 0x0000000100000000 0x0000000000000000 xw
RAM              0x0000000020000000 0x0000000000006000 xw
FLASH            0x0000000000000000 0x0000000000030000 xw
*default*        0x0000000000000000 0xffffffffffffffff

Linker script and memory map

                0x0000000000000000                __vfprintf = __vfprintf_long
                0x0000000000000000                __vfscanf = __vfscanf_long
                0x0000000020000000                __RAM_segment_start__ = 0x20000000
                0x0000000020006000                __RAM_segment_end__ = 0x20006000
                0x0000000000006000                __RAM_segment_size__ = 0x6000
                0x0000000000000000                __FLASH_segment_start__ = 0x0
                0x0000000000030000                __FLASH_segment_end__ = 0x30000
                0x0000000000030000                __FLASH_segment_size__ = 0x30000
                0x0000000000000800                __HEAPSIZE__ = 0x800
                0x0000000000000000                __STACKSIZE_PROCESS__ = 0x0
                0x0000000000000800                __STACKSIZE__ = 0x800
                0x0000000020000000                __reserved_ram_load_start__ = 0x20000000

.reserved_ram   0x0000000020000000     0x22c8
                0x0000000020000000                __reserved_ram_start__ = .
 *(.reserved_ram .reserved_ram.*)
                0x00000000200022c8                . = MAX (((__reserved_ram_start__ + 0x200022c8) - 0x20000000), .)
 *fill*         0x0000000020000000     0x22c8 
                0x00000000200022c8                __reserved_ram_end__ = (__reserved_ram_start__ + SIZEOF (.reserved_ram))
                0x00000000000022c8                __reserved_ram_size__ = SIZEOF (.reserved_ram)
                0x00000000200022c8                __reserved_ram_load_end__ = __reserved_ram_end__
                0x0000000000000001                . = ASSERT (((__reserved_ram_start__ == __reserved_ram_end__) || ((__reserved_ram_end__ - __RAM_segment_start__) <= __RAM_segment_size__)), error: .reserved_ram is too large to fit in RAM memory segment)
                0x00000000200022c8                __vectors_ram_load_start__ = 0x200022c8

.vectors_ram    0x00000000200022c8        0x0
                0x00000000200022c8                __vectors_ram_start__ = .
                0x00000000200022c8                __app_ram_start__ = __vectors_ram_start__
 *(.vectors_ram .vectors_ram.*)
                0x00000000200022c8                __vectors_ram_end__ = (__vectors_ram_start__ + SIZEOF (.vectors_ram))
                0x0000000000000000                __vectors_ram_size__ = SIZEOF (.vectors_ram)
                0x00000000200022c8                __vectors_ram_load_end__ = __vectors_ram_end__
                0x0000000000000001                . = ASSERT (((__vectors_ram_start__ == __vectors_ram_end__) || ((__vectors_ram_end__ - __RAM_segment_start__) <= __RAM_segment_size__)), error: .vectors_ram is too large to fit in RAM memory segment)
                0x0000000000000001                . = ASSERT ((__reserved_ram_end__ <= __vectors_ram_start__), error: section .reserved_ram overlaps absolute placed section .vectors_ram)
                0x00000000200022c8                __nrf_sections_run_load_start__ = ALIGN (__vectors_ram_end__, 0x4)

.nrf_sections_run
                0x00000000200022c8        0x0
                0x00000000200022c8                __nrf_sections_run_start__ = .
                0x00000000200022c8                __start_nrf_sections_run = __nrf_sections_run_start__
 *(.nrf_sections_run .nrf_sections_run.*)
                0x00000000200022c8                __nrf_sections_run_end__ = (__nrf_sections_run_start__ + SIZEOF (.nrf_sections_run))
                0x0000000000000000                __nrf_sections_run_size__ = SIZEOF (.nrf_sections_run)
                0x00000000200022c8                __nrf_sections_run_load_end__ = __nrf_sections_run_end__
                0x0000000000000001                . = ASSERT (((__nrf_sections_run_start__ == __nrf_sections_run_end__) || ((__nrf_sections_run_end__ - __RAM_segment_start__) <= __RAM_segment_size__)), error: .nrf_sections_run is too large to fit in RAM memory segment)
                0x0000000000000000                __reserved_flash_load_start__ = 0x0

.reserved_flash
                0x0000000000000000    0x19000
                0x0000000000000000                __reserved_flash_start__ = .
 *(.reserved_flash .reserved_flash.*)
                0x0000000000019000                . = MAX (((__reserved_flash_start__ + 0x19000) - 0x0), .)
 *fill*         0x0000000000000000    0x19000 
                0x0000000000019000                __reserved_flash_end__ = (__reserved_flash_start__ + SIZEOF (.reserved_flash))
                0x0000000000019000                __reserved_flash_size__ = SIZEOF (.reserved_flash)
                0x0000000000019000                __reserved_flash_load_end__ = __reserved_flash_end__
                0x0000000000000001                . = ASSERT (((__reserved_flash_start__ == __reserved_flash_end__) || ((__reserved_flash_end__ - __FLASH_segment_start__) <= __FLASH_segment_size__)), error: .reserved_flash is too large to fit in FLASH memory segment)
                0x0000000000019000                __vectors_load_start__ = 0x19000

.vectors        0x0000000000019000      0x200
                0x0000000000019000                __vectors_start__ = .
 *(.vectors .vectors.*)
 .vectors       0x0000000000019000      0x200 Output/ble_app_uart_pca10040e_s112 Release/Obj/ses_startup_nrf52810.o
                0x0000000000019000                _vectors
                0x0000000000019200                __vectors_end__ = (__vectors_start__ + SIZEOF (.vectors))
                0x0000000000000200                __vectors_size__ = SIZEOF (.vectors)
                0x0000000000019200                __vectors_load_end__ = __vectors_end__
                0x0000000000000001                . = ASSERT (((__vectors_start__ == __vectors_end__) || ((__vectors_end__ - __FLASH_segment_start__) <= __FLASH_segment_size__)), error: .vectors is too large to fit in FLASH memory segment)
                0x0000000000000001                . = ASSERT ((__reserved_flash_end__ <= __vectors_start__), error: section .reserved_flash overlaps absolute placed section .vectors)
                0x0000000000019200                __init_load_start__ = ALIGN (__vectors_end__, 0x4)

.init           0x0000000000019200      0x1ec
                0x0000000000019200                __init_start__ = .
 *(.init .init.*)
 .init          0x0000000000019200      0x15c Output/ble_app_uart_pca10040e_s112 Release/Obj/thumb_crt0.o
                0x0000000000019200                _start
                0x00000000000192b4                exit
 .init          0x000000000001935c       0x48 Output/ble_app_uart_pca10040e_s112 Release/Obj/ses_startup_nrf52810.o
                0x000000000001935c                NMI_Handler
                0x000000000001935e                HardFault_Handler
                0x0000000000019360                MemoryManagement_Handler
                0x0000000000019362                BusFault_Handler
                0x0000000000019364                UsageFault_Handler
                0x0000000000019366                SVC_Handler
                0x0000000000019368                DebugMon_Handler
                0x000000000001936a                PendSV_Handler
                0x000000000001936c                SysTick_Handler
                0x000000000001936e                SWI0_EGU0_IRQHandler
                0x000000000001936e                SWI4_IRQHandler
                0x000000000001936e                TEMP_IRQHandler
                0x000000000001936e                RTC0_IRQHandler
                0x000000000001936e                PDM_IRQHandler
                0x000000000001936e                RADIO_IRQHandler
                0x000000000001936e                SWI5_IRQHandler
                0x000000000001936e                TIMER0_IRQHandler
                0x000000000001936e                Dummy_Handler
                0x000000000001936e                TIMER1_IRQHandler
                0x000000000001936e                ECB_IRQHandler
                0x000000000001936e                SWI3_IRQHandler
                0x000000000001936e                SPIM0_SPIS0_SPI0_IRQHandler
                0x000000000001936e                SAADC_IRQHandler
                0x000000000001936e                CCM_AAR_IRQHandler
                0x000000000001936e                WDT_IRQHandler
                0x000000000001936e                QDEC_IRQHandler
                0x000000000001936e                RNG_IRQHandler
                0x000000000001936e                COMP_IRQHandler
                0x000000000001936e                SWI1_EGU1_IRQHandler
                0x000000000001936e                TWIM0_TWIS0_TWI0_IRQHandler
                0x000000000001936e                TIMER2_IRQHandler
                0x0000000000019370                nRFInitialize
 .init          0x00000000000193a4       0x48 Output/ble_app_uart_pca10040e_s112 Release/Obj/ses_startup_nrf_common.o
                0x00000000000193a4                Reset_Handler
                0x00000000000193a8                afterInitialize
                0x00000000000193ba                InitializeUserMemorySections
                0x00000000000193ec                __init_end__ = (__init_start__ + SIZEOF (.init))
                0x00000000000001ec                __init_size__ = SIZEOF (.init)
                0x00000000000193ec                __init_load_end__ = __init_end__
                0x0000000000000001                . = ASSERT (((__init_start__ == __init_end__) || ((__init_end__ - __FLASH_segment_start__) <= __FLASH_segment_size__)), error: .init is too large to fit in FLASH memory segment)
                0x00000000000193ec                __init_rodata_load_start__ = ALIGN (__init_end__, 0x4)

.init_rodata    0x00000000000193ec        0x0
                0x00000000000193ec                __init_rodata_start__ = .
 *(.init_rodata .init_rodata.*)
                0x00000000000193ec                __init_rodata_end__ = (__init_rodata_start__ + SIZEOF (.init_rodata))
                0x0000000000000000                __init_rodata_size__ = SIZEOF (.init_rodata)
                0x00000000000193ec                __init_rodata_load_end__ = __init_rodata_end__
                0x0000000000000001                . = ASSERT (((__init_rodata_start__ == __init_rodata_end__) || ((__init_rodata_end__ - __FLASH_segment_start__) <= __FLASH_segment_size__)), error: .init_rodata is too large to fit in FLASH memory segment)
                0x00000000000193ec                __text_load_start__ = ALIGN (__init_rodata_end__, 0x4)

.text           0x00000000000193ec     0x613a
                0x00000000000193ec                __text_start__ = .
 *(.text .text.* .glue_7t .glue_7 .gnu.linkonce.t.* .gcc_except_table .ARM.extab* .gnu.linkonce.armextab.*)
 .glue_7        0x00000000000193ec        0x0 linker stubs
 .glue_7t       0x00000000000193ec        0x0 linker stubs
 .text.nrf_log_backend_rtt_flush
                0x00000000000193ec        0x2 Output/ble_app_uart_pca10040e_s112 Release/Obj/nrf_log_backend_rtt.o
 *fill*         0x00000000000193ee        0x2 
 .text.nrf_log_backend_rtt_put
                0x00000000000193f0       0x1c Output/ble_app_uart_pca10040e_s112 Release/Obj/nrf_log_backend_rtt.o
 .text.serial_tx
                0x000000000001940c       0x50 Output/ble_app_uart_pca10040e_s112 Release/Obj/nrf_log_backend_rtt.o
 .text.nrf_log_backend_rtt_panic_set
                0x000000000001945c        0x2 Output/ble_app_uart_pca10040e_s112 Release/Obj/nrf_log_backend_rtt.o
 .text.nrf_log_backend_rtt_init
                0x000000000001945e        0x4 Output/ble_app_uart_pca10040e_s112 Release/Obj/nrf_log_backend_rtt.o
                0x000000000001945e                nrf_log_backend_rtt_init
 .text.nrf_log_backend_serial_put
                0x0000000000019462       0xc0 Output/ble_app_uart_pca10040e_s112 Release/Obj/nrf_log_backend_serial.o
                0x0000000000019462                nrf_log_backend_serial_put
 *fill*         0x0000000000019522        0x2 
 .text.nrf_log_default_backends_init
                0x0000000000019524       0x20 Output/ble_app_uart_pca10040e_s112 Release/Obj/nrf_log_default_backends.o
                0x0000000000019524                nrf_log_default_backends_init
 .text.invalid_packets_omit
                0x0000000000019544       0x3a Output/ble_app_uart_pca10040e_s112 Release/Obj/nrf_log_frontend.o
 *fill*         0x000000000001957e        0x2 
 .text.buf_prealloc
                0x0000000000019580      0x138 Output/ble_app_uart_pca10040e_s112 Release/Obj/nrf_log_frontend.o
 .text.nrf_log_init
                0x00000000000196b8       0x3c Output/ble_app_uart_pca10040e_s112 Release/Obj/nrf_log_frontend.o
                0x00000000000196b8                nrf_log_init
 .text.nrf_log_module_name_get
                0x00000000000196f4       0x38 Output/ble_app_uart_pca10040e_s112 Release/Obj/nrf_log_frontend.o
                0x00000000000196f4                nrf_log_module_name_get
 .text.nrf_log_color_id_get
                0x000000000001972c       0x2c Output/ble_app_uart_pca10040e_s112 Release/Obj/nrf_log_frontend.o
                0x000000000001972c                nrf_log_color_id_get
 .text.buffer_is_empty
                0x0000000000019758       0x14 Output/ble_app_uart_pca10040e_s112 Release/Obj/nrf_log_frontend.o
                0x0000000000019758                buffer_is_empty
 .text.nrf_log_frontend_dequeue
                0x000000000001976c      0x224 Output/ble_app_uart_pca10040e_s112 Release/Obj/nrf_log_frontend.o
                0x000000000001976c                nrf_log_frontend_dequeue
 .text.std_n    0x0000000000019990       0xb0 Output/ble_app_uart_pca10040e_s112 Release/Obj/nrf_log_frontend.o
 .text.nrf_log_frontend_std_0
                0x0000000000019a40        0x8 Output/ble_app_uart_pca10040e_s112 Release/Obj/nrf_log_frontend.o
                0x0000000000019a40                nrf_log_frontend_std_0
 .text.nrf_log_frontend_std_1
                0x0000000000019a48       0x12 Output/ble_app_uart_pca10040e_s112 Release/Obj/nrf_log_frontend.o
                0x0000000000019a48                nrf_log_frontend_std_1
 .text.nrf_log_frontend_std_2
                0x0000000000019a5a       0x14 Output/ble_app_uart_pca10040e_s112 Release/Obj/nrf_log_frontend.o
                0x0000000000019a5a                nrf_log_frontend_std_2
 .text.nrf_log_frontend_std_3
                0x0000000000019a6e       0x18 Output/ble_app_uart_pca10040e_s112 Release/Obj/nrf_log_frontend.o
                0x0000000000019a6e                nrf_log_frontend_std_3
 .text.nrf_log_frontend_std_5
                0x0000000000019a86       0x20 Output/ble_app_uart_pca10040e_s112 Release/Obj/nrf_log_frontend.o
                0x0000000000019a86                nrf_log_frontend_std_5
 *fill*         0x0000000000019aa6        0x2 
 .text.nrf_log_frontend_hexdump
                0x0000000000019aa8       0xc0 Output/ble_app_uart_pca10040e_s112 Release/Obj/nrf_log_frontend.o
                0x0000000000019aa8                nrf_log_frontend_hexdump
 .text.nrf_log_backend_add
                0x0000000000019b68       0x44 Output/ble_app_uart_pca10040e_s112 Release/Obj/nrf_log_frontend.o
                0x0000000000019b68                nrf_log_backend_add
 .text.nrf_log_panic
                0x0000000000019bac       0x2c Output/ble_app_uart_pca10040e_s112 Release/Obj/nrf_log_frontend.o
                0x0000000000019bac                nrf_log_panic
 .text.postfix_process
                0x0000000000019bd8       0x3c Output/ble_app_uart_pca10040e_s112 Release/Obj/nrf_log_str_formatter.o
 .text.prefix_process
                0x0000000000019c14       0x78 Output/ble_app_uart_pca10040e_s112 Release/Obj/nrf_log_str_formatter.o
 .text.nrf_log_std_entry_process
                0x0000000000019c8c       0xc8 Output/ble_app_uart_pca10040e_s112 Release/Obj/nrf_log_str_formatter.o
                0x0000000000019c8c                nrf_log_std_entry_process
 .text.nrf_log_hexdump_entry_process
                0x0000000000019d54       0xb4 Output/ble_app_uart_pca10040e_s112 Release/Obj/nrf_log_str_formatter.o
                0x0000000000019d54                nrf_log_hexdump_entry_process
 .text.state_set
                0x0000000000019e08       0x24 Output/ble_app_uart_pca10040e_s112 Release/Obj/app_button.o
 .text.button_get
                0x0000000000019e2c       0x30 Output/ble_app_uart_pca10040e_s112 Release/Obj/app_button.o
 .text.usr_event
                0x0000000000019e5c       0x1c Output/ble_app_uart_pca10040e_s112 Release/Obj/app_button.o
 .text.timer_start
                0x0000000000019e78       0x18 Output/ble_app_uart_pca10040e_s112 Release/Obj/app_button.o
 .text.gpiote_event_handler
                0x0000000000019e90       0x34 Output/ble_app_uart_pca10040e_s112 Release/Obj/app_button.o
 .text.evt_handle
                0x0000000000019ec4       0xe8 Output/ble_app_uart_pca10040e_s112 Release/Obj/app_button.o
                0x0000000000019ec4                evt_handle
 .text.detection_delay_timeout_handler
                0x0000000000019fac       0x5c Output/ble_app_uart_pca10040e_s112 Release/Obj/app_button.o
 .text.app_button_init
                0x000000000001a008       0xac Output/ble_app_uart_pca10040e_s112 Release/Obj/app_button.o
                0x000000000001a008                app_button_init
 .text.app_button_enable
                0x000000000001a0b4       0x2c Output/ble_app_uart_pca10040e_s112 Release/Obj/app_button.o
                0x000000000001a0b4                app_button_enable
 .text.app_error_save_and_stop
                0x000000000001a0e0       0x58 Output/ble_app_uart_pca10040e_s112 Release/Obj/app_error.o
                0x000000000001a0e0                app_error_save_and_stop
 .text.app_error_handler
                0x000000000001a138       0x1a Output/ble_app_uart_pca10040e_s112 Release/Obj/app_error_handler_gcc.o
                0x000000000001a138                app_error_handler
 *fill*         0x000000000001a152        0x2 
 .text.app_error_fault_handler
                0x000000000001a154       0xcc Output/ble_app_uart_pca10040e_s112 Release/Obj/app_error_weak.o
                0x000000000001a154                app_error_fault_handler
 .text.app_fifo_init
                0x000000000001a220       0x1e Output/ble_app_uart_pca10040e_s112 Release/Obj/app_fifo.o
                0x000000000001a220                app_fifo_init
 .text.app_fifo_put
                0x000000000001a23e       0x24 Output/ble_app_uart_pca10040e_s112 Release/Obj/app_fifo.o
                0x000000000001a23e                app_fifo_put
 .text.app_fifo_get
                0x000000000001a262       0x22 Output/ble_app_uart_pca10040e_s112 Release/Obj/app_fifo.o
                0x000000000001a262                app_fifo_get
 .text.compare_func
                0x000000000001a284       0x16 Output/ble_app_uart_pca10040e_s112 Release/Obj/app_timer2.o
 *fill*         0x000000000001a29a        0x2 
 .text.get_now  0x000000000001a29c       0x44 Output/ble_app_uart_pca10040e_s112 Release/Obj/app_timer2.o
 .text.timer_req_schedule
                0x000000000001a2e0       0x38 Output/ble_app_uart_pca10040e_s112 Release/Obj/app_timer2.o
 .text.timer_expire
                0x000000000001a318       0x70 Output/ble_app_uart_pca10040e_s112 Release/Obj/app_timer2.o
 .text.app_timer_init
                0x000000000001a388       0x64 Output/ble_app_uart_pca10040e_s112 Release/Obj/app_timer2.o
                0x000000000001a388                app_timer_init
 .text.app_timer_create
                0x000000000001a3ec       0x16 Output/ble_app_uart_pca10040e_s112 Release/Obj/app_timer2.o
                0x000000000001a3ec                app_timer_create
 .text.app_timer_start
                0x000000000001a402       0x30 Output/ble_app_uart_pca10040e_s112 Release/Obj/app_timer2.o
                0x000000000001a402                app_timer_start
 .text.app_timer_stop
                0x000000000001a432        0xc Output/ble_app_uart_pca10040e_s112 Release/Obj/app_timer2.o
                0x000000000001a432                app_timer_stop
 *fill*         0x000000000001a43e        0x2 
 .text.app_timer_cnt_get
                0x000000000001a440        0xc Output/ble_app_uart_pca10040e_s112 Release/Obj/app_timer2.o
                0x000000000001a440                app_timer_cnt_get
 .text.rtc_irq  0x000000000001a44c      0x194 Output/ble_app_uart_pca10040e_s112 Release/Obj/app_timer2.o
 .text.nrf_drv_uart_rx.constprop.0
                0x000000000001a5e0       0x28 Output/ble_app_uart_pca10040e_s112 Release/Obj/app_uart_fifo.o
 .text.nrf_drv_uart_tx.constprop.2
                0x000000000001a608       0x28 Output/ble_app_uart_pca10040e_s112 Release/Obj/app_uart_fifo.o
 .text.uart_event_handler
                0x000000000001a630       0xa0 Output/ble_app_uart_pca10040e_s112 Release/Obj/app_uart_fifo.o
 .text.app_uart_init
                0x000000000001a6d0       0xb0 Output/ble_app_uart_pca10040e_s112 Release/Obj/app_uart_fifo.o
                0x000000000001a6d0                app_uart_init
 .text.app_uart_get
                0x000000000001a780       0x34 Output/ble_app_uart_pca10040e_s112 Release/Obj/app_uart_fifo.o
                0x000000000001a780                app_uart_get
 .text.app_uart_put
                0x000000000001a7b4       0x50 Output/ble_app_uart_pca10040e_s112 Release/Obj/app_uart_fifo.o
                0x000000000001a7b4                app_uart_put
 .text.app_util_critical_region_enter
                0x000000000001a804       0x48 Output/ble_app_uart_pca10040e_s112 Release/Obj/app_util_platform.o
                0x000000000001a804                app_util_critical_region_enter
 .text.app_util_critical_region_exit
                0x000000000001a84c       0x2c Output/ble_app_uart_pca10040e_s112 Release/Obj/app_util_platform.o
                0x000000000001a84c                app_util_critical_region_exit
 .text.evt_pending.isra.3
                0x000000000001a878       0x1a Output/ble_app_uart_pca10040e_s112 Release/Obj/drv_rtc.o
 *fill*         0x000000000001a892        0x2 
 .text.drv_rtc_init
                0x000000000001a894       0xac Output/ble_app_uart_pca10040e_s112 Release/Obj/drv_rtc.o
                0x000000000001a894                drv_rtc_init
 .text.drv_rtc_start
                0x000000000001a940        0x8 Output/ble_app_uart_pca10040e_s112 Release/Obj/drv_rtc.o
                0x000000000001a940                drv_rtc_start
 .text.drv_rtc_stop
                0x000000000001a948        0x8 Output/ble_app_uart_pca10040e_s112 Release/Obj/drv_rtc.o
                0x000000000001a948                drv_rtc_stop
 .text.drv_rtc_compare_set
                0x000000000001a950       0x3e Output/ble_app_uart_pca10040e_s112 Release/Obj/drv_rtc.o
                0x000000000001a950                drv_rtc_compare_set
 *fill*         0x000000000001a98e        0x2 
 .text.drv_rtc_windowed_compare_set
                0x000000000001a990       0xe8 Output/ble_app_uart_pca10040e_s112 Release/Obj/drv_rtc.o
                0x000000000001a990                drv_rtc_windowed_compare_set
 .text.drv_rtc_overflow_enable
                0x000000000001aa78       0x10 Output/ble_app_uart_pca10040e_s112 Release/Obj/drv_rtc.o
                0x000000000001aa78                drv_rtc_overflow_enable
 .text.drv_rtc_overflow_pending
                0x000000000001aa88        0xa Output/ble_app_uart_pca10040e_s112 Release/Obj/drv_rtc.o
                0x000000000001aa88                drv_rtc_overflow_pending
 .text.drv_rtc_compare_disable
                0x000000000001aa92       0x14 Output/ble_app_uart_pca10040e_s112 Release/Obj/drv_rtc.o
                0x000000000001aa92                drv_rtc_compare_disable
 .text.drv_rtc_compare_pending
                0x000000000001aaa6        0xc Output/ble_app_uart_pca10040e_s112 Release/Obj/drv_rtc.o
                0x000000000001aaa6                drv_rtc_compare_pending
 .text.drv_rtc_counter_get
                0x000000000001aab2        0x8 Output/ble_app_uart_pca10040e_s112 Release/Obj/drv_rtc.o
                0x000000000001aab2                drv_rtc_counter_get
 *fill*         0x000000000001aaba        0x2 
 .text.drv_rtc_irq_trigger
                0x000000000001aabc       0x20 Output/ble_app_uart_pca10040e_s112 Release/Obj/drv_rtc.o
                0x000000000001aabc                drv_rtc_irq_trigger
 .text.RTC1_IRQHandler
                0x000000000001aadc       0x14 Output/ble_app_uart_pca10040e_s112 Release/Obj/drv_rtc.o
                0x000000000001aadc                RTC1_IRQHandler
 .text.nrf_atfifo_init
                0x000000000001aaf0       0x26 Output/ble_app_uart_pca10040e_s112 Release/Obj/nrf_atfifo.o
                0x000000000001aaf0                nrf_atfifo_init
 .text.nrf_atfifo_item_alloc
                0x000000000001ab16       0x54 Output/ble_app_uart_pca10040e_s112 Release/Obj/nrf_atfifo.o
                0x000000000001ab16                nrf_atfifo_item_alloc
 .text.nrf_atfifo_item_put
                0x000000000001ab6a       0x20 Output/ble_app_uart_pca10040e_s112 Release/Obj/nrf_atfifo.o
                0x000000000001ab6a                nrf_atfifo_item_put
 .text.nrf_atfifo_item_get
                0x000000000001ab8a       0x56 Output/ble_app_uart_pca10040e_s112 Release/Obj/nrf_atfifo.o
                0x000000000001ab8a                nrf_atfifo_item_get
 .text.nrf_atfifo_item_free
                0x000000000001abe0       0x20 Output/ble_app_uart_pca10040e_s112 Release/Obj/nrf_atfifo.o
                0x000000000001abe0                nrf_atfifo_item_free
 .text.nrf_atflags_set
                0x000000000001ac00       0x12 Output/ble_app_uart_pca10040e_s112 Release/Obj/nrf_atflags.o
                0x000000000001ac00                nrf_atflags_set
 .text.nrf_atflags_clear
                0x000000000001ac12       0x14 Output/ble_app_uart_pca10040e_s112 Release/Obj/nrf_atflags.o
                0x000000000001ac12                nrf_atflags_clear
 .text.nrf_atflags_get
                0x000000000001ac26       0x12 Output/ble_app_uart_pca10040e_s112 Release/Obj/nrf_atflags.o
                0x000000000001ac26                nrf_atflags_get
 .text.nrf_atomic_u32_fetch_store
                0x000000000001ac38       0x14 Output/ble_app_uart_pca10040e_s112 Release/Obj/nrf_atomic.o
                0x000000000001ac38                nrf_atomic_u32_fetch_store
 .text.nrf_atomic_u32_or
                0x000000000001ac4c       0x16 Output/ble_app_uart_pca10040e_s112 Release/Obj/nrf_atomic.o
                0x000000000001ac4c                nrf_atomic_u32_or
 .text.nrf_atomic_u32_fetch_and
                0x000000000001ac62       0x16 Output/ble_app_uart_pca10040e_s112 Release/Obj/nrf_atomic.o
                0x000000000001ac62                nrf_atomic_u32_fetch_and
 .text.nrf_atomic_u32_and
                0x000000000001ac78       0x16 Output/ble_app_uart_pca10040e_s112 Release/Obj/nrf_atomic.o
                0x000000000001ac78                nrf_atomic_u32_and
 .text.nrf_atomic_u32_add
                0x000000000001ac8e       0x16 Output/ble_app_uart_pca10040e_s112 Release/Obj/nrf_atomic.o
                0x000000000001ac8e                nrf_atomic_u32_add
 .text.nrf_atomic_u32_sub
                0x000000000001aca4       0x16 Output/ble_app_uart_pca10040e_s112 Release/Obj/nrf_atomic.o
                0x000000000001aca4                nrf_atomic_u32_sub
 .text.nrf_atomic_flag_set
                0x000000000001acba        0x6 Output/ble_app_uart_pca10040e_s112 Release/Obj/nrf_atomic.o
                0x000000000001acba                nrf_atomic_flag_set
 .text.nrf_atomic_flag_clear_fetch
                0x000000000001acc0        0x6 Output/ble_app_uart_pca10040e_s112 Release/Obj/nrf_atomic.o
                0x000000000001acc0                nrf_atomic_flag_clear_fetch
 .text.nrf_balloc_init
                0x000000000001acc6       0x2e Output/ble_app_uart_pca10040e_s112 Release/Obj/nrf_balloc.o
                0x000000000001acc6                nrf_balloc_init
 .text.nrf_balloc_alloc
                0x000000000001acf4       0x48 Output/ble_app_uart_pca10040e_s112 Release/Obj/nrf_balloc.o
                0x000000000001acf4                nrf_balloc_alloc
 .text.nrf_balloc_free
                0x000000000001ad3c       0x34 Output/ble_app_uart_pca10040e_s112 Release/Obj/nrf_balloc.o
                0x000000000001ad3c                nrf_balloc_free
 .text.nrf_fprintf_buffer_flush
                0x000000000001ad70       0x16 Output/ble_app_uart_pca10040e_s112 Release/Obj/nrf_fprintf.o
                0x000000000001ad70                nrf_fprintf_buffer_flush
 .text.nrf_fprintf
                0x000000000001ad86       0x1c Output/ble_app_uart_pca10040e_s112 Release/Obj/nrf_fprintf.o
                0x000000000001ad86                nrf_fprintf
 .text.buffer_add
                0x000000000001ada2       0x2e Output/ble_app_uart_pca10040e_s112 Release/Obj/nrf_fprintf_format.o
 .text.unsigned_print
                0x000000000001add0       0xb0 Output/ble_app_uart_pca10040e_s112 Release/Obj/nrf_fprintf_format.o
 .text.nrf_fprintf_fmt
                0x000000000001ae80      0x276 Output/ble_app_uart_pca10040e_s112 Release/Obj/nrf_fprintf_format.o
                0x000000000001ae80                nrf_fprintf_fmt
 .text.memobj_op
                0x000000000001b0f6       0x82 Output/ble_app_uart_pca10040e_s112 Release/Obj/nrf_memobj.o
 .text.nrf_memobj_pool_init
                0x000000000001b178        0x4 Output/ble_app_uart_pca10040e_s112 Release/Obj/nrf_memobj.o
                0x000000000001b178                nrf_memobj_pool_init
 .text.nrf_memobj_free
                0x000000000001b17c       0x2c Output/ble_app_uart_pca10040e_s112 Release/Obj/nrf_memobj.o
                0x000000000001b17c                nrf_memobj_free
 .text.nrf_memobj_alloc
                0x000000000001b1a8       0x5e Output/ble_app_uart_pca10040e_s112 Release/Obj/nrf_memobj.o
                0x000000000001b1a8                nrf_memobj_alloc
 .text.nrf_memobj_get
                0x000000000001b206        0x8 Output/ble_app_uart_pca10040e_s112 Release/Obj/nrf_memobj.o
                0x000000000001b206                nrf_memobj_get
 .text.nrf_memobj_put
                0x000000000001b20e       0x1e Output/ble_app_uart_pca10040e_s112 Release/Obj/nrf_memobj.o
                0x000000000001b20e                nrf_memobj_put
 .text.nrf_memobj_write
                0x000000000001b22c       0x14 Output/ble_app_uart_pca10040e_s112 Release/Obj/nrf_memobj.o
                0x000000000001b22c                nrf_memobj_write
 .text.nrf_memobj_read
                0x000000000001b240       0x14 Output/ble_app_uart_pca10040e_s112 Release/Obj/nrf_memobj.o
                0x000000000001b240                nrf_memobj_read
 .text.sd_app_evt_wait
                0x000000000001b254        0x4 Output/ble_app_uart_pca10040e_s112 Release/Obj/nrf_pwr_mgmt.o
 .text.nrf_pwr_mgmt_init
                0x000000000001b258       0x2c Output/ble_app_uart_pca10040e_s112 Release/Obj/nrf_pwr_mgmt.o
                0x000000000001b258                nrf_pwr_mgmt_init
 .text.nrf_pwr_mgmt_run
                0x000000000001b284       0x18 Output/ble_app_uart_pca10040e_s112 Release/Obj/nrf_pwr_mgmt.o
                0x000000000001b284                nrf_pwr_mgmt_run
 .text.nrf_ringbuf_init
                0x000000000001b29c       0x12 Output/ble_app_uart_pca10040e_s112 Release/Obj/nrf_ringbuf.o
                0x000000000001b29c                nrf_ringbuf_init
 .text.nrf_section_iter_init
                0x000000000001b2ae       0x14 Output/ble_app_uart_pca10040e_s112 Release/Obj/nrf_section_iter.o
                0x000000000001b2ae                nrf_section_iter_init
 .text.nrf_section_iter_next
                0x000000000001b2c2       0x18 Output/ble_app_uart_pca10040e_s112 Release/Obj/nrf_section_iter.o
                0x000000000001b2c2                nrf_section_iter_next
 .text.nrf_sortlist_add
                0x000000000001b2da       0x20 Output/ble_app_uart_pca10040e_s112 Release/Obj/nrf_sortlist.o
                0x000000000001b2da                nrf_sortlist_add
 .text.nrf_sortlist_pop
                0x000000000001b2fa        0xc Output/ble_app_uart_pca10040e_s112 Release/Obj/nrf_sortlist.o
                0x000000000001b2fa                nrf_sortlist_pop
 .text.nrf_sortlist_peek
                0x000000000001b306        0x6 Output/ble_app_uart_pca10040e_s112 Release/Obj/nrf_sortlist.o
                0x000000000001b306                nrf_sortlist_peek
 .text.nrf_sortlist_remove
                0x000000000001b30c       0x1a Output/ble_app_uart_pca10040e_s112 Release/Obj/nrf_sortlist.o
                0x000000000001b30c                nrf_sortlist_remove
 *fill*         0x000000000001b326        0x2 
 .text.nrf_strerror_find
                0x000000000001b328       0x3c Output/ble_app_uart_pca10040e_s112 Release/Obj/nrf_strerror.o
                0x000000000001b328                nrf_strerror_find
 .text.nrf_strerror_get
                0x000000000001b364       0x14 Output/ble_app_uart_pca10040e_s112 Release/Obj/nrf_strerror.o
                0x000000000001b364                nrf_strerror_get
 .text.errata_12
                0x000000000001b378       0x40 Output/ble_app_uart_pca10040e_s112 Release/Obj/system_nrf52810.o
 .text.errata_16
                0x000000000001b3b8       0x34 Output/ble_app_uart_pca10040e_s112 Release/Obj/system_nrf52810.o
 .text.errata_31
                0x000000000001b3ec       0x54 Output/ble_app_uart_pca10040e_s112 Release/Obj/system_nrf52810.o
 .text.SystemInit
                0x000000000001b440      0x28c Output/ble_app_uart_pca10040e_s112 Release/Obj/system_nrf52810.o
                0x000000000001b440                SystemInit
 .text.bsp_board_led_state_get
                0x000000000001b6cc       0x1c Output/ble_app_uart_pca10040e_s112 Release/Obj/boards.o
                0x000000000001b6cc                bsp_board_led_state_get
 .text.bsp_board_led_on
                0x000000000001b6e8       0x18 Output/ble_app_uart_pca10040e_s112 Release/Obj/boards.o
                0x000000000001b6e8                bsp_board_led_on
 .text.bsp_board_led_off
                0x000000000001b700       0x18 Output/ble_app_uart_pca10040e_s112 Release/Obj/boards.o
                0x000000000001b700                bsp_board_led_off
 .text.bsp_board_leds_off
                0x000000000001b718       0x1e Output/ble_app_uart_pca10040e_s112 Release/Obj/boards.o
                0x000000000001b718                bsp_board_leds_off
 .text.bsp_board_leds_on
                0x000000000001b736       0x1e Output/ble_app_uart_pca10040e_s112 Release/Obj/boards.o
                0x000000000001b736                bsp_board_leds_on
 .text.bsp_board_led_invert
                0x000000000001b754       0x24 Output/ble_app_uart_pca10040e_s112 Release/Obj/boards.o
                0x000000000001b754                bsp_board_led_invert
 .text.bsp_board_button_state_get
                0x000000000001b778       0x1c Output/ble_app_uart_pca10040e_s112 Release/Obj/boards.o
                0x000000000001b778                bsp_board_button_state_get
 .text.bsp_board_pin_to_button_idx
                0x000000000001b794       0x24 Output/ble_app_uart_pca10040e_s112 Release/Obj/boards.o
                0x000000000001b794                bsp_board_pin_to_button_idx
 .text.bsp_board_button_idx_to_pin
                0x000000000001b7b8        0xc Output/ble_app_uart_pca10040e_s112 Release/Obj/boards.o
                0x000000000001b7b8                bsp_board_button_idx_to_pin
 .text.bsp_board_init
                0x000000000001b7c4       0x3e Output/ble_app_uart_pca10040e_s112 Release/Obj/boards.o
                0x000000000001b7c4                bsp_board_init
 *fill*         0x000000000001b802        0x2 
 .text.clock_clk_started_notify
                0x000000000001b804       0x24 Output/ble_app_uart_pca10040e_s112 Release/Obj/nrf_drv_clock.o
 .text.clock_irq_handler
                0x000000000001b828       0x1c Output/ble_app_uart_pca10040e_s112 Release/Obj/nrf_drv_clock.o
 .text.soc_evt_handler
                0x000000000001b844       0x14 Output/ble_app_uart_pca10040e_s112 Release/Obj/nrf_drv_clock.o
 .text.nrf_drv_clock_init
                0x000000000001b858       0x38 Output/ble_app_uart_pca10040e_s112 Release/Obj/nrf_drv_clock.o
                0x000000000001b858                nrf_drv_clock_init
 .text.nrf_drv_clock_lfclk_release
                0x000000000001b890       0x34 Output/ble_app_uart_pca10040e_s112 Release/Obj/nrf_drv_clock.o
                0x000000000001b890                nrf_drv_clock_lfclk_release
 .text.sd_state_evt_handler
                0x000000000001b8c4       0x58 Output/ble_app_uart_pca10040e_s112 Release/Obj/nrf_drv_clock.o
 .text.uarte_evt_handler
                0x000000000001b91c       0x34 Output/ble_app_uart_pca10040e_s112 Release/Obj/nrf_drv_uart.o
 .text.uart_evt_handler
                0x000000000001b950       0x34 Output/ble_app_uart_pca10040e_s112 Release/Obj/nrf_drv_uart.o
 .text.nrf_drv_uart_init
                0x000000000001b984       0x78 Output/ble_app_uart_pca10040e_s112 Release/Obj/nrf_drv_uart.o
                0x000000000001b984                nrf_drv_uart_init
 .text.nrfx_clock_init
                0x000000000001b9fc       0x18 Output/ble_app_uart_pca10040e_s112 Release/Obj/nrfx_clock.o
                0x000000000001b9fc                nrfx_clock_init
 .text.nrfx_clock_enable
                0x000000000001ba14       0x24 Output/ble_app_uart_pca10040e_s112 Release/Obj/nrfx_clock.o
                0x000000000001ba14                nrfx_clock_enable
 .text.nrfx_clock_lfclk_stop
                0x000000000001ba38       0x18 Output/ble_app_uart_pca10040e_s112 Release/Obj/nrfx_clock.o
                0x000000000001ba38                nrfx_clock_lfclk_stop
 .text.POWER_CLOCK_IRQHandler
                0x000000000001ba50       0x64 Output/ble_app_uart_pca10040e_s112 Release/Obj/nrfx_clock.o
                0x000000000001ba50                POWER_CLOCK_IRQHandler
 .text.nrf_gpiote_event_clear
                0x000000000001bab4       0x18 Output/ble_app_uart_pca10040e_s112 Release/Obj/nrfx_gpiote.o
 .text.nrf_gpio_cfg_sense_set
                0x000000000001bacc       0x20 Output/ble_app_uart_pca10040e_s112 Release/Obj/nrfx_gpiote.o
 .text.channel_free
                0x000000000001baec       0x1c Output/ble_app_uart_pca10040e_s112 Release/Obj/nrfx_gpiote.o
 .text.nrfx_gpiote_init
                0x000000000001bb08       0x70 Output/ble_app_uart_pca10040e_s112 Release/Obj/nrfx_gpiote.o
                0x000000000001bb08                nrfx_gpiote_init
 .text.nrfx_gpiote_is_init
                0x000000000001bb78       0x14 Output/ble_app_uart_pca10040e_s112 Release/Obj/nrfx_gpiote.o
                0x000000000001bb78                nrfx_gpiote_is_init
 .text.nrfx_gpiote_in_init
                0x000000000001bb8c       0xe8 Output/ble_app_uart_pca10040e_s112 Release/Obj/nrfx_gpiote.o
                0x000000000001bb8c                nrfx_gpiote_in_init
 .text.nrfx_gpiote_in_event_enable
                0x000000000001bc74       0x88 Output/ble_app_uart_pca10040e_s112 Release/Obj/nrfx_gpiote.o
                0x000000000001bc74                nrfx_gpiote_in_event_enable
 .text.nrfx_gpiote_in_is_set
                0x000000000001bcfc       0x12 Output/ble_app_uart_pca10040e_s112 Release/Obj/nrfx_gpiote.o
                0x000000000001bcfc                nrfx_gpiote_in_is_set
 *fill*         0x000000000001bd0e        0x2 
 .text.GPIOTE_IRQHandler
                0x000000000001bd10      0x184 Output/ble_app_uart_pca10040e_s112 Release/Obj/nrfx_gpiote.o
                0x000000000001bd10                GPIOTE_IRQHandler
 .text.UARTE0_UART0_IRQHandler
                0x000000000001be94        0xc Output/ble_app_uart_pca10040e_s112 Release/Obj/nrfx_prs.o
                0x000000000001be94                UARTE0_UART0_IRQHandler
 .text.nrfx_prs_acquire
                0x000000000001bea0       0x44 Output/ble_app_uart_pca10040e_s112 Release/Obj/nrfx_prs.o
                0x000000000001bea0                nrfx_prs_acquire
 .text.nrf_uart_event_clear
                0x000000000001bee4       0x10 Output/ble_app_uart_pca10040e_s112 Release/Obj/nrfx_uart.o
 .text.tx_byte  0x000000000001bef4       0x1e Output/ble_app_uart_pca10040e_s112 Release/Obj/nrfx_uart.o
 .text.rx_enable.isra.5
                0x000000000001bf12       0x20 Output/ble_app_uart_pca10040e_s112 Release/Obj/nrfx_uart.o
 .text.rx_byte  0x000000000001bf32       0x2c Output/ble_app_uart_pca10040e_s112 Release/Obj/nrfx_uart.o
 *fill*         0x000000000001bf5e        0x2 
 .text.rx_done_event.constprop.8
                0x000000000001bf60       0x20 Output/ble_app_uart_pca10040e_s112 Release/Obj/nrfx_uart.o
 .text.nrfx_uart_0_irq_handler
                0x000000000001bf80      0x140 Output/ble_app_uart_pca10040e_s112 Release/Obj/nrfx_uart.o
                0x000000000001bf80                nrfx_uart_0_irq_handler
 .text.nrfx_uart_init
                0x000000000001c0c0      0x174 Output/ble_app_uart_pca10040e_s112 Release/Obj/nrfx_uart.o
                0x000000000001c0c0                nrfx_uart_init
 .text.nrfx_uart_tx
                0x000000000001c234       0x94 Output/ble_app_uart_pca10040e_s112 Release/Obj/nrfx_uart.o
                0x000000000001c234                nrfx_uart_tx
 .text.nrfx_uart_tx_in_progress
                0x000000000001c2c8       0x18 Output/ble_app_uart_pca10040e_s112 Release/Obj/nrfx_uart.o
                0x000000000001c2c8                nrfx_uart_tx_in_progress
 .text.nrfx_uart_rx
                0x000000000001c2e0       0xf0 Output/ble_app_uart_pca10040e_s112 Release/Obj/nrfx_uart.o
                0x000000000001c2e0                nrfx_uart_rx
 .text.nrf_uarte_event_clear
                0x000000000001c3d0       0x10 Output/ble_app_uart_pca10040e_s112 Release/Obj/nrfx_uarte.o
 .text.rx_done_event.constprop.7
                0x000000000001c3e0       0x20 Output/ble_app_uart_pca10040e_s112 Release/Obj/nrfx_uarte.o
 .text.nrfx_uarte_0_irq_handler
                0x000000000001c400      0x120 Output/ble_app_uart_pca10040e_s112 Release/Obj/nrfx_uarte.o
                0x000000000001c400                nrfx_uarte_0_irq_handler
 .text.nrfx_uarte_init
                0x000000000001c520      0x18c Output/ble_app_uart_pca10040e_s112 Release/Obj/nrfx_uarte.o
                0x000000000001c520                nrfx_uarte_init
 .text.nrfx_uarte_tx
                0x000000000001c6ac       0x90 Output/ble_app_uart_pca10040e_s112 Release/Obj/nrfx_uarte.o
                0x000000000001c6ac                nrfx_uarte_tx
 .text.nrfx_uarte_tx_in_progress
                0x000000000001c73c       0x18 Output/ble_app_uart_pca10040e_s112 Release/Obj/nrfx_uarte.o
                0x000000000001c73c                nrfx_uarte_tx_in_progress
 .text.nrfx_uarte_rx
                0x000000000001c754       0xd8 Output/ble_app_uart_pca10040e_s112 Release/Obj/nrfx_uarte.o
                0x000000000001c754                nrfx_uarte_rx
 .text.nrf_pwm_event_clear
                0x000000000001c82c       0x10 Output/ble_app_uart_pca10040e_s112 Release/Obj/nrfx_pwm.o
 .text.start_playback.isra.2
                0x000000000001c83c       0x4c Output/ble_app_uart_pca10040e_s112 Release/Obj/nrfx_pwm.o
 .text.nrfx_pwm_init
                0x000000000001c888      0x13c Output/ble_app_uart_pca10040e_s112 Release/Obj/nrfx_pwm.o
                0x000000000001c888                nrfx_pwm_init
 .text.nrfx_pwm_simple_playback
                0x000000000001c9c4       0x74 Output/ble_app_uart_pca10040e_s112 Release/Obj/nrfx_pwm.o
                0x000000000001c9c4                nrfx_pwm_simple_playback
 .text.PWM0_IRQHandler
                0x000000000001ca38       0x90 Output/ble_app_uart_pca10040e_s112 Release/Obj/nrfx_pwm.o
                0x000000000001ca38                PWM0_IRQHandler
 .text.alert_timer_handler
                0x000000000001cac8        0x6 Output/ble_app_uart_pca10040e_s112 Release/Obj/bsp.o
 *fill*         0x000000000001cace        0x2 
 .text.bsp_button_event_handler
                0x000000000001cad0       0x9c Output/ble_app_uart_pca10040e_s112 Release/Obj/bsp.o
 .text.button_timer_handler
                0x000000000001cb6c        0x8 Output/ble_app_uart_pca10040e_s112 Release/Obj/bsp.o
 .text.leds_off
                0x000000000001cb74       0x2c Output/ble_app_uart_pca10040e_s112 Release/Obj/bsp.o
 .text.bsp_led_indication
                0x000000000001cba0      0x204 Output/ble_app_uart_pca10040e_s112 Release/Obj/bsp.o
 .text.leds_timer_handler
                0x000000000001cda4       0x1c Output/ble_app_uart_pca10040e_s112 Release/Obj/bsp.o
 .text.bsp_button_is_pressed
                0x000000000001cdc0        0xc Output/ble_app_uart_pca10040e_s112 Release/Obj/bsp.o
                0x000000000001cdc0                bsp_button_is_pressed
 .text.bsp_indication_set
                0x000000000001cdcc       0x18 Output/ble_app_uart_pca10040e_s112 Release/Obj/bsp.o
                0x000000000001cdcc                bsp_indication_set
 .text.bsp_init
                0x000000000001cde4       0x9c Output/ble_app_uart_pca10040e_s112 Release/Obj/bsp.o
                0x000000000001cde4                bsp_init
 .text.bsp_event_to_button_action_assign
                0x000000000001ce80       0x4c Output/ble_app_uart_pca10040e_s112 Release/Obj/bsp.o
                0x000000000001ce80                bsp_event_to_button_action_assign
 .text.bsp_wakeup_button_enable
                0x000000000001cecc       0x30 Output/ble_app_uart_pca10040e_s112 Release/Obj/bsp.o
                0x000000000001cecc                bsp_wakeup_button_enable
 .text.advertising_buttons_configure
                0x000000000001cefc       0x36 Output/ble_app_uart_pca10040e_s112 Release/Obj/bsp_btn_ble.o
 *fill*         0x000000000001cf32        0x2 
 .text.ble_evt_handler
                0x000000000001cf34       0x80 Output/ble_app_uart_pca10040e_s112 Release/Obj/bsp_btn_ble.o
 .text.bsp_btn_ble_sleep_mode_prepare
                0x000000000001cfb4       0x1e Output/ble_app_uart_pca10040e_s112 Release/Obj/bsp_btn_ble.o
                0x000000000001cfb4                bsp_btn_ble_sleep_mode_prepare
 *fill*         0x000000000001cfd2        0x2 
 .text.bsp_btn_ble_init
                0x000000000001cfd4       0x40 Output/ble_app_uart_pca10040e_s112 Release/Obj/bsp_btn_ble.o
                0x000000000001cfd4                bsp_btn_ble_init
 .text.sd_ble_gap_disconnect
                0x000000000001d014        0x4 Output/ble_app_uart_pca10040e_s112 Release/Obj/main.o
 .text.sd_ble_gap_ppcp_set
                0x000000000001d018        0x4 Output/ble_app_uart_pca10040e_s112 Release/Obj/main.o
 .text.sd_ble_gap_device_name_set
                0x000000000001d01c        0x4 Output/ble_app_uart_pca10040e_s112 Release/Obj/main.o
 .text.sd_ble_gap_sec_params_reply
                0x000000000001d020        0x4 Output/ble_app_uart_pca10040e_s112 Release/Obj/main.o
 .text.sd_ble_gap_phy_update
                0x000000000001d024        0x4 Output/ble_app_uart_pca10040e_s112 Release/Obj/main.o
 .text.sd_ble_gatts_sys_attr_set
                0x000000000001d028        0x4 Output/ble_app_uart_pca10040e_s112 Release/Obj/main.o
 .text.sd_power_system_off
                0x000000000001d02c        0x4 Output/ble_app_uart_pca10040e_s112 Release/Obj/main.o
 .text.nrf_qwr_error_handler
                0x000000000001d030        0xc Output/ble_app_uart_pca10040e_s112 Release/Obj/main.o
 .text.conn_params_error_handler
                0x000000000001d03c       0x10 Output/ble_app_uart_pca10040e_s112 Release/Obj/main.o
 .text.gatt_evt_handler
                0x000000000001d04c       0x64 Output/ble_app_uart_pca10040e_s112 Release/Obj/main.o
                0x000000000001d04c                gatt_evt_handler
 .text.sleep_mode_enter
                0x000000000001d0b0       0x40 Output/ble_app_uart_pca10040e_s112 Release/Obj/main.o
 .text.led_blinking_handler
                0x000000000001d0f0       0x5c Output/ble_app_uart_pca10040e_s112 Release/Obj/main.o
 .text.ble_evt_handler
                0x000000000001d14c      0x12c Output/ble_app_uart_pca10040e_s112 Release/Obj/main.o
 .text.on_conn_params_evt
                0x000000000001d278       0x2c Output/ble_app_uart_pca10040e_s112 Release/Obj/main.o
 .text.bsp_event_handler
                0x000000000001d2a4       0x64 Output/ble_app_uart_pca10040e_s112 Release/Obj/main.o
                0x000000000001d2a4                bsp_event_handler
 .text.on_adv_evt
                0x000000000001d308       0x2c Output/ble_app_uart_pca10040e_s112 Release/Obj/main.o
 .text.uart_event_handle
                0x000000000001d334       0xd4 Output/ble_app_uart_pca10040e_s112 Release/Obj/main.o
                0x000000000001d334                uart_event_handle
 .text.nus_data_handler
                0x000000000001d408       0x94 Output/ble_app_uart_pca10040e_s112 Release/Obj/main.o
 .text.gatt_init
                0x000000000001d49c       0x3c Output/ble_app_uart_pca10040e_s112 Release/Obj/main.o
                0x000000000001d49c                gatt_init
 .text.startup.main
                0x000000000001d4d8      0x2b4 Output/ble_app_uart_pca10040e_s112 Release/Obj/main.o
                0x000000000001d4d8                main
 .text.pwm_handler
                0x000000000001d78c       0x10 Output/ble_app_uart_pca10040e_s112 Release/Obj/drv_ws2812.o
                0x000000000001d78c                pwm_handler
 .text.drv_ws2812_init
                0x000000000001d79c       0x54 Output/ble_app_uart_pca10040e_s112 Release/Obj/drv_ws2812.o
                0x000000000001d79c                drv_ws2812_init
 .text.drv_ws2812_display
                0x000000000001d7f0       0x78 Output/ble_app_uart_pca10040e_s112 Release/Obj/drv_ws2812.o
                0x000000000001d7f0                drv_ws2812_display
 .text.drv_ws2812_pixel_draw
                0x000000000001d868       0x34 Output/ble_app_uart_pca10040e_s112 Release/Obj/drv_ws2812.o
                0x000000000001d868                drv_ws2812_pixel_draw
 .text._GetAvailWriteSpace
                0x000000000001d89c       0x1c Output/ble_app_uart_pca10040e_s112 Release/Obj/SEGGER_RTT.o
 .text._WriteNoCheck
                0x000000000001d8b8       0x34 Output/ble_app_uart_pca10040e_s112 Release/Obj/SEGGER_RTT.o
 .text._WriteBlocking
                0x000000000001d8ec       0x52 Output/ble_app_uart_pca10040e_s112 Release/Obj/SEGGER_RTT.o
 *fill*         0x000000000001d93e        0x2 
 .text._DoInit  0x000000000001d940       0x60 Output/ble_app_uart_pca10040e_s112 Release/Obj/SEGGER_RTT.o
 .text.SEGGER_RTT_WriteNoLock
                0x000000000001d9a0       0x68 Output/ble_app_uart_pca10040e_s112 Release/Obj/SEGGER_RTT.o
                0x000000000001d9a0                SEGGER_RTT_WriteNoLock
 .text.SEGGER_RTT_Init
                0x000000000001da08        0x4 Output/ble_app_uart_pca10040e_s112 Release/Obj/SEGGER_RTT.o
                0x000000000001da08                SEGGER_RTT_Init
 .text.sd_ble_gap_addr_get
                0x000000000001da0c        0x4 Output/ble_app_uart_pca10040e_s112 Release/Obj/ble_advdata.o
 .text.sd_ble_gap_appearance_get
                0x000000000001da10        0x4 Output/ble_app_uart_pca10040e_s112 Release/Obj/ble_advdata.o
 .text.sd_ble_gap_device_name_get
                0x000000000001da14        0x4 Output/ble_app_uart_pca10040e_s112 Release/Obj/ble_advdata.o
 .text.sd_ble_uuid_encode
                0x000000000001da18        0x4 Output/ble_app_uart_pca10040e_s112 Release/Obj/ble_advdata.o
 .text.uuid_list_sized_encode
                0x000000000001da1c       0xac Output/ble_app_uart_pca10040e_s112 Release/Obj/ble_advdata.o
 .text.uuid_list_encode
                0x000000000001dac8       0x38 Output/ble_app_uart_pca10040e_s112 Release/Obj/ble_advdata.o
 .text.ble_advdata_encode
                0x000000000001db00      0x394 Output/ble_app_uart_pca10040e_s112 Release/Obj/ble_advdata.o
                0x000000000001db00                ble_advdata_encode
 .text.ble_advdata_search
                0x000000000001de94       0x40 Output/ble_app_uart_pca10040e_s112 Release/Obj/ble_advdata.o
                0x000000000001de94                ble_advdata_search
 .text.ble_advdata_parse
                0x000000000001ded4       0x20 Output/ble_app_uart_pca10040e_s112 Release/Obj/ble_advdata.o
                0x000000000001ded4                ble_advdata_parse
 .text.sd_ble_gap_adv_set_configure
                0x000000000001def4        0x4 Output/ble_app_uart_pca10040e_s112 Release/Obj/ble_advertising.o
 .text.sd_ble_gap_adv_start
                0x000000000001def8        0x4 Output/ble_app_uart_pca10040e_s112 Release/Obj/ble_advertising.o
 .text.sd_ble_gap_adv_stop
                0x000000000001defc        0x4 Output/ble_app_uart_pca10040e_s112 Release/Obj/ble_advertising.o
 .text.flags_set
                0x000000000001df00       0x2c Output/ble_app_uart_pca10040e_s112 Release/Obj/ble_advertising.o
 .text.ble_advertising_conn_cfg_tag_set
                0x000000000001df2c        0x6 Output/ble_app_uart_pca10040e_s112 Release/Obj/ble_advertising.o
                0x000000000001df2c                ble_advertising_conn_cfg_tag_set
 .text.ble_advertising_init
                0x000000000001df32       0xe4 Output/ble_app_uart_pca10040e_s112 Release/Obj/ble_advertising.o
                0x000000000001df32                ble_advertising_init
 .text.ble_advertising_start
                0x000000000001e016      0x202 Output/ble_app_uart_pca10040e_s112 Release/Obj/ble_advertising.o
                0x000000000001e016                ble_advertising_start
 .text.ble_advertising_on_ble_evt
                0x000000000001e218       0x6a Output/ble_app_uart_pca10040e_s112 Release/Obj/ble_advertising.o
                0x000000000001e218                ble_advertising_on_ble_evt
 .text.ble_advertising_restart_without_whitelist
                0x000000000001e282       0x3c Output/ble_app_uart_pca10040e_s112 Release/Obj/ble_advertising.o
                0x000000000001e282                ble_advertising_restart_without_whitelist
 .text.sd_ble_gap_conn_param_update
                0x000000000001e2be        0x4 Output/ble_app_uart_pca10040e_s112 Release/Obj/ble_conn_params.o
 .text.sd_ble_gap_disconnect
                0x000000000001e2c2        0x4 Output/ble_app_uart_pca10040e_s112 Release/Obj/ble_conn_params.o
 .text.sd_ble_gap_ppcp_set
                0x000000000001e2c6        0x4 Output/ble_app_uart_pca10040e_s112 Release/Obj/ble_conn_params.o
 .text.sd_ble_gap_ppcp_get
                0x000000000001e2ca        0x4 Output/ble_app_uart_pca10040e_s112 Release/Obj/ble_conn_params.o
 *fill*         0x000000000001e2ce        0x2 
 .text.instance_get
                0x000000000001e2d0       0x14 Output/ble_app_uart_pca10040e_s112 Release/Obj/ble_conn_params.o
 .text.send_error_evt
                0x000000000001e2e4       0x10 Output/ble_app_uart_pca10040e_s112 Release/Obj/ble_conn_params.o
 .text.update_timeout_handler
                0x000000000001e2f4       0x6c Output/ble_app_uart_pca10040e_s112 Release/Obj/ble_conn_params.o
 .text.conn_params_negotiation
                0x000000000001e360       0x48 Output/ble_app_uart_pca10040e_s112 Release/Obj/ble_conn_params.o
 .text.is_conn_params_ok.constprop.3
                0x000000000001e3a8       0x34 Output/ble_app_uart_pca10040e_s112 Release/Obj/ble_conn_params.o
 .text.ble_evt_handler
                0x000000000001e3dc       0xe0 Output/ble_app_uart_pca10040e_s112 Release/Obj/ble_conn_params.o
 .text.ble_conn_params_init
                0x000000000001e4bc       0x74 Output/ble_app_uart_pca10040e_s112 Release/Obj/ble_conn_params.o
                0x000000000001e4bc                ble_conn_params_init
 .text.flag_toggle
                0x000000000001e530        0xa Output/ble_app_uart_pca10040e_s112 Release/Obj/ble_conn_state.o
 .text.conn_handle_list_get
                0x000000000001e53a       0x2e Output/ble_app_uart_pca10040e_s112 Release/Obj/ble_conn_state.o
                0x000000000001e53a                conn_handle_list_get
 .text.ble_evt_handler
                0x000000000001e568      0x10c Output/ble_app_uart_pca10040e_s112 Release/Obj/ble_conn_state.o
 .text.ble_conn_state_valid
                0x000000000001e674       0x14 Output/ble_app_uart_pca10040e_s112 Release/Obj/ble_conn_state.o
                0x000000000001e674                ble_conn_state_valid
 .text.ble_conn_state_conn_idx
                0x000000000001e688       0x12 Output/ble_app_uart_pca10040e_s112 Release/Obj/ble_conn_state.o
                0x000000000001e688                ble_conn_state_conn_idx
 .text.blcm_link_ctx_get
                0x000000000001e69a       0x4e Output/ble_app_uart_pca10040e_s112 Release/Obj/ble_link_ctx_manager.o
                0x000000000001e69a                blcm_link_ctx_get
 .text.sd_ble_gatts_characteristic_add
                0x000000000001e6e8        0x4 Output/ble_app_uart_pca10040e_s112 Release/Obj/ble_srv_common.o
 .text.set_security_req
                0x000000000001e6ec       0x2a Output/ble_app_uart_pca10040e_s112 Release/Obj/ble_srv_common.o
 .text.ble_srv_is_notification_enabled
                0x000000000001e716        0x8 Output/ble_app_uart_pca10040e_s112 Release/Obj/ble_srv_common.o
                0x000000000001e716                ble_srv_is_notification_enabled
 .text.characteristic_add
                0x000000000001e71e      0x148 Output/ble_app_uart_pca10040e_s112 Release/Obj/ble_srv_common.o
                0x000000000001e71e                characteristic_add
 .text.sd_ble_gattc_exchange_mtu_request
                0x000000000001e866        0x4 Output/ble_app_uart_pca10040e_s112 Release/Obj/nrf_ble_gatt.o
 .text.sd_ble_gatts_exchange_mtu_reply
                0x000000000001e86a        0x4 Output/ble_app_uart_pca10040e_s112 Release/Obj/nrf_ble_gatt.o
 .text.nrf_ble_gatt_init
                0x000000000001e86e       0x1e Output/ble_app_uart_pca10040e_s112 Release/Obj/nrf_ble_gatt.o
                0x000000000001e86e                nrf_ble_gatt_init
 .text.nrf_ble_gatt_att_mtu_periph_set
                0x000000000001e88c       0x18 Output/ble_app_uart_pca10040e_s112 Release/Obj/nrf_ble_gatt.o
                0x000000000001e88c                nrf_ble_gatt_att_mtu_periph_set
 .text.nrf_ble_gatt_on_ble_evt
                0x000000000001e8a4      0x1c4 Output/ble_app_uart_pca10040e_s112 Release/Obj/nrf_ble_gatt.o
                0x000000000001e8a4                nrf_ble_gatt_on_ble_evt
 .text.sd_ble_gatts_rw_authorize_reply
                0x000000000001ea68        0x4 Output/ble_app_uart_pca10040e_s112 Release/Obj/nrf_ble_qwr.o
 .text.sd_ble_user_mem_reply
                0x000000000001ea6c        0x4 Output/ble_app_uart_pca10040e_s112 Release/Obj/nrf_ble_qwr.o
 .text.user_mem_reply.part.0
                0x000000000001ea70       0x24 Output/ble_app_uart_pca10040e_s112 Release/Obj/nrf_ble_qwr.o
 .text.nrf_ble_qwr_init
                0x000000000001ea94       0x24 Output/ble_app_uart_pca10040e_s112 Release/Obj/nrf_ble_qwr.o
                0x000000000001ea94                nrf_ble_qwr_init
 .text.nrf_ble_qwr_conn_handle_assign
                0x000000000001eab8       0x16 Output/ble_app_uart_pca10040e_s112 Release/Obj/nrf_ble_qwr.o
                0x000000000001eab8                nrf_ble_qwr_conn_handle_assign
 .text.nrf_ble_qwr_on_ble_evt
                0x000000000001eace       0xa0 Output/ble_app_uart_pca10040e_s112 Release/Obj/nrf_ble_qwr.o
                0x000000000001eace                nrf_ble_qwr_on_ble_evt
 .text.sd_ble_gatts_service_add
                0x000000000001eb6e        0x4 Output/ble_app_uart_pca10040e_s112 Release/Obj/ble_nus.o
 .text.sd_ble_gatts_value_get
                0x000000000001eb72        0x4 Output/ble_app_uart_pca10040e_s112 Release/Obj/ble_nus.o
 .text.sd_ble_gatts_hvx
                0x000000000001eb76        0x4 Output/ble_app_uart_pca10040e_s112 Release/Obj/ble_nus.o
 .text.sd_ble_uuid_vs_add
                0x000000000001eb7a        0x4 Output/ble_app_uart_pca10040e_s112 Release/Obj/ble_nus.o
 .text.ble_nus_on_ble_evt
                0x000000000001eb7e      0x132 Output/ble_app_uart_pca10040e_s112 Release/Obj/ble_nus.o
                0x000000000001eb7e                ble_nus_on_ble_evt
 .text.ble_nus_init
                0x000000000001ecb0       0xec Output/ble_app_uart_pca10040e_s112 Release/Obj/ble_nus.o
                0x000000000001ecb0                ble_nus_init
 .text.ble_nus_data_send
                0x000000000001ed9c       0x66 Output/ble_app_uart_pca10040e_s112 Release/Obj/ble_nus.o
                0x000000000001ed9c                ble_nus_data_send
 .text.sd_softdevice_enable
                0x000000000001ee02        0x4 Output/ble_app_uart_pca10040e_s112 Release/Obj/nrf_sdh.o
 *fill*         0x000000000001ee06        0x2 
 .text.sdh_request_observer_notify
                0x000000000001ee08       0x30 Output/ble_app_uart_pca10040e_s112 Release/Obj/nrf_sdh.o
 .text.sdh_state_observer_notify
                0x000000000001ee38       0x28 Output/ble_app_uart_pca10040e_s112 Release/Obj/nrf_sdh.o
 .text.softdevices_evt_irq_enable
                0x000000000001ee60       0x40 Output/ble_app_uart_pca10040e_s112 Release/Obj/nrf_sdh.o
 .text.nrf_sdh_enable_request
                0x000000000001eea0       0x7c Output/ble_app_uart_pca10040e_s112 Release/Obj/nrf_sdh.o
                0x000000000001eea0                nrf_sdh_enable_request
 .text.nrf_sdh_is_enabled
                0x000000000001ef1c        0xc Output/ble_app_uart_pca10040e_s112 Release/Obj/nrf_sdh.o
                0x000000000001ef1c                nrf_sdh_is_enabled
 .text.nrf_sdh_evts_poll
                0x000000000001ef28       0x28 Output/ble_app_uart_pca10040e_s112 Release/Obj/nrf_sdh.o
                0x000000000001ef28                nrf_sdh_evts_poll
 .text.SWI2_IRQHandler
                0x000000000001ef50        0x4 Output/ble_app_uart_pca10040e_s112 Release/Obj/nrf_sdh.o
                0x000000000001ef50                SWI2_IRQHandler
 .text.sd_ble_enable
                0x000000000001ef54        0x4 Output/ble_app_uart_pca10040e_s112 Release/Obj/nrf_sdh_ble.o
 .text.sd_ble_cfg_set
                0x000000000001ef58        0x4 Output/ble_app_uart_pca10040e_s112 Release/Obj/nrf_sdh_ble.o
 .text.sd_ble_evt_get
                0x000000000001ef5c        0x4 Output/ble_app_uart_pca10040e_s112 Release/Obj/nrf_sdh_ble.o
 .text.nrf_sdh_ble_evts_poll.part.1
                0x000000000001ef60       0x58 Output/ble_app_uart_pca10040e_s112 Release/Obj/nrf_sdh_ble.o
 .text.nrf_sdh_ble_evts_poll
                0x000000000001efb8       0x10 Output/ble_app_uart_pca10040e_s112 Release/Obj/nrf_sdh_ble.o
 .text.nrf_sdh_ble_default_cfg_set
                0x000000000001efc8      0x19c Output/ble_app_uart_pca10040e_s112 Release/Obj/nrf_sdh_ble.o
                0x000000000001efc8                nrf_sdh_ble_default_cfg_set
 .text.nrf_sdh_ble_enable
                0x000000000001f164       0x94 Output/ble_app_uart_pca10040e_s112 Release/Obj/nrf_sdh_ble.o
                0x000000000001f164                nrf_sdh_ble_enable
 .text.sd_evt_get
                0x000000000001f1f8        0x4 Output/ble_app_uart_pca10040e_s112 Release/Obj/nrf_sdh_soc.o
 .text.nrf_sdh_soc_evts_poll
                0x000000000001f1fc       0x44 Output/ble_app_uart_pca10040e_s112 Release/Obj/nrf_sdh_soc.o
 .text.libc.__int64_udivmod
                0x000000000001f240       0xce C:/Program Files/SEGGER/SEGGER Embedded Studio for ARM 4.22/lib/libc_v7em_t_le_eabi.a(libc_asm.o)
                0x000000000001f240                __aeabi_uldivmod
                0x000000000001f240                __int64_udiv
                0x000000000001f240                __udivdi3
                0x000000000001f240                __int64_udivmod
 *fill*         0x000000000001f30e        0x2 
 .text.libc.__RAL_ascii_isctype
                0x000000000001f310       0x1c C:/Program Files/SEGGER/SEGGER Embedded Studio for ARM 4.22/lib/libc_v7em_t_le_eabi.a(libc2.o)
 .text.libc.__RAL_ascii_toupper
                0x000000000001f32c        0xc C:/Program Files/SEGGER/SEGGER Embedded Studio for ARM 4.22/lib/libc_v7em_t_le_eabi.a(libc2.o)
 .text.libc.__RAL_ascii_tolower
                0x000000000001f338        0xc C:/Program Files/SEGGER/SEGGER Embedded Studio for ARM 4.22/lib/libc_v7em_t_le_eabi.a(libc2.o)
 .text.libc.__RAL_ascii_iswctype
                0x000000000001f344       0x1c C:/Program Files/SEGGER/SEGGER Embedded Studio for ARM 4.22/lib/libc_v7em_t_le_eabi.a(libc2.o)
 .text.libc.__RAL_ascii_towupper
                0x000000000001f360        0xc C:/Program Files/SEGGER/SEGGER Embedded Studio for ARM 4.22/lib/libc_v7em_t_le_eabi.a(libc2.o)
 .text.libc.__RAL_ascii_towlower
                0x000000000001f36c        0xc C:/Program Files/SEGGER/SEGGER Embedded Studio for ARM 4.22/lib/libc_v7em_t_le_eabi.a(libc2.o)
 .text.libc.__RAL_ascii_wctomb
                0x000000000001f378        0xe C:/Program Files/SEGGER/SEGGER Embedded Studio for ARM 4.22/lib/libc_v7em_t_le_eabi.a(libc2.o)
                0x000000000001f378                __RAL_ascii_wctomb
 .text.libc.__RAL_ascii_mbtowc
                0x000000000001f386       0x24 C:/Program Files/SEGGER/SEGGER Embedded Studio for ARM 4.22/lib/libc_v7em_t_le_eabi.a(libc2.o)
                0x000000000001f386                __RAL_ascii_mbtowc
 *fill*         0x000000000001f3aa        0x2 
 .text.libc.__RAL_isctype
                0x000000000001f3ac       0x14 C:/Program Files/SEGGER/SEGGER Embedded Studio for ARM 4.22/lib/libc_v7em_t_le_eabi.a(libc2.o)
                0x000000000001f3ac                __RAL_isctype
 .text.libc.isprint
                0x000000000001f3c0        0xa C:/Program Files/SEGGER/SEGGER Embedded Studio for ARM 4.22/lib/libc_v7em_t_le_eabi.a(libc2.o)
                0x000000000001f3c0                isprint
 .text.libc.memcpy
                0x000000000001f3ca       0x52 C:/Program Files/SEGGER/SEGGER Embedded Studio for ARM 4.22/lib/libc_v7em_t_le_eabi.a(libc2_asm.o)
                0x000000000001f3ca                __aeabi_memcpy
                0x000000000001f3ca                memcpy
                0x000000000001f3d6                __aeabi_memcpy8
                0x000000000001f3d6                __aeabi_memcpy4
 .text.libc.memset
                0x000000000001f41c       0x66 C:/Program Files/SEGGER/SEGGER Embedded Studio for ARM 4.22/lib/libc_v7em_t_le_eabi.a(libc2_asm.o)
                0x000000000001f41c                memset
 .text.libc.strcpy
                0x000000000001f482       0x44 C:/Program Files/SEGGER/SEGGER Embedded Studio for ARM 4.22/lib/libc_v7em_t_le_eabi.a(libc2_asm.o)
                0x000000000001f482                strcpy
 .text.libc.strlen
                0x000000000001f4c6       0x60 C:/Program Files/SEGGER/SEGGER Embedded Studio for ARM 4.22/lib/libc_v7em_t_le_eabi.a(libc2_asm.o)
                0x000000000001f4c6                strlen
                0x000000000001f526                __text_end__ = (__text_start__ + SIZEOF (.text))
                0x000000000000613a                __text_size__ = SIZEOF (.text)
                0x000000000001f526                __text_load_end__ = __text_end__

.vfp11_veneer   0x0000000100000000        0x0
 .vfp11_veneer  0x0000000100000000        0x0 linker stubs

.v4_bx          0x0000000100000000        0x0
 .v4_bx         0x0000000100000000        0x0 linker stubs

.iplt           0x0000000100000000        0x0
 .iplt          0x0000000100000000        0x0 Output/ble_app_uart_pca10040e_s112 Release/Obj/thumb_crt0.o
                0x0000000000000001                . = ASSERT (((__text_start__ == __text_end__) || ((__text_end__ - __FLASH_segment_start__) <= __FLASH_segment_size__)), error: .text is too large to fit in FLASH memory segment)
                0x000000000001f528                __sdh_soc_observers_load_start__ = ALIGN (__text_end__, 0x4)

.sdh_soc_observers
                0x000000000001f528        0x8
                0x000000000001f528                __sdh_soc_observers_start__ = .
                0x000000000001f528                __start_sdh_soc_observers = __sdh_soc_observers_start__
 *(SORT_BY_NAME(.sdh_soc_observers*))
 .sdh_soc_observers0
                0x000000000001f528        0x8 Output/ble_app_uart_pca10040e_s112 Release/Obj/nrf_drv_clock.o
                0x000000000001f530                __sdh_soc_observers_end__ = (__sdh_soc_observers_start__ + SIZEOF (.sdh_soc_observers))
                0x0000000000000008                __sdh_soc_observers_size__ = SIZEOF (.sdh_soc_observers)
                0x000000000001f530                __stop_sdh_soc_observers = __sdh_soc_observers_end__
                0x000000000001f530                __sdh_soc_observers_load_end__ = __sdh_soc_observers_end__
                0x0000000000000001                . = ASSERT (((__sdh_soc_observers_start__ == __sdh_soc_observers_end__) || ((__sdh_soc_observers_end__ - __FLASH_segment_start__) <= __FLASH_segment_size__)), error: .sdh_soc_observers is too large to fit in FLASH memory segment)
                0x000000000001f530                __sdh_ble_observers_load_start__ = ALIGN (__sdh_soc_observers_end__, 0x4)

.sdh_ble_observers
                0x000000000001f530       0x40
                0x000000000001f530                __sdh_ble_observers_start__ = .
                0x000000000001f530                __start_sdh_ble_observers = __sdh_ble_observers_start__
 *(SORT_BY_NAME(.sdh_ble_observers*))
 .sdh_ble_observers0
                0x000000000001f530        0x8 Output/ble_app_uart_pca10040e_s112 Release/Obj/ble_conn_state.o
 .sdh_ble_observers1
                0x000000000001f538        0x8 Output/ble_app_uart_pca10040e_s112 Release/Obj/bsp_btn_ble.o
 .sdh_ble_observers1
                0x000000000001f540       0x10 Output/ble_app_uart_pca10040e_s112 Release/Obj/main.o
 .sdh_ble_observers1
                0x000000000001f550        0x8 Output/ble_app_uart_pca10040e_s112 Release/Obj/ble_conn_params.o
 .sdh_ble_observers2
                0x000000000001f558       0x10 Output/ble_app_uart_pca10040e_s112 Release/Obj/main.o
 .sdh_ble_observers3
                0x000000000001f568        0x8 Output/ble_app_uart_pca10040e_s112 Release/Obj/main.o
                0x000000000001f570                __sdh_ble_observers_end__ = (__sdh_ble_observers_start__ + SIZEOF (.sdh_ble_observers))
                0x0000000000000040                __sdh_ble_observers_size__ = SIZEOF (.sdh_ble_observers)
                0x000000000001f570                __stop_sdh_ble_observers = __sdh_ble_observers_end__
                0x000000000001f570                __sdh_ble_observers_load_end__ = __sdh_ble_observers_end__
                0x0000000000000001                . = ASSERT (((__sdh_ble_observers_start__ == __sdh_ble_observers_end__) || ((__sdh_ble_observers_end__ - __FLASH_segment_start__) <= __FLASH_segment_size__)), error: .sdh_ble_observers is too large to fit in FLASH memory segment)
                0x000000000001f570                __pwr_mgmt_data_load_start__ = ALIGN (__sdh_ble_observers_end__, 0x4)

.pwr_mgmt_data  0x000000000001f570        0x0
                0x000000000001f570                __pwr_mgmt_data_start__ = .
                0x000000000001f570                __start_pwr_mgmt_data = __pwr_mgmt_data_start__
 *(SORT_BY_NAME(.pwr_mgmt_data*))
                0x000000000001f570                __pwr_mgmt_data_end__ = (__pwr_mgmt_data_start__ + SIZEOF (.pwr_mgmt_data))
                0x0000000000000000                __pwr_mgmt_data_size__ = SIZEOF (.pwr_mgmt_data)
                0x000000000001f570                __stop_pwr_mgmt_data = __pwr_mgmt_data_end__
                0x000000000001f570                __pwr_mgmt_data_load_end__ = __pwr_mgmt_data_end__
                0x0000000000000001                . = ASSERT (((__pwr_mgmt_data_start__ == __pwr_mgmt_data_end__) || ((__pwr_mgmt_data_end__ - __FLASH_segment_start__) <= __FLASH_segment_size__)), error: .pwr_mgmt_data is too large to fit in FLASH memory segment)
                0x000000000001f570                __sdh_state_observers_load_start__ = ALIGN (__pwr_mgmt_data_end__, 0x4)

.sdh_state_observers
                0x000000000001f570        0x8
                0x000000000001f570                __sdh_state_observers_start__ = .
                0x000000000001f570                __start_sdh_state_observers = __sdh_state_observers_start__
 *(SORT_BY_NAME(.sdh_state_observers*))
 .sdh_state_observers0
                0x000000000001f570        0x8 Output/ble_app_uart_pca10040e_s112 Release/Obj/nrf_drv_clock.o
                0x000000000001f578                __sdh_state_observers_end__ = (__sdh_state_observers_start__ + SIZEOF (.sdh_state_observers))
                0x0000000000000008                __sdh_state_observers_size__ = SIZEOF (.sdh_state_observers)
                0x000000000001f578                __stop_sdh_state_observers = __sdh_state_observers_end__
                0x000000000001f578                __sdh_state_observers_load_end__ = __sdh_state_observers_end__
                0x0000000000000001                . = ASSERT (((__sdh_state_observers_start__ == __sdh_state_observers_end__) || ((__sdh_state_observers_end__ - __FLASH_segment_start__) <= __FLASH_segment_size__)), error: .sdh_state_observers is too large to fit in FLASH memory segment)
                0x000000000001f578                __sdh_stack_observers_load_start__ = ALIGN (__sdh_state_observers_end__, 0x4)

.sdh_stack_observers
                0x000000000001f578       0x10
                0x000000000001f578                __sdh_stack_observers_start__ = .
                0x000000000001f578                __start_sdh_stack_observers = __sdh_stack_observers_start__
 *(SORT_BY_NAME(.sdh_stack_observers*))
 .sdh_stack_observers0
                0x000000000001f578        0x8 Output/ble_app_uart_pca10040e_s112 Release/Obj/nrf_sdh_ble.o
 .sdh_stack_observers0
                0x000000000001f580        0x8 Output/ble_app_uart_pca10040e_s112 Release/Obj/nrf_sdh_soc.o
                0x000000000001f588                __sdh_stack_observers_end__ = (__sdh_stack_observers_start__ + SIZEOF (.sdh_stack_observers))
                0x0000000000000010                __sdh_stack_observers_size__ = SIZEOF (.sdh_stack_observers)
                0x000000000001f588                __stop_sdh_stack_observers = __sdh_stack_observers_end__
                0x000000000001f588                __sdh_stack_observers_load_end__ = __sdh_stack_observers_end__
                0x0000000000000001                . = ASSERT (((__sdh_stack_observers_start__ == __sdh_stack_observers_end__) || ((__sdh_stack_observers_end__ - __FLASH_segment_start__) <= __FLASH_segment_size__)), error: .sdh_stack_observers is too large to fit in FLASH memory segment)
                0x000000000001f588                __sdh_req_observers_load_start__ = ALIGN (__sdh_stack_observers_end__, 0x4)

.sdh_req_observers
                0x000000000001f588        0x0
                0x000000000001f588                __sdh_req_observers_start__ = .
                0x000000000001f588                __start_sdh_req_observers = __sdh_req_observers_start__
 *(SORT_BY_NAME(.sdh_req_observers*))
                0x000000000001f588                __sdh_req_observers_end__ = (__sdh_req_observers_start__ + SIZEOF (.sdh_req_observers))
                0x0000000000000000                __sdh_req_observers_size__ = SIZEOF (.sdh_req_observers)
                0x000000000001f588                __stop_sdh_req_observers = __sdh_req_observers_end__
                0x000000000001f588                __sdh_req_observers_load_end__ = __sdh_req_observers_end__
                0x0000000000000001                . = ASSERT (((__sdh_req_observers_start__ == __sdh_req_observers_end__) || ((__sdh_req_observers_end__ - __FLASH_segment_start__) <= __FLASH_segment_size__)), error: .sdh_req_observers is too large to fit in FLASH memory segment)
                0x000000000001f588                __nrf_queue_load_start__ = ALIGN (__sdh_req_observers_end__, 0x4)

.nrf_queue      0x000000000001f588        0x0
                0x000000000001f588                __nrf_queue_start__ = .
                0x000000000001f588                __start_nrf_queue = __nrf_queue_start__
 *(.nrf_queue*)
                0x000000000001f588                __nrf_queue_end__ = (__nrf_queue_start__ + SIZEOF (.nrf_queue))
                0x0000000000000000                __nrf_queue_size__ = SIZEOF (.nrf_queue)
                0x000000000001f588                __stop_nrf_queue = __nrf_queue_end__
                0x000000000001f588                __nrf_queue_load_end__ = __nrf_queue_end__
                0x0000000000000001                . = ASSERT (((__nrf_queue_start__ == __nrf_queue_end__) || ((__nrf_queue_end__ - __FLASH_segment_start__) <= __FLASH_segment_size__)), error: .nrf_queue is too large to fit in FLASH memory segment)
                0x000000000001f588                __nrf_balloc_load_start__ = ALIGN (__nrf_queue_end__, 0x4)

.nrf_balloc     0x000000000001f588       0x14
                0x000000000001f588                __nrf_balloc_start__ = .
                0x000000000001f588                __start_nrf_balloc = __nrf_balloc_start__
 *(.nrf_balloc*)
 .nrf_balloc    0x000000000001f588       0x14 Output/ble_app_uart_pca10040e_s112 Release/Obj/nrf_log_frontend.o
                0x000000000001f588                log_mempool
                0x000000000001f59c                __nrf_balloc_end__ = (__nrf_balloc_start__ + SIZEOF (.nrf_balloc))
                0x0000000000000014                __nrf_balloc_size__ = SIZEOF (.nrf_balloc)
                0x000000000001f59c                __stop_nrf_balloc = __nrf_balloc_end__
                0x000000000001f59c                __nrf_balloc_load_end__ = __nrf_balloc_end__
                0x0000000000000001                . = ASSERT (((__nrf_balloc_start__ == __nrf_balloc_end__) || ((__nrf_balloc_end__ - __FLASH_segment_start__) <= __FLASH_segment_size__)), error: .nrf_balloc is too large to fit in FLASH memory segment)
                0x000000000001f59c                __cli_command_load_start__ = ALIGN (__nrf_balloc_end__, 0x4)

.cli_command    0x000000000001f59c        0x0
                0x000000000001f59c                __cli_command_start__ = .
                0x000000000001f59c                __start_cli_command = __cli_command_start__
 *(.cli_command*)
                0x000000000001f59c                __cli_command_end__ = (__cli_command_start__ + SIZEOF (.cli_command))
                0x0000000000000000                __cli_command_size__ = SIZEOF (.cli_command)
                0x000000000001f59c                __stop_cli_command = __cli_command_end__
                0x000000000001f59c                __cli_command_load_end__ = __cli_command_end__
                0x0000000000000001                . = ASSERT (((__cli_command_start__ == __cli_command_end__) || ((__cli_command_end__ - __FLASH_segment_start__) <= __FLASH_segment_size__)), error: .cli_command is too large to fit in FLASH memory segment)
                0x000000000001f59c                __crypto_data_load_start__ = ALIGN (__cli_command_end__, 0x4)

.crypto_data    0x000000000001f59c        0x0
                0x000000000001f59c                __crypto_data_start__ = .
                0x000000000001f59c                __start_crypto_data = __crypto_data_start__
 *(SORT_BY_NAME(.crypto_data*))
                0x000000000001f59c                __crypto_data_end__ = (__crypto_data_start__ + SIZEOF (.crypto_data))
                0x0000000000000000                __crypto_data_size__ = SIZEOF (.crypto_data)
                0x000000000001f59c                __stop_crypto_data = __crypto_data_end__
                0x000000000001f59c                __crypto_data_load_end__ = __crypto_data_end__
                0x0000000000000001                . = ASSERT (((__crypto_data_start__ == __crypto_data_end__) || ((__crypto_data_end__ - __FLASH_segment_start__) <= __FLASH_segment_size__)), error: .crypto_data is too large to fit in FLASH memory segment)
                0x000000000001f59c                __log_const_data_load_start__ = ALIGN (__crypto_data_end__, 0x4)

.log_const_data
                0x000000000001f59c       0x88
                0x000000000001f59c                __log_const_data_start__ = .
                0x000000000001f59c                __start_log_const_data = __log_const_data_start__
 *(SORT_BY_NAME(.log_const_data*))
 .log_const_data_CLOCK
                0x000000000001f59c        0x8 Output/ble_app_uart_pca10040e_s112 Release/Obj/nrfx_clock.o
                0x000000000001f59c                m_nrf_log_CLOCK_logs_data_const
 .log_const_data_GPIOTE
                0x000000000001f5a4        0x8 Output/ble_app_uart_pca10040e_s112 Release/Obj/nrfx_gpiote.o
                0x000000000001f5a4                m_nrf_log_GPIOTE_logs_data_const
 .log_const_data_PRS
                0x000000000001f5ac        0x8 Output/ble_app_uart_pca10040e_s112 Release/Obj/nrfx_prs.o
                0x000000000001f5ac                m_nrf_log_PRS_logs_data_const
 .log_const_data_PWM
                0x000000000001f5b4        0x8 Output/ble_app_uart_pca10040e_s112 Release/Obj/nrfx_pwm.o
                0x000000000001f5b4                m_nrf_log_PWM_logs_data_const
 .log_const_data_UART
                0x000000000001f5bc        0x8 Output/ble_app_uart_pca10040e_s112 Release/Obj/nrfx_uart.o
                0x000000000001f5bc                m_nrf_log_UART_logs_data_const
 .log_const_data_UARTE
                0x000000000001f5c4        0x8 Output/ble_app_uart_pca10040e_s112 Release/Obj/nrfx_uarte.o
                0x000000000001f5c4                m_nrf_log_UARTE_logs_data_const
 .log_const_data_app
                0x000000000001f5cc        0x8 Output/ble_app_uart_pca10040e_s112 Release/Obj/nrf_log_frontend.o
                0x000000000001f5cc                m_nrf_log_app_logs_data_const
 .log_const_data_app_button
                0x000000000001f5d4        0x8 Output/ble_app_uart_pca10040e_s112 Release/Obj/app_button.o
                0x000000000001f5d4                m_nrf_log_app_button_logs_data_const
 .log_const_data_app_timer
                0x000000000001f5dc        0x8 Output/ble_app_uart_pca10040e_s112 Release/Obj/app_timer2.o
                0x000000000001f5dc                m_nrf_log_app_timer_logs_data_const
 .log_const_data_ble_nus
                0x000000000001f5e4        0x8 Output/ble_app_uart_pca10040e_s112 Release/Obj/ble_nus.o
                0x000000000001f5e4                m_nrf_log_ble_nus_logs_data_const
 .log_const_data_clock
                0x000000000001f5ec        0x8 Output/ble_app_uart_pca10040e_s112 Release/Obj/nrf_drv_clock.o
                0x000000000001f5ec                m_nrf_log_clock_logs_data_const
 .log_const_data_nrf_ble_gatt
                0x000000000001f5f4        0x8 Output/ble_app_uart_pca10040e_s112 Release/Obj/nrf_ble_gatt.o
                0x000000000001f5f4                m_nrf_log_nrf_ble_gatt_logs_data_const
 .log_const_data_nrf_sdh
                0x000000000001f5fc        0x8 Output/ble_app_uart_pca10040e_s112 Release/Obj/nrf_sdh.o
                0x000000000001f5fc                m_nrf_log_nrf_sdh_logs_data_const
 .log_const_data_nrf_sdh_ble
                0x000000000001f604        0x8 Output/ble_app_uart_pca10040e_s112 Release/Obj/nrf_sdh_ble.o
                0x000000000001f604                m_nrf_log_nrf_sdh_ble_logs_data_const
 .log_const_data_nrf_sdh_soc
                0x000000000001f60c        0x8 Output/ble_app_uart_pca10040e_s112 Release/Obj/nrf_sdh_soc.o
                0x000000000001f60c                m_nrf_log_nrf_sdh_soc_logs_data_const
 .log_const_data_pwr_mgmt
                0x000000000001f614        0x8 Output/ble_app_uart_pca10040e_s112 Release/Obj/nrf_pwr_mgmt.o
                0x000000000001f614                m_nrf_log_pwr_mgmt_logs_data_const
 .log_const_data_sortlist
                0x000000000001f61c        0x8 Output/ble_app_uart_pca10040e_s112 Release/Obj/nrf_sortlist.o
                0x000000000001f61c                m_nrf_log_sortlist_logs_data_const
                0x000000000001f624                __log_const_data_end__ = (__log_const_data_start__ + SIZEOF (.log_const_data))
                0x0000000000000088                __log_const_data_size__ = SIZEOF (.log_const_data)
                0x000000000001f624                __stop_log_const_data = __log_const_data_end__
                0x000000000001f624                __log_const_data_load_end__ = __log_const_data_end__
                0x0000000000000001                . = ASSERT (((__log_const_data_start__ == __log_const_data_end__) || ((__log_const_data_end__ - __FLASH_segment_start__) <= __FLASH_segment_size__)), error: .log_const_data is too large to fit in FLASH memory segment)
                0x000000000001f624                __log_backends_load_start__ = ALIGN (__log_const_data_end__, 0x4)

.log_backends   0x000000000001f624       0x10
                0x000000000001f624                __log_backends_start__ = .
                0x000000000001f624                __start_log_backends = __log_backends_start__
 *(SORT_BY_NAME(.log_backends*))
 .log_backends  0x000000000001f624       0x10 Output/ble_app_uart_pca10040e_s112 Release/Obj/nrf_log_default_backends.o
                0x000000000001f634                __log_backends_end__ = (__log_backends_start__ + SIZEOF (.log_backends))
                0x0000000000000010                __log_backends_size__ = SIZEOF (.log_backends)
                0x000000000001f634                __stop_log_backends = __log_backends_end__
                0x000000000001f634                __log_backends_load_end__ = __log_backends_end__
                0x0000000000000001                . = ASSERT (((__log_backends_start__ == __log_backends_end__) || ((__log_backends_end__ - __FLASH_segment_start__) <= __FLASH_segment_size__)), error: .log_backends is too large to fit in FLASH memory segment)
                0x000000000001f634                __nrf_sections_load_start__ = ALIGN (__log_backends_end__, 0x4)

.nrf_sections   0x000000000001f634        0x0
                0x000000000001f634                __nrf_sections_start__ = .
                0x000000000001f634                __start_nrf_sections = __nrf_sections_start__
 *(.nrf_sections .nrf_sections.*)
                0x000000000001f634                __nrf_sections_end__ = (__nrf_sections_start__ + SIZEOF (.nrf_sections))
                0x0000000000000000                __nrf_sections_size__ = SIZEOF (.nrf_sections)
                0x000000000001f634                __nrf_sections_load_end__ = __nrf_sections_end__
                0x0000000000000001                . = ASSERT (((__nrf_sections_start__ == __nrf_sections_end__) || ((__nrf_sections_end__ - __FLASH_segment_start__) <= __FLASH_segment_size__)), error: .nrf_sections is too large to fit in FLASH memory segment)
                0x000000000001f634                __cli_sorted_cmd_ptrs_load_start__ = ALIGN (__nrf_sections_end__, 0x4)

.cli_sorted_cmd_ptrs
                0x00000000200022c8        0x0 load address 0x000000000001f634
                0x00000000200022c8                __cli_sorted_cmd_ptrs_start__ = .
 *(.cli_sorted_cmd_ptrs*)
                0x00000000200022c8                __cli_sorted_cmd_ptrs_end__ = (__cli_sorted_cmd_ptrs_start__ + SIZEOF (.cli_sorted_cmd_ptrs))
                0x0000000000000000                __cli_sorted_cmd_ptrs_size__ = SIZEOF (.cli_sorted_cmd_ptrs)
                0x000000000001f634                __cli_sorted_cmd_ptrs_load_end__ = (__cli_sorted_cmd_ptrs_load_start__ + SIZEOF (.cli_sorted_cmd_ptrs))
                0x0000000000000001                . = ASSERT (((__cli_sorted_cmd_ptrs_load_start__ == __cli_sorted_cmd_ptrs_load_end__) || ((__cli_sorted_cmd_ptrs_load_end__ - __FLASH_segment_start__) <= __FLASH_segment_size__)), error: .cli_sorted_cmd_ptrs is too large to fit in FLASH memory segment)

.cli_sorted_cmd_ptrs_run
                0x00000000200022c8        0x0
                0x00000000200022c8                __cli_sorted_cmd_ptrs_run_start__ = .
                0x00000000200022c8                __start_cli_sorted_cmd_ptrs = __cli_sorted_cmd_ptrs_run_start__
                0x00000000200022c8                . = MAX ((__cli_sorted_cmd_ptrs_run_start__ + SIZEOF (.cli_sorted_cmd_ptrs)), .)
                0x00000000200022c8                __cli_sorted_cmd_ptrs_run_end__ = (__cli_sorted_cmd_ptrs_run_start__ + SIZEOF (.cli_sorted_cmd_ptrs_run))
                0x0000000000000000                __cli_sorted_cmd_ptrs_run_size__ = SIZEOF (.cli_sorted_cmd_ptrs_run)
                0x00000000200022c8                __stop_cli_sorted_cmd_ptrs = __cli_sorted_cmd_ptrs_run_end__
                0x00000000200022c8                __cli_sorted_cmd_ptrs_run_load_end__ = __cli_sorted_cmd_ptrs_run_end__
                0x0000000000000001                . = ASSERT (((__cli_sorted_cmd_ptrs_run_start__ == __cli_sorted_cmd_ptrs_run_end__) || ((__cli_sorted_cmd_ptrs_run_end__ - __RAM_segment_start__) <= __RAM_segment_size__)), error: .cli_sorted_cmd_ptrs_run is too large to fit in RAM memory segment)
                0x000000000001f634                __fs_data_load_start__ = ALIGN ((__cli_sorted_cmd_ptrs_load_start__ + SIZEOF (.cli_sorted_cmd_ptrs)), 0x4)

.fs_data        0x00000000200022c8        0x0 load address 0x000000000001f634
                0x00000000200022c8                __fs_data_start__ = .
 *(.fs_data*)
                0x00000000200022c8                __fs_data_end__ = (__fs_data_start__ + SIZEOF (.fs_data))
                0x0000000000000000                __fs_data_size__ = SIZEOF (.fs_data)
                0x000000000001f634                __fs_data_load_end__ = (__fs_data_load_start__ + SIZEOF (.fs_data))
                0x0000000000000001                . = ASSERT (((__fs_data_load_start__ == __fs_data_load_end__) || ((__fs_data_load_end__ - __FLASH_segment_start__) <= __FLASH_segment_size__)), error: .fs_data is too large to fit in FLASH memory segment)

.fs_data_run    0x00000000200022c8        0x0
                0x00000000200022c8                __fs_data_run_start__ = .
                0x00000000200022c8                __start_fs_data = __fs_data_run_start__
                0x00000000200022c8                . = MAX ((__fs_data_run_start__ + SIZEOF (.fs_data)), .)
                0x00000000200022c8                __fs_data_run_end__ = (__fs_data_run_start__ + SIZEOF (.fs_data_run))
                0x0000000000000000                __fs_data_run_size__ = SIZEOF (.fs_data_run)
                0x00000000200022c8                __stop_fs_data = __fs_data_run_end__
                0x00000000200022c8                __fs_data_run_load_end__ = __fs_data_run_end__
                0x0000000000000001                . = ASSERT (((__fs_data_run_start__ == __fs_data_run_end__) || ((__fs_data_run_end__ - __RAM_segment_start__) <= __RAM_segment_size__)), error: .fs_data_run is too large to fit in RAM memory segment)
                0x000000000001f634                __log_dynamic_data_load_start__ = ALIGN ((__fs_data_load_start__ + SIZEOF (.fs_data)), 0x4)

.log_dynamic_data
                0x00000000200022c8        0x0 load address 0x000000000001f634
                0x00000000200022c8                __log_dynamic_data_start__ = .
 *(SORT_BY_NAME(.log_dynamic_data*))
                0x00000000200022c8                __log_dynamic_data_end__ = (__log_dynamic_data_start__ + SIZEOF (.log_dynamic_data))
                0x0000000000000000                __log_dynamic_data_size__ = SIZEOF (.log_dynamic_data)
                0x000000000001f634                __log_dynamic_data_load_end__ = (__log_dynamic_data_load_start__ + SIZEOF (.log_dynamic_data))
                0x0000000000000001                . = ASSERT (((__log_dynamic_data_load_start__ == __log_dynamic_data_load_end__) || ((__log_dynamic_data_load_end__ - __FLASH_segment_start__) <= __FLASH_segment_size__)), error: .log_dynamic_data is too large to fit in FLASH memory segment)

.log_dynamic_data_run
                0x00000000200022c8        0x0
                0x00000000200022c8                __log_dynamic_data_run_start__ = .
                0x00000000200022c8                __start_log_dynamic_data = __log_dynamic_data_run_start__
                0x00000000200022c8                . = MAX ((__log_dynamic_data_run_start__ + SIZEOF (.log_dynamic_data)), .)
                0x00000000200022c8                __log_dynamic_data_run_end__ = (__log_dynamic_data_run_start__ + SIZEOF (.log_dynamic_data_run))
                0x0000000000000000                __log_dynamic_data_run_size__ = SIZEOF (.log_dynamic_data_run)
                0x00000000200022c8                __stop_log_dynamic_data = __log_dynamic_data_run_end__
                0x00000000200022c8                __log_dynamic_data_run_load_end__ = __log_dynamic_data_run_end__
                0x0000000000000001                . = ASSERT (((__log_dynamic_data_run_start__ == __log_dynamic_data_run_end__) || ((__log_dynamic_data_run_end__ - __RAM_segment_start__) <= __RAM_segment_size__)), error: .log_dynamic_data_run is too large to fit in RAM memory segment)
                0x000000000001f634                __log_filter_data_load_start__ = ALIGN ((__log_dynamic_data_load_start__ + SIZEOF (.log_dynamic_data)), 0x4)

.log_filter_data
                0x00000000200022c8        0x0 load address 0x000000000001f634
                0x00000000200022c8                __log_filter_data_start__ = .
 *(SORT_BY_NAME(.log_filter_data*))
                0x00000000200022c8                __log_filter_data_end__ = (__log_filter_data_start__ + SIZEOF (.log_filter_data))
                0x0000000000000000                __log_filter_data_size__ = SIZEOF (.log_filter_data)
                0x000000000001f634                __log_filter_data_load_end__ = (__log_filter_data_load_start__ + SIZEOF (.log_filter_data))
                0x0000000000000001                . = ASSERT (((__log_filter_data_load_start__ == __log_filter_data_load_end__) || ((__log_filter_data_load_end__ - __FLASH_segment_start__) <= __FLASH_segment_size__)), error: .log_filter_data is too large to fit in FLASH memory segment)

.log_filter_data_run
                0x00000000200022c8        0x0